Archive member included because of file (symbol)

b:/program files (x86)/atollic/truestudio for arm 5.4.0/armtools/bin/../lib/gcc/arm-atollic-eabi/4.8.3/../../../../arm-atollic-eabi/lib/armv7e-m/fpu\libc_s.a(lib_a-init.o)
                              src\mal\startup.o (__libc_init_array)
b:/program files (x86)/atollic/truestudio for arm 5.4.0/armtools/bin/../lib/gcc/arm-atollic-eabi/4.8.3/../../../../arm-atollic-eabi/lib/armv7e-m/fpu\libc_s.a(lib_a-strlen.o)
                              src\ext\tiny_printf.o (strlen)
b:/program files (x86)/atollic/truestudio for arm 5.4.0/armtools/bin/../lib/gcc/arm-atollic-eabi/4.8.3/../../../../arm-atollic-eabi/lib/armv7e-m/fpu\libc_s.a(lib_a-syscalls.o)
                              src\ext\tiny_printf.o (_write)
b:/program files (x86)/atollic/truestudio for arm 5.4.0/armtools/bin/../lib/gcc/arm-atollic-eabi/4.8.3/../../../../arm-atollic-eabi/lib/armv7e-m/fpu\libc_s.a(lib_a-reent.o)
                              b:/program files (x86)/atollic/truestudio for arm 5.4.0/armtools/bin/../lib/gcc/arm-atollic-eabi/4.8.3/../../../../arm-atollic-eabi/lib/armv7e-m/fpu\libc_s.a(lib_a-syscalls.o) (errno)
b:/program files (x86)/atollic/truestudio for arm 5.4.0/armtools/bin/../lib/gcc/arm-atollic-eabi/4.8.3/../../../../arm-atollic-eabi/lib/armv7e-m/fpu\libc_s.a(lib_a-impure.o)
                              b:/program files (x86)/atollic/truestudio for arm 5.4.0/armtools/bin/../lib/gcc/arm-atollic-eabi/4.8.3/../../../../arm-atollic-eabi/lib/armv7e-m/fpu\libc_s.a(lib_a-reent.o) (_impure_ptr)
b:/program files (x86)/atollic/truestudio for arm 5.4.0/armtools/bin/../lib/gcc/arm-atollic-eabi/4.8.3/../../../../arm-atollic-eabi/lib/armv7e-m/fpu\libc_s.a(lib_a-nano-freer.o)
                              b:/program files (x86)/atollic/truestudio for arm 5.4.0/armtools/bin/../lib/gcc/arm-atollic-eabi/4.8.3/../../../../arm-atollic-eabi/lib/armv7e-m/fpu\libc_s.a(lib_a-reent.o) (_free_r)
b:/program files (x86)/atollic/truestudio for arm 5.4.0/armtools/bin/../lib/gcc/arm-atollic-eabi/4.8.3/../../../../arm-atollic-eabi/lib/armv7e-m/fpu\libc_s.a(lib_a-nano-mallocr.o)
                              b:/program files (x86)/atollic/truestudio for arm 5.4.0/armtools/bin/../lib/gcc/arm-atollic-eabi/4.8.3/../../../../arm-atollic-eabi/lib/armv7e-m/fpu\libc_s.a(lib_a-nano-freer.o) (__malloc_free_list)
b:/program files (x86)/atollic/truestudio for arm 5.4.0/armtools/bin/../lib/gcc/arm-atollic-eabi/4.8.3/../../../../arm-atollic-eabi/lib/armv7e-m/fpu\libc_s.a(lib_a-sbrkr.o)
                              b:/program files (x86)/atollic/truestudio for arm 5.4.0/armtools/bin/../lib/gcc/arm-atollic-eabi/4.8.3/../../../../arm-atollic-eabi/lib/armv7e-m/fpu\libc_s.a(lib_a-nano-mallocr.o) (_sbrk_r)

Allocating common symbols
Common symbol       size              file

errno               0x4               b:/program files (x86)/atollic/truestudio for arm 5.4.0/armtools/bin/../lib/gcc/arm-atollic-eabi/4.8.3/../../../../arm-atollic-eabi/lib/armv7e-m/fpu\libc_s.a(lib_a-reent.o)

Discarded input sections

 .text          0x00000000        0x0 b:/program files (x86)/atollic/truestudio for arm 5.4.0/armtools/bin/../lib/gcc/arm-atollic-eabi/4.8.3/armv7e-m/fpu/crti.o
 .data          0x00000000        0x0 b:/program files (x86)/atollic/truestudio for arm 5.4.0/armtools/bin/../lib/gcc/arm-atollic-eabi/4.8.3/armv7e-m/fpu/crti.o
 .bss           0x00000000        0x0 b:/program files (x86)/atollic/truestudio for arm 5.4.0/armtools/bin/../lib/gcc/arm-atollic-eabi/4.8.3/armv7e-m/fpu/crti.o
 .data          0x00000000        0x4 b:/program files (x86)/atollic/truestudio for arm 5.4.0/armtools/bin/../lib/gcc/arm-atollic-eabi/4.8.3/armv7e-m/fpu/crtbegin.o
 .text          0x00000000        0x0 src\mal\stm32f303vc.o
 .data          0x00000000        0x0 src\mal\stm32f303vc.o
 .bss           0x00000000        0x0 src\mal\stm32f303vc.o
 .rodata._ZN3MAL3CM47SCB_FPUE
                0x00000000        0x4 src\mal\stm32f303vc.o
 .rodata._ZN3MAL3F3C4DMA1E
                0x00000000        0x4 src\mal\stm32f303vc.o
 .rodata._ZN3MAL3F3C8DMA1_CH1E
                0x00000000        0x4 src\mal\stm32f303vc.o
 .rodata._ZN3MAL3F3C8DMA1_CH2E
                0x00000000        0x4 src\mal\stm32f303vc.o
 .rodata._ZN3MAL3F3C8DMA1_CH3E
                0x00000000        0x4 src\mal\stm32f303vc.o
 .rodata._ZN3MAL3F3C8DMA1_CH4E
                0x00000000        0x4 src\mal\stm32f303vc.o
 .rodata._ZN3MAL3F3C8DMA1_CH5E
                0x00000000        0x4 src\mal\stm32f303vc.o
 .rodata._ZN3MAL3F3C8DMA1_CH6E
                0x00000000        0x4 src\mal\stm32f303vc.o
 .rodata._ZN3MAL3F3C8DMA1_CH7E
                0x00000000        0x4 src\mal\stm32f303vc.o
 .rodata._ZN3MAL3F3C4DMA2E
                0x00000000        0x4 src\mal\stm32f303vc.o
 .rodata._ZN3MAL3F3C8DMA2_CH1E
                0x00000000        0x4 src\mal\stm32f303vc.o
 .rodata._ZN3MAL3F3C8DMA2_CH2E
                0x00000000        0x4 src\mal\stm32f303vc.o
 .rodata._ZN3MAL3F3C8DMA2_CH3E
                0x00000000        0x4 src\mal\stm32f303vc.o
 .rodata._ZN3MAL3F3C8DMA2_CH4E
                0x00000000        0x4 src\mal\stm32f303vc.o
 .rodata._ZN3MAL3F3C8DMA2_CH5E
                0x00000000        0x4 src\mal\stm32f303vc.o
 .text          0x00000000       0x14 src\mal\startup.o
 .data          0x00000000        0x0 src\mal\startup.o
 .bss           0x00000000        0x0 src\mal\startup.o
 .text          0x00000000        0x0 src\mal\ivtable.o
 .data          0x00000000        0x0 src\mal\ivtable.o
 .bss           0x00000000        0x0 src\mal\ivtable.o
 .text          0x00000000        0x0 src\hal\rcc.o
 .data          0x00000000        0x0 src\hal\rcc.o
 .bss           0x00000000        0x0 src\hal\rcc.o
 .text._ZN3HAL4RCCM16getHardwareClockEv
                0x00000000       0x10 src\hal\rcc.o
 .rodata._ZN3HAL4RCCML6HSE_ENE
                0x00000000        0x1 src\hal\rcc.o
 .rodata._ZN3HAL4RCCML8HSE_FREQE
                0x00000000        0x4 src\hal\rcc.o
 .rodata._ZN3HAL4RCCML6LSE_ENE
                0x00000000        0x1 src\hal\rcc.o
 .rodata._ZN3HAL4RCCML8LSE_FREQE
                0x00000000        0x4 src\hal\rcc.o
 .text          0x00000000        0x0 src\hal\mcu.o
 .data          0x00000000        0x0 src\hal\mcu.o
 .bss           0x00000000        0x0 src\hal\mcu.o
 .text._ZN3HAL3MCU10delayWhileEPFbvE
                0x00000000       0x48 src\hal\mcu.o
 .text._ZN3HAL3MCU11SuspendTickEv
                0x00000000       0x1c src\hal\mcu.o
 .text._ZN3HAL3MCU10ResumeTickEv
                0x00000000       0x1c src\hal\mcu.o
 .rodata._ZL8maxDelay
                0x00000000        0x4 src\hal\mcu.o
 .rodata._ZL13statusPinPort
                0x00000000        0x4 src\hal\mcu.o
 .rodata._ZL9statusPin
                0x00000000        0x4 src\hal\mcu.o
 .text          0x00000000        0x0 src\hal\gio.o
 .data          0x00000000        0x0 src\hal\gio.o
 .bss           0x00000000        0x0 src\hal\gio.o
 .text._Z7set_bitRVtmm
                0x00000000       0x6c src\hal\gio.o
 .text._Z8set_bit2RVtmm
                0x00000000       0x64 src\hal\gio.o
 .text._ZN3HAL3GIO3setENS0_4PortEm
                0x00000000       0x28 src\hal\gio.o
 .text._ZN3HAL3GIO5resetENS0_4PortEm
                0x00000000       0x28 src\hal\gio.o
 .text._ZN3HAL3GIO7setPortENS0_4PortEt
                0x00000000       0x38 src\hal\gio.o
 .text._ZN3HAL3GIO12configurePinENS0_4PortEmNS0_8DefaultsEm
                0x00000000       0x70 src\hal\gio.o
 .text          0x00000000        0x0 src\hal\eic.o
 .data          0x00000000        0x0 src\hal\eic.o
 .bss           0x00000000        0x0 src\hal\eic.o
 .text.HAL_EIC_HardFault_Handler
                0x00000000        0x8 src\hal\eic.o
 .text.HAL_EIC_MemManage_Handler
                0x00000000        0x8 src\hal\eic.o
 .text.HAL_EIC_BusFault_Handler
                0x00000000        0x8 src\hal\eic.o
 .text.HAL_EIC_UsageFault_Handler
                0x00000000        0x8 src\hal\eic.o
 .text.HAL_EIC_SVC_Handler
                0x00000000        0xc src\hal\eic.o
 .text.HAL_EIC_DebugMon_Handler
                0x00000000        0xc src\hal\eic.o
 .text.HAL_EIC_PendSV_Handler
                0x00000000        0xc src\hal\eic.o
 .text          0x00000000        0x0 src\hal\dma.o
 .data          0x00000000        0x0 src\hal\dma.o
 .bss           0x00000000        0x0 src\hal\dma.o
 .text._ZN3HAL3DMAL5startERVN3MAL3F3C13DMA_CHANNEL_tEPvS6_m
                0x00000000       0x44 src\hal\dma.o
 .text._ZN3HAL3DMAL18getClearM2MChannelEv
                0x00000000       0x54 src\hal\dma.o
 .text._ZN3HAL3DMA8startM2MEPvS1_m
                0x00000000       0x48 src\hal\dma.o
 .text._ZN3HAL3DMA11startM2M_32EPvS1_m
                0x00000000       0x48 src\hal\dma.o
 .rodata._ZN3HAL3DMAL15memToMemPrimaryE
                0x00000000        0x4 src\hal\dma.o
 .rodata._ZN3HAL3DMAL17memToMemSecondaryE
                0x00000000        0x4 src\hal\dma.o
 .data._ZN3HAL3DMAL22memToMemConfigControl8E
                0x00000000        0x4 src\hal\dma.o
 .data._ZN3HAL3DMAL23memToMemConfigControl32E
                0x00000000        0x4 src\hal\dma.o
 .debug_info    0x00000000      0x515 src\hal\dma.o
 .debug_abbrev  0x00000000      0x206 src\hal\dma.o
 .debug_aranges
                0x00000000       0x38 src\hal\dma.o
 .debug_ranges  0x00000000       0x28 src\hal\dma.o
 .debug_line    0x00000000      0x1f9 src\hal\dma.o
 .debug_str     0x00000000      0x3f1 src\hal\dma.o
 .comment       0x00000000       0x83 src\hal\dma.o
 .ARM.attributes
                0x00000000       0x39 src\hal\dma.o
 .debug_frame   0x00000000       0x88 src\hal\dma.o
 .text          0x00000000        0x0 src\ext\tiny_printf.o
 .data          0x00000000        0x0 src\ext\tiny_printf.o
 .bss           0x00000000        0x0 src\ext\tiny_printf.o
 .text.ts_itoa  0x00000000       0x90 src\ext\tiny_printf.o
 .text.ts_formatstring
                0x00000000      0x134 src\ext\tiny_printf.o
 .text.ts_formatlength
                0x00000000      0x12c src\ext\tiny_printf.o
 .text.siprintf
                0x00000000       0x2c src\ext\tiny_printf.o
 .text.fiprintf
                0x00000000       0x9c src\ext\tiny_printf.o
 .text.iprintf  0x00000000       0x94 src\ext\tiny_printf.o
 .rodata        0x00000000        0x4 src\ext\tiny_printf.o
 .text.fputs    0x00000000       0x68 src\ext\tiny_printf.o
 .text.puts     0x00000000       0x58 src\ext\tiny_printf.o
 .text.fwrite   0x00000000       0x38 src\ext\tiny_printf.o
 .debug_info    0x00000000      0xbc9 src\ext\tiny_printf.o
 .debug_abbrev  0x00000000      0x248 src\ext\tiny_printf.o
 .debug_aranges
                0x00000000       0x60 src\ext\tiny_printf.o
 .debug_ranges  0x00000000       0x50 src\ext\tiny_printf.o
 .debug_line    0x00000000      0x2d3 src\ext\tiny_printf.o
 .debug_str     0x00000000      0x612 src\ext\tiny_printf.o
 .comment       0x00000000       0x83 src\ext\tiny_printf.o
 .ARM.attributes
                0x00000000       0x39 src\ext\tiny_printf.o
 .debug_frame   0x00000000      0x154 src\ext\tiny_printf.o
 .text          0x00000000        0x0 src\asl\adm.o
 .data          0x00000000        0x0 src\asl\adm.o
 .bss           0x00000000        0x0 src\asl\adm.o
 .text._ZN3ASL3ADM7ChannelC2Eim
                0x00000000       0x28 src\asl\adm.o
 .text._ZN3ASL3ADM7Channel9configureENS0_9OperationEml
                0x00000000       0x1c src\asl\adm.o
 .text._ZN3ASL3ADM7Channel12getOperationEv
                0x00000000       0x18 src\asl\adm.o
 .text._ZN3ASL3ADM7Channel13getMultiplierEv
                0x00000000       0x18 src\asl\adm.o
 .text._ZN3ASL3ADM7Channel11getConstantEv
                0x00000000       0x18 src\asl\adm.o
 .text._ZN3ASL3ADM7Channel9setEnableEb
                0x00000000       0x1c src\asl\adm.o
 .text._ZN3ASL3ADM7Channel9getEnableEv
                0x00000000       0x18 src\asl\adm.o
 .text._ZN3ASL3ADM7Channel8getValueEv
                0x00000000       0x18 src\asl\adm.o
 .text._ZN3ASL3ADM9setSampleERNS0_7ChannelEm
                0x00000000       0x14 src\asl\adm.o
 .text._ZN3ASL3ADM15configureModuleEv
                0x00000000        0xc src\asl\adm.o
 .text._ZN3ASL3ADM13getChannelRefEmm
                0x00000000       0x18 src\asl\adm.o
 .debug_info    0x00000000      0x4ed src\asl\adm.o
 .debug_abbrev  0x00000000      0x246 src\asl\adm.o
 .debug_aranges
                0x00000000       0x70 src\asl\adm.o
 .debug_ranges  0x00000000       0x60 src\asl\adm.o
 .debug_line    0x00000000      0x24e src\asl\adm.o
 .debug_str     0x00000000      0x472 src\asl\adm.o
 .comment       0x00000000       0x83 src\asl\adm.o
 .ARM.attributes
                0x00000000       0x39 src\asl\adm.o
 .debug_frame   0x00000000      0x140 src\asl\adm.o
 .text          0x00000000        0x0 src\apl\main.o
 .data          0x00000000        0x0 src\apl\main.o
 .bss           0x00000000        0x0 src\apl\main.o
 .text          0x00000000        0x0 b:/program files (x86)/atollic/truestudio for arm 5.4.0/armtools/bin/../lib/gcc/arm-atollic-eabi/4.8.3/../../../../arm-atollic-eabi/lib/armv7e-m/fpu\libc_s.a(lib_a-init.o)
 .data          0x00000000        0x0 b:/program files (x86)/atollic/truestudio for arm 5.4.0/armtools/bin/../lib/gcc/arm-atollic-eabi/4.8.3/../../../../arm-atollic-eabi/lib/armv7e-m/fpu\libc_s.a(lib_a-init.o)
 .bss           0x00000000        0x0 b:/program files (x86)/atollic/truestudio for arm 5.4.0/armtools/bin/../lib/gcc/arm-atollic-eabi/4.8.3/../../../../arm-atollic-eabi/lib/armv7e-m/fpu\libc_s.a(lib_a-init.o)
 .text          0x00000000        0x0 b:/program files (x86)/atollic/truestudio for arm 5.4.0/armtools/bin/../lib/gcc/arm-atollic-eabi/4.8.3/../../../../arm-atollic-eabi/lib/armv7e-m/fpu\libc_s.a(lib_a-strlen.o)
 .data          0x00000000        0x0 b:/program files (x86)/atollic/truestudio for arm 5.4.0/armtools/bin/../lib/gcc/arm-atollic-eabi/4.8.3/../../../../arm-atollic-eabi/lib/armv7e-m/fpu\libc_s.a(lib_a-strlen.o)
 .bss           0x00000000        0x0 b:/program files (x86)/atollic/truestudio for arm 5.4.0/armtools/bin/../lib/gcc/arm-atollic-eabi/4.8.3/../../../../arm-atollic-eabi/lib/armv7e-m/fpu\libc_s.a(lib_a-strlen.o)
 .text.strlen   0x00000000       0x10 b:/program files (x86)/atollic/truestudio for arm 5.4.0/armtools/bin/../lib/gcc/arm-atollic-eabi/4.8.3/../../../../arm-atollic-eabi/lib/armv7e-m/fpu\libc_s.a(lib_a-strlen.o)
 .ARM.attributes
                0x00000000       0x34 b:/program files (x86)/atollic/truestudio for arm 5.4.0/armtools/bin/../lib/gcc/arm-atollic-eabi/4.8.3/../../../../arm-atollic-eabi/lib/armv7e-m/fpu\libc_s.a(lib_a-strlen.o)
 .debug_frame   0x00000000       0x20 b:/program files (x86)/atollic/truestudio for arm 5.4.0/armtools/bin/../lib/gcc/arm-atollic-eabi/4.8.3/../../../../arm-atollic-eabi/lib/armv7e-m/fpu\libc_s.a(lib_a-strlen.o)
 .text          0x00000000        0x0 b:/program files (x86)/atollic/truestudio for arm 5.4.0/armtools/bin/../lib/gcc/arm-atollic-eabi/4.8.3/../../../../arm-atollic-eabi/lib/armv7e-m/fpu\libc_s.a(lib_a-syscalls.o)
 .data          0x00000000        0x0 b:/program files (x86)/atollic/truestudio for arm 5.4.0/armtools/bin/../lib/gcc/arm-atollic-eabi/4.8.3/../../../../arm-atollic-eabi/lib/armv7e-m/fpu\libc_s.a(lib_a-syscalls.o)
 .bss           0x00000000        0x0 b:/program files (x86)/atollic/truestudio for arm 5.4.0/armtools/bin/../lib/gcc/arm-atollic-eabi/4.8.3/../../../../arm-atollic-eabi/lib/armv7e-m/fpu\libc_s.a(lib_a-syscalls.o)
 .text.initialise_monitor_handles
                0x00000000        0x2 b:/program files (x86)/atollic/truestudio for arm 5.4.0/armtools/bin/../lib/gcc/arm-atollic-eabi/4.8.3/../../../../arm-atollic-eabi/lib/armv7e-m/fpu\libc_s.a(lib_a-syscalls.o)
 .text._getpid  0x00000000        0x4 b:/program files (x86)/atollic/truestudio for arm 5.4.0/armtools/bin/../lib/gcc/arm-atollic-eabi/4.8.3/../../../../arm-atollic-eabi/lib/armv7e-m/fpu\libc_s.a(lib_a-syscalls.o)
 .text._kill    0x00000000       0x10 b:/program files (x86)/atollic/truestudio for arm 5.4.0/armtools/bin/../lib/gcc/arm-atollic-eabi/4.8.3/../../../../arm-atollic-eabi/lib/armv7e-m/fpu\libc_s.a(lib_a-syscalls.o)
 .text._exit    0x00000000        0xc b:/program files (x86)/atollic/truestudio for arm 5.4.0/armtools/bin/../lib/gcc/arm-atollic-eabi/4.8.3/../../../../arm-atollic-eabi/lib/armv7e-m/fpu\libc_s.a(lib_a-syscalls.o)
 .text._write   0x00000000        0x4 b:/program files (x86)/atollic/truestudio for arm 5.4.0/armtools/bin/../lib/gcc/arm-atollic-eabi/4.8.3/../../../../arm-atollic-eabi/lib/armv7e-m/fpu\libc_s.a(lib_a-syscalls.o)
 .text._sbrk    0x00000000       0x34 b:/program files (x86)/atollic/truestudio for arm 5.4.0/armtools/bin/../lib/gcc/arm-atollic-eabi/4.8.3/../../../../arm-atollic-eabi/lib/armv7e-m/fpu\libc_s.a(lib_a-syscalls.o)
 .text._close   0x00000000        0x6 b:/program files (x86)/atollic/truestudio for arm 5.4.0/armtools/bin/../lib/gcc/arm-atollic-eabi/4.8.3/../../../../arm-atollic-eabi/lib/armv7e-m/fpu\libc_s.a(lib_a-syscalls.o)
 .text._fstat   0x00000000        0xa b:/program files (x86)/atollic/truestudio for arm 5.4.0/armtools/bin/../lib/gcc/arm-atollic-eabi/4.8.3/../../../../arm-atollic-eabi/lib/armv7e-m/fpu\libc_s.a(lib_a-syscalls.o)
 .text._isatty  0x00000000        0x4 b:/program files (x86)/atollic/truestudio for arm 5.4.0/armtools/bin/../lib/gcc/arm-atollic-eabi/4.8.3/../../../../arm-atollic-eabi/lib/armv7e-m/fpu\libc_s.a(lib_a-syscalls.o)
 .text._lseek   0x00000000        0x4 b:/program files (x86)/atollic/truestudio for arm 5.4.0/armtools/bin/../lib/gcc/arm-atollic-eabi/4.8.3/../../../../arm-atollic-eabi/lib/armv7e-m/fpu\libc_s.a(lib_a-syscalls.o)
 .text._read    0x00000000        0x4 b:/program files (x86)/atollic/truestudio for arm 5.4.0/armtools/bin/../lib/gcc/arm-atollic-eabi/4.8.3/../../../../arm-atollic-eabi/lib/armv7e-m/fpu\libc_s.a(lib_a-syscalls.o)
 .text._open    0x00000000        0xa b:/program files (x86)/atollic/truestudio for arm 5.4.0/armtools/bin/../lib/gcc/arm-atollic-eabi/4.8.3/../../../../arm-atollic-eabi/lib/armv7e-m/fpu\libc_s.a(lib_a-syscalls.o)
 .text._wait    0x00000000       0x10 b:/program files (x86)/atollic/truestudio for arm 5.4.0/armtools/bin/../lib/gcc/arm-atollic-eabi/4.8.3/../../../../arm-atollic-eabi/lib/armv7e-m/fpu\libc_s.a(lib_a-syscalls.o)
 .text._unlink  0x00000000       0x10 b:/program files (x86)/atollic/truestudio for arm 5.4.0/armtools/bin/../lib/gcc/arm-atollic-eabi/4.8.3/../../../../arm-atollic-eabi/lib/armv7e-m/fpu\libc_s.a(lib_a-syscalls.o)
 .text._times   0x00000000        0x6 b:/program files (x86)/atollic/truestudio for arm 5.4.0/armtools/bin/../lib/gcc/arm-atollic-eabi/4.8.3/../../../../arm-atollic-eabi/lib/armv7e-m/fpu\libc_s.a(lib_a-syscalls.o)
 .text._stat    0x00000000        0xa b:/program files (x86)/atollic/truestudio for arm 5.4.0/armtools/bin/../lib/gcc/arm-atollic-eabi/4.8.3/../../../../arm-atollic-eabi/lib/armv7e-m/fpu\libc_s.a(lib_a-syscalls.o)
 .text._link    0x00000000       0x10 b:/program files (x86)/atollic/truestudio for arm 5.4.0/armtools/bin/../lib/gcc/arm-atollic-eabi/4.8.3/../../../../arm-atollic-eabi/lib/armv7e-m/fpu\libc_s.a(lib_a-syscalls.o)
 .text._fork    0x00000000       0x10 b:/program files (x86)/atollic/truestudio for arm 5.4.0/armtools/bin/../lib/gcc/arm-atollic-eabi/4.8.3/../../../../arm-atollic-eabi/lib/armv7e-m/fpu\libc_s.a(lib_a-syscalls.o)
 .text._execve  0x00000000       0x10 b:/program files (x86)/atollic/truestudio for arm 5.4.0/armtools/bin/../lib/gcc/arm-atollic-eabi/4.8.3/../../../../arm-atollic-eabi/lib/armv7e-m/fpu\libc_s.a(lib_a-syscalls.o)
 .data.environ  0x00000000        0x4 b:/program files (x86)/atollic/truestudio for arm 5.4.0/armtools/bin/../lib/gcc/arm-atollic-eabi/4.8.3/../../../../arm-atollic-eabi/lib/armv7e-m/fpu\libc_s.a(lib_a-syscalls.o)
 .bss.__env     0x00000000        0x4 b:/program files (x86)/atollic/truestudio for arm 5.4.0/armtools/bin/../lib/gcc/arm-atollic-eabi/4.8.3/../../../../arm-atollic-eabi/lib/armv7e-m/fpu\libc_s.a(lib_a-syscalls.o)
 .bss.heap_end.5121
                0x00000000        0x4 b:/program files (x86)/atollic/truestudio for arm 5.4.0/armtools/bin/../lib/gcc/arm-atollic-eabi/4.8.3/../../../../arm-atollic-eabi/lib/armv7e-m/fpu\libc_s.a(lib_a-syscalls.o)
 .ARM.attributes
                0x00000000       0x34 b:/program files (x86)/atollic/truestudio for arm 5.4.0/armtools/bin/../lib/gcc/arm-atollic-eabi/4.8.3/../../../../arm-atollic-eabi/lib/armv7e-m/fpu\libc_s.a(lib_a-syscalls.o)
 .debug_frame   0x00000000      0x14c b:/program files (x86)/atollic/truestudio for arm 5.4.0/armtools/bin/../lib/gcc/arm-atollic-eabi/4.8.3/../../../../arm-atollic-eabi/lib/armv7e-m/fpu\libc_s.a(lib_a-syscalls.o)
 .text          0x00000000        0x0 b:/program files (x86)/atollic/truestudio for arm 5.4.0/armtools/bin/../lib/gcc/arm-atollic-eabi/4.8.3/../../../../arm-atollic-eabi/lib/armv7e-m/fpu\libc_s.a(lib_a-reent.o)
 .data          0x00000000        0x0 b:/program files (x86)/atollic/truestudio for arm 5.4.0/armtools/bin/../lib/gcc/arm-atollic-eabi/4.8.3/../../../../arm-atollic-eabi/lib/armv7e-m/fpu\libc_s.a(lib_a-reent.o)
 .bss           0x00000000        0x0 b:/program files (x86)/atollic/truestudio for arm 5.4.0/armtools/bin/../lib/gcc/arm-atollic-eabi/4.8.3/../../../../arm-atollic-eabi/lib/armv7e-m/fpu\libc_s.a(lib_a-reent.o)
 .text.cleanup_glue
                0x00000000       0x1a b:/program files (x86)/atollic/truestudio for arm 5.4.0/armtools/bin/../lib/gcc/arm-atollic-eabi/4.8.3/../../../../arm-atollic-eabi/lib/armv7e-m/fpu\libc_s.a(lib_a-reent.o)
 .text._reclaim_reent
                0x00000000       0xbc b:/program files (x86)/atollic/truestudio for arm 5.4.0/armtools/bin/../lib/gcc/arm-atollic-eabi/4.8.3/../../../../arm-atollic-eabi/lib/armv7e-m/fpu\libc_s.a(lib_a-reent.o)
 .ARM.attributes
                0x00000000       0x34 b:/program files (x86)/atollic/truestudio for arm 5.4.0/armtools/bin/../lib/gcc/arm-atollic-eabi/4.8.3/../../../../arm-atollic-eabi/lib/armv7e-m/fpu\libc_s.a(lib_a-reent.o)
 .debug_frame   0x00000000       0x48 b:/program files (x86)/atollic/truestudio for arm 5.4.0/armtools/bin/../lib/gcc/arm-atollic-eabi/4.8.3/../../../../arm-atollic-eabi/lib/armv7e-m/fpu\libc_s.a(lib_a-reent.o)
 COMMON         0x00000000        0x4 b:/program files (x86)/atollic/truestudio for arm 5.4.0/armtools/bin/../lib/gcc/arm-atollic-eabi/4.8.3/../../../../arm-atollic-eabi/lib/armv7e-m/fpu\libc_s.a(lib_a-reent.o)
 .text          0x00000000        0x0 b:/program files (x86)/atollic/truestudio for arm 5.4.0/armtools/bin/../lib/gcc/arm-atollic-eabi/4.8.3/../../../../arm-atollic-eabi/lib/armv7e-m/fpu\libc_s.a(lib_a-impure.o)
 .data          0x00000000        0x0 b:/program files (x86)/atollic/truestudio for arm 5.4.0/armtools/bin/../lib/gcc/arm-atollic-eabi/4.8.3/../../../../arm-atollic-eabi/lib/armv7e-m/fpu\libc_s.a(lib_a-impure.o)
 .bss           0x00000000        0x0 b:/program files (x86)/atollic/truestudio for arm 5.4.0/armtools/bin/../lib/gcc/arm-atollic-eabi/4.8.3/../../../../arm-atollic-eabi/lib/armv7e-m/fpu\libc_s.a(lib_a-impure.o)
 .data.impure_data
                0x00000000       0x60 b:/program files (x86)/atollic/truestudio for arm 5.4.0/armtools/bin/../lib/gcc/arm-atollic-eabi/4.8.3/../../../../arm-atollic-eabi/lib/armv7e-m/fpu\libc_s.a(lib_a-impure.o)
 .data._impure_ptr
                0x00000000        0x4 b:/program files (x86)/atollic/truestudio for arm 5.4.0/armtools/bin/../lib/gcc/arm-atollic-eabi/4.8.3/../../../../arm-atollic-eabi/lib/armv7e-m/fpu\libc_s.a(lib_a-impure.o)
 .rodata.str1.1
                0x00000000        0x2 b:/program files (x86)/atollic/truestudio for arm 5.4.0/armtools/bin/../lib/gcc/arm-atollic-eabi/4.8.3/../../../../arm-atollic-eabi/lib/armv7e-m/fpu\libc_s.a(lib_a-impure.o)
 .rodata._global_impure_ptr
                0x00000000        0x4 b:/program files (x86)/atollic/truestudio for arm 5.4.0/armtools/bin/../lib/gcc/arm-atollic-eabi/4.8.3/../../../../arm-atollic-eabi/lib/armv7e-m/fpu\libc_s.a(lib_a-impure.o)
 .ARM.attributes
                0x00000000       0x34 b:/program files (x86)/atollic/truestudio for arm 5.4.0/armtools/bin/../lib/gcc/arm-atollic-eabi/4.8.3/../../../../arm-atollic-eabi/lib/armv7e-m/fpu\libc_s.a(lib_a-impure.o)
 .text          0x00000000        0x0 b:/program files (x86)/atollic/truestudio for arm 5.4.0/armtools/bin/../lib/gcc/arm-atollic-eabi/4.8.3/../../../../arm-atollic-eabi/lib/armv7e-m/fpu\libc_s.a(lib_a-nano-freer.o)
 .data          0x00000000        0x0 b:/program files (x86)/atollic/truestudio for arm 5.4.0/armtools/bin/../lib/gcc/arm-atollic-eabi/4.8.3/../../../../arm-atollic-eabi/lib/armv7e-m/fpu\libc_s.a(lib_a-nano-freer.o)
 .bss           0x00000000        0x0 b:/program files (x86)/atollic/truestudio for arm 5.4.0/armtools/bin/../lib/gcc/arm-atollic-eabi/4.8.3/../../../../arm-atollic-eabi/lib/armv7e-m/fpu\libc_s.a(lib_a-nano-freer.o)
 .text._free_r  0x00000000       0x88 b:/program files (x86)/atollic/truestudio for arm 5.4.0/armtools/bin/../lib/gcc/arm-atollic-eabi/4.8.3/../../../../arm-atollic-eabi/lib/armv7e-m/fpu\libc_s.a(lib_a-nano-freer.o)
 .ARM.attributes
                0x00000000       0x34 b:/program files (x86)/atollic/truestudio for arm 5.4.0/armtools/bin/../lib/gcc/arm-atollic-eabi/4.8.3/../../../../arm-atollic-eabi/lib/armv7e-m/fpu\libc_s.a(lib_a-nano-freer.o)
 .debug_frame   0x00000000       0x2c b:/program files (x86)/atollic/truestudio for arm 5.4.0/armtools/bin/../lib/gcc/arm-atollic-eabi/4.8.3/../../../../arm-atollic-eabi/lib/armv7e-m/fpu\libc_s.a(lib_a-nano-freer.o)
 .text          0x00000000        0x0 b:/program files (x86)/atollic/truestudio for arm 5.4.0/armtools/bin/../lib/gcc/arm-atollic-eabi/4.8.3/../../../../arm-atollic-eabi/lib/armv7e-m/fpu\libc_s.a(lib_a-nano-mallocr.o)
 .data          0x00000000        0x0 b:/program files (x86)/atollic/truestudio for arm 5.4.0/armtools/bin/../lib/gcc/arm-atollic-eabi/4.8.3/../../../../arm-atollic-eabi/lib/armv7e-m/fpu\libc_s.a(lib_a-nano-mallocr.o)
 .bss           0x00000000        0x0 b:/program files (x86)/atollic/truestudio for arm 5.4.0/armtools/bin/../lib/gcc/arm-atollic-eabi/4.8.3/../../../../arm-atollic-eabi/lib/armv7e-m/fpu\libc_s.a(lib_a-nano-mallocr.o)
 .text._malloc_r
                0x00000000       0xa8 b:/program files (x86)/atollic/truestudio for arm 5.4.0/armtools/bin/../lib/gcc/arm-atollic-eabi/4.8.3/../../../../arm-atollic-eabi/lib/armv7e-m/fpu\libc_s.a(lib_a-nano-mallocr.o)
 .bss.__malloc_sbrk_start
                0x00000000        0x4 b:/program files (x86)/atollic/truestudio for arm 5.4.0/armtools/bin/../lib/gcc/arm-atollic-eabi/4.8.3/../../../../arm-atollic-eabi/lib/armv7e-m/fpu\libc_s.a(lib_a-nano-mallocr.o)
 .bss.__malloc_free_list
                0x00000000        0x4 b:/program files (x86)/atollic/truestudio for arm 5.4.0/armtools/bin/../lib/gcc/arm-atollic-eabi/4.8.3/../../../../arm-atollic-eabi/lib/armv7e-m/fpu\libc_s.a(lib_a-nano-mallocr.o)
 .ARM.attributes
                0x00000000       0x34 b:/program files (x86)/atollic/truestudio for arm 5.4.0/armtools/bin/../lib/gcc/arm-atollic-eabi/4.8.3/../../../../arm-atollic-eabi/lib/armv7e-m/fpu\libc_s.a(lib_a-nano-mallocr.o)
 .debug_frame   0x00000000       0x2c b:/program files (x86)/atollic/truestudio for arm 5.4.0/armtools/bin/../lib/gcc/arm-atollic-eabi/4.8.3/../../../../arm-atollic-eabi/lib/armv7e-m/fpu\libc_s.a(lib_a-nano-mallocr.o)
 .text          0x00000000        0x0 b:/program files (x86)/atollic/truestudio for arm 5.4.0/armtools/bin/../lib/gcc/arm-atollic-eabi/4.8.3/../../../../arm-atollic-eabi/lib/armv7e-m/fpu\libc_s.a(lib_a-sbrkr.o)
 .data          0x00000000        0x0 b:/program files (x86)/atollic/truestudio for arm 5.4.0/armtools/bin/../lib/gcc/arm-atollic-eabi/4.8.3/../../../../arm-atollic-eabi/lib/armv7e-m/fpu\libc_s.a(lib_a-sbrkr.o)
 .bss           0x00000000        0x0 b:/program files (x86)/atollic/truestudio for arm 5.4.0/armtools/bin/../lib/gcc/arm-atollic-eabi/4.8.3/../../../../arm-atollic-eabi/lib/armv7e-m/fpu\libc_s.a(lib_a-sbrkr.o)
 .text._sbrk_r  0x00000000       0x20 b:/program files (x86)/atollic/truestudio for arm 5.4.0/armtools/bin/../lib/gcc/arm-atollic-eabi/4.8.3/../../../../arm-atollic-eabi/lib/armv7e-m/fpu\libc_s.a(lib_a-sbrkr.o)
 .ARM.attributes
                0x00000000       0x34 b:/program files (x86)/atollic/truestudio for arm 5.4.0/armtools/bin/../lib/gcc/arm-atollic-eabi/4.8.3/../../../../arm-atollic-eabi/lib/armv7e-m/fpu\libc_s.a(lib_a-sbrkr.o)
 .debug_frame   0x00000000       0x2c b:/program files (x86)/atollic/truestudio for arm 5.4.0/armtools/bin/../lib/gcc/arm-atollic-eabi/4.8.3/../../../../arm-atollic-eabi/lib/armv7e-m/fpu\libc_s.a(lib_a-sbrkr.o)
 .text          0x00000000        0x0 b:/program files (x86)/atollic/truestudio for arm 5.4.0/armtools/bin/../lib/gcc/arm-atollic-eabi/4.8.3/armv7e-m/fpu/crtend.o
 .data          0x00000000        0x0 b:/program files (x86)/atollic/truestudio for arm 5.4.0/armtools/bin/../lib/gcc/arm-atollic-eabi/4.8.3/armv7e-m/fpu/crtend.o
 .bss           0x00000000        0x0 b:/program files (x86)/atollic/truestudio for arm 5.4.0/armtools/bin/../lib/gcc/arm-atollic-eabi/4.8.3/armv7e-m/fpu/crtend.o
 .eh_frame      0x00000000        0x4 b:/program files (x86)/atollic/truestudio for arm 5.4.0/armtools/bin/../lib/gcc/arm-atollic-eabi/4.8.3/armv7e-m/fpu/crtend.o
 .ARM.attributes
                0x00000000       0x34 b:/program files (x86)/atollic/truestudio for arm 5.4.0/armtools/bin/../lib/gcc/arm-atollic-eabi/4.8.3/armv7e-m/fpu/crtend.o
 .text          0x00000000        0x0 b:/program files (x86)/atollic/truestudio for arm 5.4.0/armtools/bin/../lib/gcc/arm-atollic-eabi/4.8.3/armv7e-m/fpu/crtn.o
 .data          0x00000000        0x0 b:/program files (x86)/atollic/truestudio for arm 5.4.0/armtools/bin/../lib/gcc/arm-atollic-eabi/4.8.3/armv7e-m/fpu/crtn.o
 .bss           0x00000000        0x0 b:/program files (x86)/atollic/truestudio for arm 5.4.0/armtools/bin/../lib/gcc/arm-atollic-eabi/4.8.3/armv7e-m/fpu/crtn.o

Memory Configuration

Name             Origin             Length             Attributes
FLASH            0x08000000         0x00040000         xr
RAM              0x20000000         0x0000a000         xrw
MEMORY_B1        0x60000000         0x00000000         xr
CCMRAM           0x10000000         0x00002000         rw
*default*        0x00000000         0xffffffff

Linker script and memory map

LOAD b:/program files (x86)/atollic/truestudio for arm 5.4.0/armtools/bin/../lib/gcc/arm-atollic-eabi/4.8.3/armv7e-m/fpu/crti.o
LOAD b:/program files (x86)/atollic/truestudio for arm 5.4.0/armtools/bin/../lib/gcc/arm-atollic-eabi/4.8.3/armv7e-m/fpu/crtbegin.o
LOAD src\mal\stm32f303vc.o
LOAD src\mal\startup.o
LOAD src\mal\ivtable.o
LOAD src\hal\rcc.o
LOAD src\hal\mcu.o
LOAD src\hal\gio.o
LOAD src\hal\eic.o
LOAD src\hal\dma.o
LOAD src\ext\tiny_printf.o
LOAD src\asl\adm.o
LOAD src\apl\main.o
START GROUP
LOAD b:/program files (x86)/atollic/truestudio for arm 5.4.0/armtools/bin/../lib/gcc/arm-atollic-eabi/4.8.3/../../../../arm-atollic-eabi/lib/armv7e-m/fpu\libc_s.a
LOAD b:/program files (x86)/atollic/truestudio for arm 5.4.0/armtools/bin/../lib/gcc/arm-atollic-eabi/4.8.3/../../../../arm-atollic-eabi/lib/armv7e-m/fpu\libstdc++_s.a
LOAD b:/program files (x86)/atollic/truestudio for arm 5.4.0/armtools/bin/../lib/gcc/arm-atollic-eabi/4.8.3/../../../../arm-atollic-eabi/lib/armv7e-m/fpu\libsupc++_s.a
END GROUP
                0x00001000                malloc_getpagesize_P = 0x1000
LOAD b:/program files (x86)/atollic/truestudio for arm 5.4.0/armtools/bin/../lib/gcc/arm-atollic-eabi/4.8.3/../../../../arm-atollic-eabi/lib/armv7e-m/fpu\libstdc++.a
LOAD b:/program files (x86)/atollic/truestudio for arm 5.4.0/armtools/bin/../lib/gcc/arm-atollic-eabi/4.8.3/../../../../arm-atollic-eabi/lib/armv7e-m/fpu\libm.a
START GROUP
LOAD b:/program files (x86)/atollic/truestudio for arm 5.4.0/armtools/bin/../lib/gcc/arm-atollic-eabi/4.8.3/armv7e-m/fpu\libgcc.a
LOAD b:/program files (x86)/atollic/truestudio for arm 5.4.0/armtools/bin/../lib/gcc/arm-atollic-eabi/4.8.3/../../../../arm-atollic-eabi/lib/armv7e-m/fpu\libc.a
END GROUP
LOAD b:/program files (x86)/atollic/truestudio for arm 5.4.0/armtools/bin/../lib/gcc/arm-atollic-eabi/4.8.3/armv7e-m/fpu/crtend.o
LOAD b:/program files (x86)/atollic/truestudio for arm 5.4.0/armtools/bin/../lib/gcc/arm-atollic-eabi/4.8.3/armv7e-m/fpu/crtn.o
                0x2000a000                _estack = 0x2000a000
                0x00000000                _Min_Heap_Size = 0x0
                0x00000200                _Min_Stack_Size = 0x200

.isr_vector     0x08000000      0x188
                0x08000000                . = ALIGN (0x4)
 *(.isr_vector)
 .isr_vector    0x08000000      0x188 src\mal\ivtable.o
                0x08000188                . = ALIGN (0x4)

.text           0x08000188      0x740
                0x08000188                . = ALIGN (0x4)
 *(.text)
 .text          0x08000188       0x40 b:/program files (x86)/atollic/truestudio for arm 5.4.0/armtools/bin/../lib/gcc/arm-atollic-eabi/4.8.3/armv7e-m/fpu/crtbegin.o
 *(.text*)
 .text._Z41__static_initialization_and_destruction_0ii
                0x080001c8       0xa0 src\mal\stm32f303vc.o
 .text._GLOBAL__sub_I__ZN3MAL3CM47SYSTICKE
                0x08000268       0x10 src\mal\stm32f303vc.o
 .text.Reset_Handler
                0x08000278       0x5c src\mal\startup.o
                0x08000278                Reset_Handler
 .text.Default_Handler
                0x080002d4        0x4 src\mal\startup.o
                0x080002d4                Default_Handler
 .text._ZN3HAL4RCCML8isPLLRDYEv
                0x080002d8       0x20 src\hal\rcc.o
 .text._ZN3HAL4RCCML8isHSERDYEv
                0x080002f8       0x20 src\hal\rcc.o
 .text._ZN3HAL4RCCML11isPLLSYSCLKEv
                0x08000318       0x2c src\hal\rcc.o
 .text._ZN3HAL4RCCM14getSystemClockEv
                0x08000344       0x50 src\hal\rcc.o
                0x08000344                HAL::RCCM::getSystemClock()
 .text._ZN3HAL4RCCM10initClocksEv
                0x08000394       0xf4 src\hal\rcc.o
                0x08000394                HAL::RCCM::initClocks()
 .text._ZN3HAL3MCU4initEv
                0x08000488       0x78 src\hal\mcu.o
                0x08000488                HAL::MCU::init()
 .text._ZN3HAL3MCU8getTicksEv
                0x08000500       0x18 src\hal\mcu.o
                0x08000500                HAL::MCU::getTicks()
 .text._ZN3HAL3MCU10delayUntilEPFbvE
                0x08000518       0x50 src\hal\mcu.o
                0x08000518                HAL::MCU::delayUntil(bool (*)())
 .text._ZN3HAL3MCU10delayTicksEm
                0x08000568       0x34 src\hal\mcu.o
                0x08000568                HAL::MCU::delayTicks(unsigned long)
 .text.HAL_MCU_IncrementTicks
                0x0800059c       0x3c src\hal\mcu.o
                0x0800059c                HAL_MCU_IncrementTicks
 .text.SystemInit
                0x080005d8       0x54 src\hal\mcu.o
                0x080005d8                SystemInit
 .text._Z7set_bitRVmmm
                0x0800062c       0x54 src\hal\gio.o
                0x0800062c                set_bit(unsigned long volatile&, unsigned long, unsigned long)
 .text._Z8set_bit2RVmmm
                0x08000680       0x50 src\hal\gio.o
                0x08000680                set_bit2(unsigned long volatile&, unsigned long, unsigned long)
 .text._ZN3HAL3GIO6toggleENS0_4PortEm
                0x080006d0       0x48 src\hal\gio.o
                0x080006d0                HAL::GIO::toggle(HAL::GIO::Port, unsigned long)
 .text._ZN3HAL3GIO12configurePinENS0_4PortEmNS0_4ModeENS0_7PullupsENS0_4TypeENS0_5SpeedEm
                0x08000718       0x74 src\hal\gio.o
                0x08000718                HAL::GIO::configurePin(HAL::GIO::Port, unsigned long, HAL::GIO::Mode, HAL::GIO::Pullups, HAL::GIO::Type, HAL::GIO::Speed, unsigned long)
 .text.HAL_EIC_EXTI0_Handler
                0x0800078c        0x8 src\hal\gio.o
                0x0800078c                HAL_EIC_EXTI0_Handler
 .text._Z41__static_initialization_and_destruction_0ii
                0x08000794       0x70 src\hal\gio.o
 .text._GLOBAL__sub_I__Z7set_bitRVmmm
                0x08000804       0x10 src\hal\gio.o
 .text.HAL_EIC_DefaultInterruptHandler
                0x08000814        0xc src\hal\eic.o
                0x08000814                HAL_EIC_DefaultInterruptHandler
 .text.HAL_EIC_NMI_Handler
                0x08000820        0xc src\hal\eic.o
                0x08000820                HAL_EIC_NMI_Handler
 .text.main     0x0800082c       0x38 src\apl\main.o
                0x0800082c                main
 .text.__libc_init_array
                0x08000864       0x4c b:/program files (x86)/atollic/truestudio for arm 5.4.0/armtools/bin/../lib/gcc/arm-atollic-eabi/4.8.3/../../../../arm-atollic-eabi/lib/armv7e-m/fpu\libc_s.a(lib_a-init.o)
                0x08000864                __libc_init_array
 *(.glue_7)
 .glue_7        0x00000000        0x0 linker stubs
 *(.glue_7t)
 .glue_7t       0x00000000        0x0 linker stubs
 *(.eh_frame)
 .eh_frame      0x080008b0        0x0 b:/program files (x86)/atollic/truestudio for arm 5.4.0/armtools/bin/../lib/gcc/arm-atollic-eabi/4.8.3/armv7e-m/fpu/crtbegin.o
 *(.init)
 .init          0x080008b0        0x4 b:/program files (x86)/atollic/truestudio for arm 5.4.0/armtools/bin/../lib/gcc/arm-atollic-eabi/4.8.3/armv7e-m/fpu/crti.o
                0x080008b0                _init
 .init          0x080008b4        0x8 b:/program files (x86)/atollic/truestudio for arm 5.4.0/armtools/bin/../lib/gcc/arm-atollic-eabi/4.8.3/armv7e-m/fpu/crtn.o
 *(.fini)
 .fini          0x080008bc        0x4 b:/program files (x86)/atollic/truestudio for arm 5.4.0/armtools/bin/../lib/gcc/arm-atollic-eabi/4.8.3/armv7e-m/fpu/crti.o
                0x080008bc                _fini
 .fini          0x080008c0        0x8 b:/program files (x86)/atollic/truestudio for arm 5.4.0/armtools/bin/../lib/gcc/arm-atollic-eabi/4.8.3/armv7e-m/fpu/crtn.o
                0x080008c8                . = ALIGN (0x4)
                0x080008c8                _etext = .

.vfp11_veneer   0x080008c8        0x0
 .vfp11_veneer  0x00000000        0x0 linker stubs

.v4_bx          0x080008c8        0x0
 .v4_bx         0x00000000        0x0 linker stubs

.iplt           0x080008c8        0x0
 .iplt          0x00000000        0x0 b:/program files (x86)/atollic/truestudio for arm 5.4.0/armtools/bin/../lib/gcc/arm-atollic-eabi/4.8.3/armv7e-m/fpu/crtbegin.o

.rodata         0x080008c8       0x2c
                0x080008c8                . = ALIGN (0x4)
 *(.rodata)
 *(.rodata*)
 .rodata._ZN3MAL3CM47SYSTICKE
                0x080008c8        0x4 src\mal\stm32f303vc.o
                0x080008c8                MAL::CM4::SYSTICK
 .rodata._ZN3MAL3CM43SCBE
                0x080008cc        0x4 src\mal\stm32f303vc.o
                0x080008cc                MAL::CM4::SCB
 .rodata._ZN3MAL3CM47SCB_CPAE
                0x080008d0        0x4 src\mal\stm32f303vc.o
                0x080008d0                MAL::CM4::SCB_CPA
 .rodata._ZN3MAL3F3C10GPIO_PORTAE
                0x080008d4        0x4 src\mal\stm32f303vc.o
                0x080008d4                MAL::F3C::GPIO_PORTA
 .rodata._ZN3MAL3F3C10GPIO_PORTBE
                0x080008d8        0x4 src\mal\stm32f303vc.o
                0x080008d8                MAL::F3C::GPIO_PORTB
 .rodata._ZN3MAL3F3C10GPIO_PORTCE
                0x080008dc        0x4 src\mal\stm32f303vc.o
                0x080008dc                MAL::F3C::GPIO_PORTC
 .rodata._ZN3MAL3F3C10GPIO_PORTDE
                0x080008e0        0x4 src\mal\stm32f303vc.o
                0x080008e0                MAL::F3C::GPIO_PORTD
 .rodata._ZN3MAL3F3C10GPIO_PORTEE
                0x080008e4        0x4 src\mal\stm32f303vc.o
                0x080008e4                MAL::F3C::GPIO_PORTE
 .rodata._ZN3MAL3F3C10GPIO_PORTFE
                0x080008e8        0x4 src\mal\stm32f303vc.o
                0x080008e8                MAL::F3C::GPIO_PORTF
 .rodata._ZN3MAL3F3C6RCCMODE
                0x080008ec        0x4 src\mal\stm32f303vc.o
                0x080008ec                MAL::F3C::RCCMOD
 .rodata._ZN3MAL3F3C5FLASHE
                0x080008f0        0x4 src\mal\stm32f303vc.o
                0x080008f0                MAL::F3C::FLASH
                0x080008f4                . = ALIGN (0x4)

.rel.dyn        0x080008f4        0x0
 .rel.iplt      0x00000000        0x0 b:/program files (x86)/atollic/truestudio for arm 5.4.0/armtools/bin/../lib/gcc/arm-atollic-eabi/4.8.3/armv7e-m/fpu/crtbegin.o

.ARM.extab
 *(.ARM.extab* .gnu.linkonce.armextab.*)

.ARM            0x080008f4        0x0
                0x080008f4                __exidx_start = .
 *(.ARM.exidx*)
                0x080008f4                __exidx_end = .

.preinit_array  0x080008f4        0x0
                0x080008f4                PROVIDE (__preinit_array_start, .)
 *(.preinit_array*)
                0x080008f4                PROVIDE (__preinit_array_end, .)

.init_array     0x080008f4        0xc
                0x080008f4                PROVIDE (__init_array_start, .)
 *(SORT(.init_array.*))
 *(.init_array*)
 .init_array    0x080008f4        0x4 b:/program files (x86)/atollic/truestudio for arm 5.4.0/armtools/bin/../lib/gcc/arm-atollic-eabi/4.8.3/armv7e-m/fpu/crtbegin.o
 .init_array    0x080008f8        0x4 src\mal\stm32f303vc.o
 .init_array    0x080008fc        0x4 src\hal\gio.o
                0x08000900                PROVIDE (__init_array_end, .)

.fini_array     0x08000900        0x4
                0x08000900                PROVIDE (__fini_array_start, .)
 *(SORT(.fini_array.*))
 *(.fini_array*)
 .fini_array    0x08000900        0x4 b:/program files (x86)/atollic/truestudio for arm 5.4.0/armtools/bin/../lib/gcc/arm-atollic-eabi/4.8.3/armv7e-m/fpu/crtbegin.o
                0x08000904                PROVIDE (__fini_array_end, .)
                0x08000904                _sidata = LOADADDR (.data)

.data           0x20000000        0x0 load address 0x08000904
                0x20000000                . = ALIGN (0x4)
                0x20000000                _sdata = .
 *(.data)
 *(.data*)
                0x20000000                . = ALIGN (0x4)
                0x20000000                _edata = .
                0x08000904                _siccmram = LOADADDR (.ccmram)

.igot.plt       0x20000000        0x0 load address 0x08000904
 .igot.plt      0x00000000        0x0 b:/program files (x86)/atollic/truestudio for arm 5.4.0/armtools/bin/../lib/gcc/arm-atollic-eabi/4.8.3/armv7e-m/fpu/crtbegin.o

.ccmram         0x10000000        0x0 load address 0x08000904
                0x10000000                . = ALIGN (0x4)
                0x10000000                _sccmram = .
 *(.ccmram)
 *(.ccmram*)
                0x10000000                . = ALIGN (0x4)
                0x10000000                _eccmram = .
                0x10000000                . = ALIGN (0x4)

.bss            0x20000000       0x68
                0x20000000                _sbss = .
                0x20000000                __bss_start__ = _sbss
 *(.bss)
 .bss           0x20000000       0x1c b:/program files (x86)/atollic/truestudio for arm 5.4.0/armtools/bin/../lib/gcc/arm-atollic-eabi/4.8.3/armv7e-m/fpu/crtbegin.o
 *(.bss*)
 .bss._ZN3MAL3F3C12DMA_CHANNELSE
                0x2000001c       0x30 src\mal\stm32f303vc.o
                0x2000001c                MAL::F3C::DMA_CHANNELS
 .bss._ZL13systemTicksMs
                0x2000004c        0x4 src\hal\mcu.o
 .bss._ZL7g_ports
                0x20000050       0x18 src\hal\gio.o
 *(COMMON)
                0x20000068                . = ALIGN (0x4)
                0x20000068                _ebss = .
                0x20000068                __bss_end__ = _ebss

._user_heap_stack
                0x20000068      0x200
                0x20000068                . = ALIGN (0x4)
                0x20000068                PROVIDE (end, .)
                0x20000068                PROVIDE (_end, .)
                0x20000068                . = (. + _Min_Heap_Size)
                0x20000268                . = (. + _Min_Stack_Size)
 *fill*         0x20000068      0x200 
                0x20000268                . = ALIGN (0x4)

.memory_b1_text
 *(.mb1text)
 *(.mb1text*)
 *(.mb1rodata)
 *(.mb1rodata*)

/DISCARD/
 libc.a(*)
 libm.a(*)
 libgcc.a(*)

.ARM.attributes
                0x00000000       0x30
 *(.ARM.attributes)
 .ARM.attributes
                0x00000000       0x22 b:/program files (x86)/atollic/truestudio for arm 5.4.0/armtools/bin/../lib/gcc/arm-atollic-eabi/4.8.3/armv7e-m/fpu/crti.o
 .ARM.attributes
                0x00000022       0x34 b:/program files (x86)/atollic/truestudio for arm 5.4.0/armtools/bin/../lib/gcc/arm-atollic-eabi/4.8.3/armv7e-m/fpu/crtbegin.o
 .ARM.attributes
                0x00000056       0x39 src\mal\stm32f303vc.o
 .ARM.attributes
                0x0000008f       0x21 src\mal\startup.o
 .ARM.attributes
                0x000000b0       0x25 src\mal\ivtable.o
 .ARM.attributes
                0x000000d5       0x39 src\hal\rcc.o
 .ARM.attributes
                0x0000010e       0x39 src\hal\mcu.o
 .ARM.attributes
                0x00000147       0x39 src\hal\gio.o
 .ARM.attributes
                0x00000180       0x39 src\hal\eic.o
 .ARM.attributes
                0x000001b9       0x39 src\apl\main.o
 .ARM.attributes
                0x000001f2       0x34 b:/program files (x86)/atollic/truestudio for arm 5.4.0/armtools/bin/../lib/gcc/arm-atollic-eabi/4.8.3/../../../../arm-atollic-eabi/lib/armv7e-m/fpu\libc_s.a(lib_a-init.o)
 .ARM.attributes
                0x00000226       0x22 b:/program files (x86)/atollic/truestudio for arm 5.4.0/armtools/bin/../lib/gcc/arm-atollic-eabi/4.8.3/armv7e-m/fpu/crtn.o
OUTPUT(HAB3.elf elf32-littlearm)

.debug_info     0x00000000     0x5056
 .debug_info    0x00000000     0x25ce src\mal\stm32f303vc.o
 .debug_info    0x000025ce       0x70 src\mal\startup.o
 .debug_info    0x0000263e     0x10f1 src\hal\rcc.o
 .debug_info    0x0000372f     0x1008 src\hal\mcu.o
 .debug_info    0x00004737      0x71b src\hal\gio.o
 .debug_info    0x00004e52       0xbf src\hal\eic.o
 .debug_info    0x00004f11      0x145 src\apl\main.o

.debug_abbrev   0x00000000      0x8fe
 .debug_abbrev  0x00000000      0x20d src\mal\stm32f303vc.o
 .debug_abbrev  0x0000020d       0x12 src\mal\startup.o
 .debug_abbrev  0x0000021f      0x18b src\hal\rcc.o
 .debug_abbrev  0x000003aa      0x2a3 src\hal\mcu.o
 .debug_abbrev  0x0000064d      0x1f9 src\hal\gio.o
 .debug_abbrev  0x00000846       0x2a src\hal\eic.o
 .debug_abbrev  0x00000870       0x8e src\apl\main.o

.debug_aranges  0x00000000      0x1f8
 .debug_aranges
                0x00000000       0x28 src\mal\stm32f303vc.o
 .debug_aranges
                0x00000028       0x28 src\mal\startup.o
 .debug_aranges
                0x00000050       0x48 src\hal\rcc.o
 .debug_aranges
                0x00000098       0x60 src\hal\mcu.o
 .debug_aranges
                0x000000f8       0x80 src\hal\gio.o
 .debug_aranges
                0x00000178       0x60 src\hal\eic.o
 .debug_aranges
                0x000001d8       0x20 src\apl\main.o

.debug_ranges   0x00000000      0x190
 .debug_ranges  0x00000000       0x18 src\mal\stm32f303vc.o
 .debug_ranges  0x00000018       0x20 src\mal\startup.o
 .debug_ranges  0x00000038       0x38 src\hal\rcc.o
 .debug_ranges  0x00000070       0x50 src\hal\mcu.o
 .debug_ranges  0x000000c0       0x70 src\hal\gio.o
 .debug_ranges  0x00000130       0x50 src\hal\eic.o
 .debug_ranges  0x00000180       0x10 src\apl\main.o

.debug_line     0x00000000      0xb89
 .debug_line    0x00000000      0x192 src\mal\stm32f303vc.o
 .debug_line    0x00000192       0x74 src\mal\startup.o
 .debug_line    0x00000206      0x232 src\hal\rcc.o
 .debug_line    0x00000438      0x289 src\hal\mcu.o
 .debug_line    0x000006c1      0x344 src\hal\gio.o
 .debug_line    0x00000a05       0xd3 src\hal\eic.o
 .debug_line    0x00000ad8       0xb1 src\apl\main.o

.debug_str      0x00000000     0x16fa
 .debug_str     0x00000000     0x1125 src\mal\stm32f303vc.o
                               0x124c (size before relaxing)
 .debug_str     0x00001125       0xe1 src\hal\rcc.o
                                0x8db (size before relaxing)
 .debug_str     0x00001206      0x1ea src\hal\mcu.o
                                0x8e4 (size before relaxing)
 .debug_str     0x000013f0      0x1fe src\hal\gio.o
                                0x5f5 (size before relaxing)
 .debug_str     0x000015ee       0xf3 src\hal\eic.o
                                0x225 (size before relaxing)
 .debug_str     0x000016e1       0x19 src\apl\main.o
                                0x26a (size before relaxing)

.comment        0x00000000       0x82
 .comment       0x00000000       0x82 src\mal\stm32f303vc.o
                                 0x83 (size before relaxing)
 .comment       0x00000000       0x83 src\hal\rcc.o
 .comment       0x00000000       0x83 src\hal\mcu.o
 .comment       0x00000000       0x83 src\hal\gio.o
 .comment       0x00000000       0x83 src\hal\eic.o
 .comment       0x00000000       0x83 src\apl\main.o

.debug_frame    0x00000000      0x4d0
 .debug_frame   0x00000000       0x48 src\mal\stm32f303vc.o
 .debug_frame   0x00000048       0xac src\hal\rcc.o
 .debug_frame   0x000000f4      0x10c src\hal\mcu.o
 .debug_frame   0x00000200      0x18c src\hal\gio.o
 .debug_frame   0x0000038c       0xe8 src\hal\eic.o
 .debug_frame   0x00000474       0x30 src\apl\main.o
 .debug_frame   0x000004a4       0x2c b:/program files (x86)/atollic/truestudio for arm 5.4.0/armtools/bin/../lib/gcc/arm-atollic-eabi/4.8.3/../../../../arm-atollic-eabi/lib/armv7e-m/fpu\libc_s.a(lib_a-init.o)

Cross Reference Table

Symbol                                            File
ASL::ADM::Channel::Channel(int, unsigned long)    src\asl\adm.o
ASL::ADM::Channel::Channel(int, unsigned long)    src\asl\adm.o
ASL::ADM::Channel::configure(ASL::ADM::Operation, unsigned long, long) src\asl\adm.o
ASL::ADM::Channel::getConstant()                  src\asl\adm.o
ASL::ADM::Channel::getEnable()                    src\asl\adm.o
ASL::ADM::Channel::getMultiplier()                src\asl\adm.o
ASL::ADM::Channel::getOperation()                 src\asl\adm.o
ASL::ADM::Channel::getValue()                     src\asl\adm.o
ASL::ADM::Channel::setEnable(bool)                src\asl\adm.o
ASL::ADM::configureModule()                       src\asl\adm.o
ASL::ADM::getChannelRef(unsigned long, unsigned long) src\asl\adm.o
ASL::ADM::setSample(ASL::ADM::Channel&, unsigned long) src\asl\adm.o
Default_Handler                                   src\mal\startup.o
                                                  src\mal\ivtable.o
HAL::DMA::startM2M(void*, void*, unsigned long)   src\hal\dma.o
HAL::DMA::startM2M_32(void*, void*, unsigned long) src\hal\dma.o
HAL::GIO::configurePin(HAL::GIO::Port, unsigned long, HAL::GIO::Defaults, unsigned long) src\hal\gio.o
HAL::GIO::configurePin(HAL::GIO::Port, unsigned long, HAL::GIO::Mode, HAL::GIO::Pullups, HAL::GIO::Type, HAL::GIO::Speed, unsigned long) src\hal\gio.o
                                                  src\apl\main.o
                                                  src\hal\mcu.o
HAL::GIO::reset(HAL::GIO::Port, unsigned long)    src\hal\gio.o
HAL::GIO::set(HAL::GIO::Port, unsigned long)      src\hal\gio.o
HAL::GIO::setPort(HAL::GIO::Port, unsigned short) src\hal\gio.o
HAL::GIO::toggle(HAL::GIO::Port, unsigned long)   src\hal\gio.o
                                                  src\apl\main.o
                                                  src\hal\mcu.o
HAL::MCU::ResumeTick()                            src\hal\mcu.o
HAL::MCU::SuspendTick()                           src\hal\mcu.o
HAL::MCU::delayTicks(unsigned long)               src\hal\mcu.o
                                                  src\apl\main.o
HAL::MCU::delayUntil(bool (*)())                  src\hal\mcu.o
                                                  src\hal\rcc.o
HAL::MCU::delayWhile(bool (*)())                  src\hal\mcu.o
HAL::MCU::getTicks()                              src\hal\mcu.o
HAL::MCU::init()                                  src\hal\mcu.o
                                                  src\apl\main.o
HAL::RCCM::getHardwareClock()                     src\hal\rcc.o
HAL::RCCM::getSystemClock()                       src\hal\rcc.o
                                                  src\hal\mcu.o
HAL::RCCM::initClocks()                           src\hal\rcc.o
                                                  src\apl\main.o
HAL_EIC_BusFault_Handler                          src\hal\eic.o
HAL_EIC_DebugMon_Handler                          src\hal\eic.o
HAL_EIC_DefaultInterruptHandler                   src\hal\eic.o
                                                  src\mal\startup.o
HAL_EIC_EXTI0_Handler                             src\hal\gio.o
                                                  src\mal\ivtable.o
HAL_EIC_HardFault_Handler                         src\hal\eic.o
HAL_EIC_MemManage_Handler                         src\hal\eic.o
HAL_EIC_NMI_Handler                               src\hal\eic.o
                                                  src\mal\ivtable.o
HAL_EIC_PendSV_Handler                            src\hal\eic.o
HAL_EIC_SVC_Handler                               src\hal\eic.o
HAL_EIC_UsageFault_Handler                        src\hal\eic.o
HAL_MCU_IncrementTicks                            src\hal\mcu.o
                                                  src\mal\ivtable.o
MAL::CM4::SCB                                     src\mal\stm32f303vc.o
                                                  src\hal\mcu.o
MAL::CM4::SCB_CPA                                 src\mal\stm32f303vc.o
                                                  src\hal\mcu.o
MAL::CM4::SCB_FPU                                 src\mal\stm32f303vc.o
MAL::CM4::SYSTICK                                 src\mal\stm32f303vc.o
                                                  src\hal\mcu.o
MAL::F3C::DMA1                                    src\mal\stm32f303vc.o
MAL::F3C::DMA1_CH1                                src\mal\stm32f303vc.o
MAL::F3C::DMA1_CH2                                src\mal\stm32f303vc.o
MAL::F3C::DMA1_CH3                                src\mal\stm32f303vc.o
MAL::F3C::DMA1_CH4                                src\mal\stm32f303vc.o
MAL::F3C::DMA1_CH5                                src\mal\stm32f303vc.o
MAL::F3C::DMA1_CH6                                src\mal\stm32f303vc.o
MAL::F3C::DMA1_CH7                                src\mal\stm32f303vc.o
MAL::F3C::DMA2                                    src\mal\stm32f303vc.o
MAL::F3C::DMA2_CH1                                src\mal\stm32f303vc.o
MAL::F3C::DMA2_CH2                                src\mal\stm32f303vc.o
MAL::F3C::DMA2_CH3                                src\mal\stm32f303vc.o
MAL::F3C::DMA2_CH4                                src\mal\stm32f303vc.o
MAL::F3C::DMA2_CH5                                src\mal\stm32f303vc.o
MAL::F3C::DMA_CHANNELS                            src\mal\stm32f303vc.o
                                                  src\hal\dma.o
MAL::F3C::FLASH                                   src\mal\stm32f303vc.o
                                                  src\hal\mcu.o
                                                  src\hal\rcc.o
MAL::F3C::GPIO_PORTA                              src\mal\stm32f303vc.o
                                                  src\hal\gio.o
MAL::F3C::GPIO_PORTB                              src\mal\stm32f303vc.o
                                                  src\hal\gio.o
MAL::F3C::GPIO_PORTC                              src\mal\stm32f303vc.o
                                                  src\hal\gio.o
MAL::F3C::GPIO_PORTD                              src\mal\stm32f303vc.o
                                                  src\hal\gio.o
MAL::F3C::GPIO_PORTE                              src\mal\stm32f303vc.o
                                                  src\hal\gio.o
MAL::F3C::GPIO_PORTF                              src\mal\stm32f303vc.o
                                                  src\hal\gio.o
MAL::F3C::RCCMOD                                  src\mal\stm32f303vc.o
                                                  src\hal\rcc.o
Reset_Handler                                     src\mal\startup.o
                                                  src\mal\ivtable.o
SystemInit                                        src\hal\mcu.o
                                                  src\mal\startup.o
__deregister_frame_info                           b:/program files (x86)/atollic/truestudio for arm 5.4.0/armtools/bin/../lib/gcc/arm-atollic-eabi/4.8.3/armv7e-m/fpu/crtbegin.o
__dso_handle                                      b:/program files (x86)/atollic/truestudio for arm 5.4.0/armtools/bin/../lib/gcc/arm-atollic-eabi/4.8.3/armv7e-m/fpu/crtbegin.o
__env                                             b:/program files (x86)/atollic/truestudio for arm 5.4.0/armtools/bin/../lib/gcc/arm-atollic-eabi/4.8.3/../../../../arm-atollic-eabi/lib/armv7e-m/fpu\libc_s.a(lib_a-syscalls.o)
__init_array_end                                  b:/program files (x86)/atollic/truestudio for arm 5.4.0/armtools/bin/../lib/gcc/arm-atollic-eabi/4.8.3/../../../../arm-atollic-eabi/lib/armv7e-m/fpu\libc_s.a(lib_a-init.o)
__init_array_start                                b:/program files (x86)/atollic/truestudio for arm 5.4.0/armtools/bin/../lib/gcc/arm-atollic-eabi/4.8.3/../../../../arm-atollic-eabi/lib/armv7e-m/fpu\libc_s.a(lib_a-init.o)
__libc_init_array                                 b:/program files (x86)/atollic/truestudio for arm 5.4.0/armtools/bin/../lib/gcc/arm-atollic-eabi/4.8.3/../../../../arm-atollic-eabi/lib/armv7e-m/fpu\libc_s.a(lib_a-init.o)
                                                  src\mal\startup.o
__malloc_free_list                                b:/program files (x86)/atollic/truestudio for arm 5.4.0/armtools/bin/../lib/gcc/arm-atollic-eabi/4.8.3/../../../../arm-atollic-eabi/lib/armv7e-m/fpu\libc_s.a(lib_a-nano-mallocr.o)
                                                  b:/program files (x86)/atollic/truestudio for arm 5.4.0/armtools/bin/../lib/gcc/arm-atollic-eabi/4.8.3/../../../../arm-atollic-eabi/lib/armv7e-m/fpu\libc_s.a(lib_a-nano-freer.o)
__malloc_sbrk_start                               b:/program files (x86)/atollic/truestudio for arm 5.4.0/armtools/bin/../lib/gcc/arm-atollic-eabi/4.8.3/../../../../arm-atollic-eabi/lib/armv7e-m/fpu\libc_s.a(lib_a-nano-mallocr.o)
__preinit_array_end                               b:/program files (x86)/atollic/truestudio for arm 5.4.0/armtools/bin/../lib/gcc/arm-atollic-eabi/4.8.3/../../../../arm-atollic-eabi/lib/armv7e-m/fpu\libc_s.a(lib_a-init.o)
__preinit_array_start                             b:/program files (x86)/atollic/truestudio for arm 5.4.0/armtools/bin/../lib/gcc/arm-atollic-eabi/4.8.3/../../../../arm-atollic-eabi/lib/armv7e-m/fpu\libc_s.a(lib_a-init.o)
__register_frame_info                             b:/program files (x86)/atollic/truestudio for arm 5.4.0/armtools/bin/../lib/gcc/arm-atollic-eabi/4.8.3/armv7e-m/fpu/crtbegin.o
__sf_fake_stderr                                  b:/program files (x86)/atollic/truestudio for arm 5.4.0/armtools/bin/../lib/gcc/arm-atollic-eabi/4.8.3/../../../../arm-atollic-eabi/lib/armv7e-m/fpu\libc_s.a(lib_a-impure.o)
__sf_fake_stdin                                   b:/program files (x86)/atollic/truestudio for arm 5.4.0/armtools/bin/../lib/gcc/arm-atollic-eabi/4.8.3/../../../../arm-atollic-eabi/lib/armv7e-m/fpu\libc_s.a(lib_a-impure.o)
__sf_fake_stdout                                  b:/program files (x86)/atollic/truestudio for arm 5.4.0/armtools/bin/../lib/gcc/arm-atollic-eabi/4.8.3/../../../../arm-atollic-eabi/lib/armv7e-m/fpu\libc_s.a(lib_a-impure.o)
_close                                            b:/program files (x86)/atollic/truestudio for arm 5.4.0/armtools/bin/../lib/gcc/arm-atollic-eabi/4.8.3/../../../../arm-atollic-eabi/lib/armv7e-m/fpu\libc_s.a(lib_a-syscalls.o)
_ebss                                             src\mal\startup.o
_edata                                            src\mal\startup.o
_estack                                           src\mal\ivtable.o
                                                  src\mal\startup.o
_execve                                           b:/program files (x86)/atollic/truestudio for arm 5.4.0/armtools/bin/../lib/gcc/arm-atollic-eabi/4.8.3/../../../../arm-atollic-eabi/lib/armv7e-m/fpu\libc_s.a(lib_a-syscalls.o)
_exit                                             b:/program files (x86)/atollic/truestudio for arm 5.4.0/armtools/bin/../lib/gcc/arm-atollic-eabi/4.8.3/../../../../arm-atollic-eabi/lib/armv7e-m/fpu\libc_s.a(lib_a-syscalls.o)
_fini                                             b:/program files (x86)/atollic/truestudio for arm 5.4.0/armtools/bin/../lib/gcc/arm-atollic-eabi/4.8.3/armv7e-m/fpu/crti.o
_fork                                             b:/program files (x86)/atollic/truestudio for arm 5.4.0/armtools/bin/../lib/gcc/arm-atollic-eabi/4.8.3/../../../../arm-atollic-eabi/lib/armv7e-m/fpu\libc_s.a(lib_a-syscalls.o)
_free_r                                           b:/program files (x86)/atollic/truestudio for arm 5.4.0/armtools/bin/../lib/gcc/arm-atollic-eabi/4.8.3/../../../../arm-atollic-eabi/lib/armv7e-m/fpu\libc_s.a(lib_a-nano-freer.o)
                                                  b:/program files (x86)/atollic/truestudio for arm 5.4.0/armtools/bin/../lib/gcc/arm-atollic-eabi/4.8.3/../../../../arm-atollic-eabi/lib/armv7e-m/fpu\libc_s.a(lib_a-reent.o)
_fstat                                            b:/program files (x86)/atollic/truestudio for arm 5.4.0/armtools/bin/../lib/gcc/arm-atollic-eabi/4.8.3/../../../../arm-atollic-eabi/lib/armv7e-m/fpu\libc_s.a(lib_a-syscalls.o)
_getpid                                           b:/program files (x86)/atollic/truestudio for arm 5.4.0/armtools/bin/../lib/gcc/arm-atollic-eabi/4.8.3/../../../../arm-atollic-eabi/lib/armv7e-m/fpu\libc_s.a(lib_a-syscalls.o)
_global_impure_ptr                                b:/program files (x86)/atollic/truestudio for arm 5.4.0/armtools/bin/../lib/gcc/arm-atollic-eabi/4.8.3/../../../../arm-atollic-eabi/lib/armv7e-m/fpu\libc_s.a(lib_a-impure.o)
_impure_ptr                                       b:/program files (x86)/atollic/truestudio for arm 5.4.0/armtools/bin/../lib/gcc/arm-atollic-eabi/4.8.3/../../../../arm-atollic-eabi/lib/armv7e-m/fpu\libc_s.a(lib_a-impure.o)
                                                  b:/program files (x86)/atollic/truestudio for arm 5.4.0/armtools/bin/../lib/gcc/arm-atollic-eabi/4.8.3/../../../../arm-atollic-eabi/lib/armv7e-m/fpu\libc_s.a(lib_a-reent.o)
_init                                             b:/program files (x86)/atollic/truestudio for arm 5.4.0/armtools/bin/../lib/gcc/arm-atollic-eabi/4.8.3/armv7e-m/fpu/crti.o
                                                  b:/program files (x86)/atollic/truestudio for arm 5.4.0/armtools/bin/../lib/gcc/arm-atollic-eabi/4.8.3/../../../../arm-atollic-eabi/lib/armv7e-m/fpu\libc_s.a(lib_a-init.o)
_isatty                                           b:/program files (x86)/atollic/truestudio for arm 5.4.0/armtools/bin/../lib/gcc/arm-atollic-eabi/4.8.3/../../../../arm-atollic-eabi/lib/armv7e-m/fpu\libc_s.a(lib_a-syscalls.o)
_kill                                             b:/program files (x86)/atollic/truestudio for arm 5.4.0/armtools/bin/../lib/gcc/arm-atollic-eabi/4.8.3/../../../../arm-atollic-eabi/lib/armv7e-m/fpu\libc_s.a(lib_a-syscalls.o)
_link                                             b:/program files (x86)/atollic/truestudio for arm 5.4.0/armtools/bin/../lib/gcc/arm-atollic-eabi/4.8.3/../../../../arm-atollic-eabi/lib/armv7e-m/fpu\libc_s.a(lib_a-syscalls.o)
_lseek                                            b:/program files (x86)/atollic/truestudio for arm 5.4.0/armtools/bin/../lib/gcc/arm-atollic-eabi/4.8.3/../../../../arm-atollic-eabi/lib/armv7e-m/fpu\libc_s.a(lib_a-syscalls.o)
_malloc_r                                         b:/program files (x86)/atollic/truestudio for arm 5.4.0/armtools/bin/../lib/gcc/arm-atollic-eabi/4.8.3/../../../../arm-atollic-eabi/lib/armv7e-m/fpu\libc_s.a(lib_a-nano-mallocr.o)
_open                                             b:/program files (x86)/atollic/truestudio for arm 5.4.0/armtools/bin/../lib/gcc/arm-atollic-eabi/4.8.3/../../../../arm-atollic-eabi/lib/armv7e-m/fpu\libc_s.a(lib_a-syscalls.o)
_read                                             b:/program files (x86)/atollic/truestudio for arm 5.4.0/armtools/bin/../lib/gcc/arm-atollic-eabi/4.8.3/../../../../arm-atollic-eabi/lib/armv7e-m/fpu\libc_s.a(lib_a-syscalls.o)
_reclaim_reent                                    b:/program files (x86)/atollic/truestudio for arm 5.4.0/armtools/bin/../lib/gcc/arm-atollic-eabi/4.8.3/../../../../arm-atollic-eabi/lib/armv7e-m/fpu\libc_s.a(lib_a-reent.o)
_sbrk                                             b:/program files (x86)/atollic/truestudio for arm 5.4.0/armtools/bin/../lib/gcc/arm-atollic-eabi/4.8.3/../../../../arm-atollic-eabi/lib/armv7e-m/fpu\libc_s.a(lib_a-syscalls.o)
                                                  b:/program files (x86)/atollic/truestudio for arm 5.4.0/armtools/bin/../lib/gcc/arm-atollic-eabi/4.8.3/../../../../arm-atollic-eabi/lib/armv7e-m/fpu\libc_s.a(lib_a-sbrkr.o)
_sbrk_r                                           b:/program files (x86)/atollic/truestudio for arm 5.4.0/armtools/bin/../lib/gcc/arm-atollic-eabi/4.8.3/../../../../arm-atollic-eabi/lib/armv7e-m/fpu\libc_s.a(lib_a-sbrkr.o)
                                                  b:/program files (x86)/atollic/truestudio for arm 5.4.0/armtools/bin/../lib/gcc/arm-atollic-eabi/4.8.3/../../../../arm-atollic-eabi/lib/armv7e-m/fpu\libc_s.a(lib_a-nano-mallocr.o)
_sbss                                             src\mal\startup.o
_sdata                                            src\mal\startup.o
_sidata                                           src\mal\startup.o
_stat                                             b:/program files (x86)/atollic/truestudio for arm 5.4.0/armtools/bin/../lib/gcc/arm-atollic-eabi/4.8.3/../../../../arm-atollic-eabi/lib/armv7e-m/fpu\libc_s.a(lib_a-syscalls.o)
_times                                            b:/program files (x86)/atollic/truestudio for arm 5.4.0/armtools/bin/../lib/gcc/arm-atollic-eabi/4.8.3/../../../../arm-atollic-eabi/lib/armv7e-m/fpu\libc_s.a(lib_a-syscalls.o)
_unlink                                           b:/program files (x86)/atollic/truestudio for arm 5.4.0/armtools/bin/../lib/gcc/arm-atollic-eabi/4.8.3/../../../../arm-atollic-eabi/lib/armv7e-m/fpu\libc_s.a(lib_a-syscalls.o)
_wait                                             b:/program files (x86)/atollic/truestudio for arm 5.4.0/armtools/bin/../lib/gcc/arm-atollic-eabi/4.8.3/../../../../arm-atollic-eabi/lib/armv7e-m/fpu\libc_s.a(lib_a-syscalls.o)
_write                                            b:/program files (x86)/atollic/truestudio for arm 5.4.0/armtools/bin/../lib/gcc/arm-atollic-eabi/4.8.3/../../../../arm-atollic-eabi/lib/armv7e-m/fpu\libc_s.a(lib_a-syscalls.o)
                                                  src\ext\tiny_printf.o
cleanup_glue                                      b:/program files (x86)/atollic/truestudio for arm 5.4.0/armtools/bin/../lib/gcc/arm-atollic-eabi/4.8.3/../../../../arm-atollic-eabi/lib/armv7e-m/fpu\libc_s.a(lib_a-reent.o)
end                                               b:/program files (x86)/atollic/truestudio for arm 5.4.0/armtools/bin/../lib/gcc/arm-atollic-eabi/4.8.3/../../../../arm-atollic-eabi/lib/armv7e-m/fpu\libc_s.a(lib_a-syscalls.o)
environ                                           b:/program files (x86)/atollic/truestudio for arm 5.4.0/armtools/bin/../lib/gcc/arm-atollic-eabi/4.8.3/../../../../arm-atollic-eabi/lib/armv7e-m/fpu\libc_s.a(lib_a-syscalls.o)
errno                                             b:/program files (x86)/atollic/truestudio for arm 5.4.0/armtools/bin/../lib/gcc/arm-atollic-eabi/4.8.3/../../../../arm-atollic-eabi/lib/armv7e-m/fpu\libc_s.a(lib_a-sbrkr.o)
                                                  b:/program files (x86)/atollic/truestudio for arm 5.4.0/armtools/bin/../lib/gcc/arm-atollic-eabi/4.8.3/../../../../arm-atollic-eabi/lib/armv7e-m/fpu\libc_s.a(lib_a-reent.o)
                                                  b:/program files (x86)/atollic/truestudio for arm 5.4.0/armtools/bin/../lib/gcc/arm-atollic-eabi/4.8.3/../../../../arm-atollic-eabi/lib/armv7e-m/fpu\libc_s.a(lib_a-syscalls.o)
fiprintf                                          src\ext\tiny_printf.o
fprintf                                           src\ext\tiny_printf.o
fputs                                             src\ext\tiny_printf.o
fwrite                                            src\ext\tiny_printf.o
g_pfnVectors                                      src\mal\startup.o
initialise_monitor_handles                        b:/program files (x86)/atollic/truestudio for arm 5.4.0/armtools/bin/../lib/gcc/arm-atollic-eabi/4.8.3/../../../../arm-atollic-eabi/lib/armv7e-m/fpu\libc_s.a(lib_a-syscalls.o)
iprintf                                           src\ext\tiny_printf.o
main                                              src\apl\main.o
                                                  src\mal\startup.o
printf                                            src\ext\tiny_printf.o
puts                                              src\ext\tiny_printf.o
set_bit(unsigned long volatile&, unsigned long, unsigned long) src\hal\gio.o
set_bit(unsigned short volatile&, unsigned long, unsigned long) src\hal\gio.o
set_bit2(unsigned long volatile&, unsigned long, unsigned long) src\hal\gio.o
set_bit2(unsigned short volatile&, unsigned long, unsigned long) src\hal\gio.o
siprintf                                          src\ext\tiny_printf.o
sprintf                                           src\ext\tiny_printf.o
strlen                                            b:/program files (x86)/atollic/truestudio for arm 5.4.0/armtools/bin/../lib/gcc/arm-atollic-eabi/4.8.3/../../../../arm-atollic-eabi/lib/armv7e-m/fpu\libc_s.a(lib_a-strlen.o)
                                                  src\ext\tiny_printf.o
ts_formatlength                                   src\ext\tiny_printf.o
ts_formatstring                                   src\ext\tiny_printf.o
ts_itoa                                           src\ext\tiny_printf.o
