Archive member included because of file (symbol)

b:/program files (x86)/atollic/truestudio for arm 5.4.0/armtools/bin/../lib/gcc/arm-atollic-eabi/4.8.3/../../../../arm-atollic-eabi/lib/armv7e-m/fpu\libc_s.a(lib_a-aeabi_atexit.o)
                              src\asl\stu.o (__aeabi_atexit)
b:/program files (x86)/atollic/truestudio for arm 5.4.0/armtools/bin/../lib/gcc/arm-atollic-eabi/4.8.3/../../../../arm-atollic-eabi/lib/armv7e-m/fpu\libc_s.a(lib_a-cxa_atexit.o)
                              b:/program files (x86)/atollic/truestudio for arm 5.4.0/armtools/bin/../lib/gcc/arm-atollic-eabi/4.8.3/../../../../arm-atollic-eabi/lib/armv7e-m/fpu\libc_s.a(lib_a-aeabi_atexit.o) (__cxa_atexit)
b:/program files (x86)/atollic/truestudio for arm 5.4.0/armtools/bin/../lib/gcc/arm-atollic-eabi/4.8.3/../../../../arm-atollic-eabi/lib/armv7e-m/fpu\libc_s.a(lib_a-init.o)
                              src\mal\startup.o (__libc_init_array)
b:/program files (x86)/atollic/truestudio for arm 5.4.0/armtools/bin/../lib/gcc/arm-atollic-eabi/4.8.3/../../../../arm-atollic-eabi/lib/armv7e-m/fpu\libc_s.a(lib_a-memcmp.o)
                              src\hal\nvc.o (memcmp)
b:/program files (x86)/atollic/truestudio for arm 5.4.0/armtools/bin/../lib/gcc/arm-atollic-eabi/4.8.3/../../../../arm-atollic-eabi/lib/armv7e-m/fpu\libc_s.a(lib_a-memcpy-stub.o)
                              src\hal\nvc.o (memcpy)
b:/program files (x86)/atollic/truestudio for arm 5.4.0/armtools/bin/../lib/gcc/arm-atollic-eabi/4.8.3/../../../../arm-atollic-eabi/lib/armv7e-m/fpu\libc_s.a(lib_a-memmove.o)
                              src\asl\stu.o (memmove)
b:/program files (x86)/atollic/truestudio for arm 5.4.0/armtools/bin/../lib/gcc/arm-atollic-eabi/4.8.3/../../../../arm-atollic-eabi/lib/armv7e-m/fpu\libc_s.a(lib_a-memset.o)
                              src\asl\rop.o (memset)
b:/program files (x86)/atollic/truestudio for arm 5.4.0/armtools/bin/../lib/gcc/arm-atollic-eabi/4.8.3/../../../../arm-atollic-eabi/lib/armv7e-m/fpu\libc_s.a(lib_a-sscanf.o)
                              src\asl\nmp.o (sscanf)
b:/program files (x86)/atollic/truestudio for arm 5.4.0/armtools/bin/../lib/gcc/arm-atollic-eabi/4.8.3/../../../../arm-atollic-eabi/lib/armv7e-m/fpu\libc_s.a(lib_a-stdio.o)
                              b:/program files (x86)/atollic/truestudio for arm 5.4.0/armtools/bin/../lib/gcc/arm-atollic-eabi/4.8.3/../../../../arm-atollic-eabi/lib/armv7e-m/fpu\libc_s.a(lib_a-sscanf.o) (__seofread)
b:/program files (x86)/atollic/truestudio for arm 5.4.0/armtools/bin/../lib/gcc/arm-atollic-eabi/4.8.3/../../../../arm-atollic-eabi/lib/armv7e-m/fpu\libc_s.a(lib_a-strchr.o)
                              src\asl\nmp.o (strchr)
b:/program files (x86)/atollic/truestudio for arm 5.4.0/armtools/bin/../lib/gcc/arm-atollic-eabi/4.8.3/../../../../arm-atollic-eabi/lib/armv7e-m/fpu\libc_s.a(lib_a-strlen.o)
                              src\ext\tiny_printf.o (strlen)
b:/program files (x86)/atollic/truestudio for arm 5.4.0/armtools/bin/../lib/gcc/arm-atollic-eabi/4.8.3/../../../../arm-atollic-eabi/lib/armv7e-m/fpu\libc_s.a(lib_a-strtol.o)
                              src\asl\nmp.o (strtol)
b:/program files (x86)/atollic/truestudio for arm 5.4.0/armtools/bin/../lib/gcc/arm-atollic-eabi/4.8.3/../../../../arm-atollic-eabi/lib/armv7e-m/fpu\libc_s.a(lib_a-svfscanf.o)
                              b:/program files (x86)/atollic/truestudio for arm 5.4.0/armtools/bin/../lib/gcc/arm-atollic-eabi/4.8.3/../../../../arm-atollic-eabi/lib/armv7e-m/fpu\libc_s.a(lib_a-sscanf.o) (__ssvfscanf_r)
b:/program files (x86)/atollic/truestudio for arm 5.4.0/armtools/bin/../lib/gcc/arm-atollic-eabi/4.8.3/../../../../arm-atollic-eabi/lib/armv7e-m/fpu\libc_s.a(lib_a-syscalls.o)
                              src\ext\tiny_printf.o (_write)
b:/program files (x86)/atollic/truestudio for arm 5.4.0/armtools/bin/../lib/gcc/arm-atollic-eabi/4.8.3/../../../../arm-atollic-eabi/lib/armv7e-m/fpu\libc_s.a(lib_a-ungetc.o)
                              b:/program files (x86)/atollic/truestudio for arm 5.4.0/armtools/bin/../lib/gcc/arm-atollic-eabi/4.8.3/../../../../arm-atollic-eabi/lib/armv7e-m/fpu\libc_s.a(lib_a-svfscanf.o) (__submore)
b:/program files (x86)/atollic/truestudio for arm 5.4.0/armtools/bin/../lib/gcc/arm-atollic-eabi/4.8.3/../../../../arm-atollic-eabi/lib/armv7e-m/fpu\libc_s.a(lib_a-vfscanf_i.o)
                              b:/program files (x86)/atollic/truestudio for arm 5.4.0/armtools/bin/../lib/gcc/arm-atollic-eabi/4.8.3/../../../../arm-atollic-eabi/lib/armv7e-m/fpu\libc_s.a(lib_a-svfscanf.o) (_scanf_chars)
b:/program files (x86)/atollic/truestudio for arm 5.4.0/armtools/bin/../lib/gcc/arm-atollic-eabi/4.8.3/../../../../arm-atollic-eabi/lib/armv7e-m/fpu\libc_s.a(lib_a-writer.o)
[...]
Memory Configuration

Name             Origin             Length             Attributes
FLASH            0x08000000         0x00030000         xr
CONFIG           0x08030000         0x00010000         rw
RAM              0x20000000         0x0000a000         xrw
MEMORY_B1        0x60000000         0x00000000         xr
CCMRAM           0x10000000         0x00002000         rw
*default*        0x00000000         0xffffffff

Linker script and memory map

LOAD b:/program files (x86)/atollic/truestudio for arm 5.4.0/armtools/bin/../lib/gcc/arm-atollic-eabi/4.8.3/armv7e-m/fpu/crti.o
LOAD b:/program files (x86)/atollic/truestudio for arm 5.4.0/armtools/bin/../lib/gcc/arm-atollic-eabi/4.8.3/armv7e-m/fpu/crtbegin.o
LOAD src\mal\startup.o
LOAD src\mal\ivtable.o
LOAD src\mal\device.o
LOAD src\hal\usi.o
LOAD src\hal\usb.o
LOAD src\hal\rcc.o
LOAD src\hal\nvc_phy.o
LOAD src\hal\nvc.o
LOAD src\hal\mcu.o
LOAD src\hal\gio.o
LOAD src\hal\eic.o
LOAD src\hal\dma.o
LOAD src\hal\dac.o
LOAD src\hal\crc.o
LOAD src\ext\tiny_printf.o
LOAD src\asl\stu.o
LOAD src\asl\rop.o
LOAD src\asl\nvm.o
LOAD src\asl\nmp.o
LOAD src\asl\cgm.o
LOAD src\asl\adm.o
LOAD src\apl\ssm.o
LOAD src\apl\main.o
LOAD src\apl\cfg.o
START GROUP
LOAD b:/program files (x86)/atollic/truestudio for arm 5.4.0/armtools/bin/../lib/gcc/arm-atollic-eabi/4.8.3/../../../../arm-atollic-eabi/lib/armv7e-m/fpu\libc_s.a
LOAD b:/program files (x86)/atollic/truestudio for arm 5.4.0/armtools/bin/../lib/gcc/arm-atollic-eabi/4.8.3/../../../../arm-atollic-eabi/lib/armv7e-m/fpu\libstdc++_s.a
LOAD b:/program files (x86)/atollic/truestudio for arm 5.4.0/armtools/bin/../lib/gcc/arm-atollic-eabi/4.8.3/../../../../arm-atollic-eabi/lib/armv7e-m/fpu\libsupc++_s.a
END GROUP
                0x00001000                malloc_getpagesize_P = 0x1000
LOAD b:/program files (x86)/atollic/truestudio for arm 5.4.0/armtools/bin/../lib/gcc/arm-atollic-eabi/4.8.3/../../../../arm-atollic-eabi/lib/armv7e-m/fpu\libstdc++.a
LOAD b:/program files (x86)/atollic/truestudio for arm 5.4.0/armtools/bin/../lib/gcc/arm-atollic-eabi/4.8.3/../../../../arm-atollic-eabi/lib/armv7e-m/fpu\libm.a
START GROUP
LOAD b:/program files (x86)/atollic/truestudio for arm 5.4.0/armtools/bin/../lib/gcc/arm-atollic-eabi/4.8.3/armv7e-m/fpu\libgcc.a
LOAD b:/program files (x86)/atollic/truestudio for arm 5.4.0/armtools/bin/../lib/gcc/arm-atollic-eabi/4.8.3/../../../../arm-atollic-eabi/lib/armv7e-m/fpu\libc.a
END GROUP
LOAD b:/program files (x86)/atollic/truestudio for arm 5.4.0/armtools/bin/../lib/gcc/arm-atollic-eabi/4.8.3/armv7e-m/fpu/crtend.o
LOAD b:/program files (x86)/atollic/truestudio for arm 5.4.0/armtools/bin/../lib/gcc/arm-atollic-eabi/4.8.3/armv7e-m/fpu/crtn.o
                0x2000a000                _estack = 0x2000a000
                0x00000000                _Min_Heap_Size = 0x0
                0x00000200                _Min_Stack_Size = 0x200

.isr_vector     0x08000000      0x188
                0x08000000                . = ALIGN (0x4)
 *(.isr_vector)
 .isr_vector    0x08000000      0x188 src\mal\ivtable.o
                0x08000188                . = ALIGN (0x4)

.text           0x08000188     0x35f0
                0x08000188                . = ALIGN (0x4)
 *(.text)
 .text          0x08000188       0x40 b:/program files (x86)/atollic/truestudio for arm 5.4.0/armtools/bin/../lib/gcc/arm-atollic-eabi/4.8.3/armv7e-m/fpu/crtbegin.o
 .text          0x080001c8      0x370 b:/program files (x86)/atollic/truestudio for arm 5.4.0/armtools/bin/../lib/gcc/arm-atollic-eabi/4.8.3/armv7e-m/fpu\libgcc.a(_arm_addsubdf3.o)
                0x080001c8                __aeabi_drsub
                0x080001d0                __aeabi_dsub
                0x080001d0                __subdf3
                0x080001d4                __aeabi_dadd
                0x080001d4                __adddf3
                0x0800044c                __floatunsidf
                0x0800044c                __aeabi_ui2d
                0x0800046c                __floatsidf
                0x0800046c                __aeabi_i2d
                0x08000490                __aeabi_f2d
                0x08000490                __extendsfdf2
                0x080004cc                __floatundidf
                0x080004cc                __aeabi_ul2d
                0x080004dc                __floatdidf
                0x080004dc                __aeabi_l2d
 .text          0x08000538      0x424 b:/program files (x86)/atollic/truestudio for arm 5.4.0/armtools/bin/../lib/gcc/arm-atollic-eabi/4.8.3/armv7e-m/fpu\libgcc.a(_arm_muldivdf3.o)
                0x08000538                __aeabi_dmul
                0x08000538                __muldf3
                0x0800078c                __divdf3
                0x0800078c                __aeabi_ddiv
 .text          0x0800095c       0x40 b:/program files (x86)/atollic/truestudio for arm 5.4.0/armtools/bin/../lib/gcc/arm-atollic-eabi/4.8.3/armv7e-m/fpu\libgcc.a(_arm_fixunsdfsi.o)
                0x0800095c                __aeabi_d2uiz
                0x0800095c                __fixunsdfsi
 .text          0x0800099c       0x2c b:/program files (x86)/atollic/truestudio for arm 5.4.0/armtools/bin/../lib/gcc/arm-atollic-eabi/4.8.3/armv7e-m/fpu\libgcc.a(_aeabi_uldivmod.o)
                0x0800099c                __aeabi_uldivmod
 .text          0x080009c8       0x60 b:/program files (x86)/atollic/truestudio for arm 5.4.0/armtools/bin/../lib/gcc/arm-atollic-eabi/4.8.3/armv7e-m/fpu\libgcc.a(bpabi.o)
                0x080009c8                __gnu_ldivmod_helper
                0x080009f8                __gnu_uldivmod_helper
 .text          0x08000a28        0x4 b:/program files (x86)/atollic/truestudio for arm 5.4.0/armtools/bin/../lib/gcc/arm-atollic-eabi/4.8.3/armv7e-m/fpu\libgcc.a(_dvmd_tls.o)
                0x08000a28                __aeabi_idiv0
                0x08000a28                __aeabi_ldiv0
 .text          0x08000a2c      0x298 b:/program files (x86)/atollic/truestudio for arm 5.4.0/armtools/bin/../lib/gcc/arm-atollic-eabi/4.8.3/armv7e-m/fpu\libgcc.a(_divdi3.o)
                0x08000a2c                __divdi3
 .text          0x08000cc4      0x284 b:/program files (x86)/atollic/truestudio for arm 5.4.0/armtools/bin/../lib/gcc/arm-atollic-eabi/4.8.3/armv7e-m/fpu\libgcc.a(_udivdi3.o)
                0x08000cc4                __udivdi3
 *(.text*)
 .text.Reset_Handler
                0x08000f48       0x5c src\mal\startup.o
                0x08000f48                Reset_Handler
 .text.Default_Handler
                0x08000fa4        0x4 src\mal\startup.o
                0x08000fa4                Default_Handler
 .text._Z41__static_initialization_and_destruction_0ii
                0x08000fa8       0xa0 src\mal\device.o
 .text._GLOBAL__sub_I__ZN3MAL3CM47SYSTICKE
                0x08001048       0x10 src\mal\device.o
 .text._ZN3HAL4RCCML8isPLLRDYEv
                0x08001058       0x20 src\hal\rcc.o
 .text._ZN3HAL4RCCML8isHSERDYEv
                0x08001078       0x20 src\hal\rcc.o
 .text._ZN3HAL4RCCML11isPLLSYSCLKEv
                0x08001098       0x2c src\hal\rcc.o
 .text._ZN3HAL4RCCM14getSystemClockEv
                0x080010c4       0x50 src\hal\rcc.o
                0x080010c4                HAL::RCCM::getSystemClock()
 .text._ZN3HAL4RCCM10initClocksEv
                0x08001114      0x124 src\hal\rcc.o
                0x08001114                HAL::RCCM::initClocks()
 .text._ZN3HAL3NVC3PHYL7isReadyEv
                0x08001238       0x3c src\hal\nvc_phy.o
 .text._ZN3HAL3NVC3PHY6isBusyEv
                0x08001274       0x20 src\hal\nvc_phy.o
                0x08001274                HAL::NVC::PHY::isBusy()
 .text._ZN3HAL3NVC3PHY6unlockEv
                0x08001294       0x3c src\hal\nvc_phy.o
                0x08001294                HAL::NVC::PHY::unlock()
 .text._ZN3HAL3NVC3PHY4lockEv
                0x080012d0       0x34 src\hal\nvc_phy.o
                0x080012d0                HAL::NVC::PHY::lock()
 .text._ZN3HAL3NVC3PHY7programEPvt
                0x08001304       0x7c src\hal\nvc_phy.o
                0x08001304                HAL::NVC::PHY::program(void*, unsigned short)
 .text._ZN3HAL3NVC3PHY11verifyBlockEPvS2_m
                0x08001380       0x54 src\hal\nvc_phy.o
                0x08001380                HAL::NVC::PHY::verifyBlock(void*, void*, unsigned long)
 .text._ZN3HAL3NVC3PHY9erasePageEPv
                0x080013d4       0xc8 src\hal\nvc_phy.o
                0x080013d4                HAL::NVC::PHY::erasePage(void*)
 .text._ZN3HAL3NVC4readEPvPNS0_14RecordHeader_tEm
                0x0800149c       0x38 src\hal\nvc.o
                0x0800149c                HAL::NVC::read(void*, HAL::NVC::RecordHeader_t*, unsigned long)
 .text._ZN3HAL3NVC5writeEPNS0_14RecordHeader_tEPv
                0x080014d4      0x104 src\hal\nvc.o
                0x080014d4                HAL::NVC::write(HAL::NVC::RecordHeader_t*, void*)
 .text._ZN3HAL3NVC4testEv
                0x080015d8       0x68 src\hal\nvc.o
                0x080015d8                HAL::NVC::test()
 .text._ZN3HAL3MCU4initEv
                0x08001640       0x5c src\hal\mcu.o
                0x08001640                HAL::MCU::init()
 .text._ZN3HAL3MCU8getTicksEv
                0x0800169c       0x1c src\hal\mcu.o
                0x0800169c                HAL::MCU::getTicks()
 .text._ZN3HAL3MCU10delayWhileEPFbvE
                0x080016b8       0x6c src\hal\mcu.o
                0x080016b8                HAL::MCU::delayWhile(bool (*)())
 .text._ZN3HAL3MCU10delayUntilEPFbvE
                0x08001724       0x74 src\hal\mcu.o
                0x08001724                HAL::MCU::delayUntil(bool (*)())
 .text._ZN3HAL3MCU10delayTicksEm
                0x08001798       0x4c src\hal\mcu.o
                0x08001798                HAL::MCU::delayTicks(unsigned long)
 .text.HAL_MCU_IncrementTicks
                0x080017e4       0x40 src\hal\mcu.o
                0x080017e4                HAL_MCU_IncrementTicks
 .text.SystemInit
                0x08001824       0x54 src\hal\mcu.o
                0x08001824                SystemInit
 .text._Z7get_bitRVmm
                0x08001878       0x30 src\hal\gio.o
                0x08001878                get_bit(unsigned long volatile&, unsigned long)
 .text._Z7set_bitRVmmm
                0x080018a8       0x54 src\hal\gio.o
                0x080018a8                set_bit(unsigned long volatile&, unsigned long, unsigned long)
 .text._Z7set_bitRVtmm
                0x080018fc       0x6c src\hal\gio.o
                0x080018fc                set_bit(unsigned short volatile&, unsigned long, unsigned long)
 .text._ZN3HAL3GIO3getENS0_4PortEm
                0x08001968       0x2c src\hal\gio.o
                0x08001968                HAL::GIO::get(HAL::GIO::Port, unsigned long)
 .text._ZN3HAL3GIO3setENS0_4PortEm
                0x08001994       0x3c src\hal\gio.o
                0x08001994                HAL::GIO::set(HAL::GIO::Port, unsigned long)
 .text._ZN3HAL3GIO5resetENS0_4PortEm
                0x080019d0       0x3c src\hal\gio.o
                0x080019d0                HAL::GIO::reset(HAL::GIO::Port, unsigned long)
 .text._ZN3HAL3GIO6toggleENS0_4PortEm
                0x08001a0c       0x48 src\hal\gio.o
                0x08001a0c                HAL::GIO::toggle(HAL::GIO::Port, unsigned long)
 .text._ZN3HAL3GIO9configureERKNS0_10InitStructE
                0x08001a54       0xa0 src\hal\gio.o
                0x08001a54                HAL::GIO::configure(HAL::GIO::InitStruct const&)
 .text.HAL_EIC_EXTI0_Handler
                0x08001af4        0x8 src\hal\gio.o
                0x08001af4                HAL_EIC_EXTI0_Handler
 .text._Z41__static_initialization_and_destruction_0ii
                0x08001afc       0x70 src\hal\gio.o
 .text._GLOBAL__sub_I__Z7get_bitRVmm
                0x08001b6c       0x10 src\hal\gio.o
 .text.HAL_EIC_DefaultInterruptHandler
                0x08001b7c        0xc src\hal\eic.o
                0x08001b7c                HAL_EIC_DefaultInterruptHandler
 .text.HAL_EIC_NMI_Handler
                0x08001b88        0xc src\hal\eic.o
                0x08001b88                HAL_EIC_NMI_Handler
 .text._ZN3HAL3DMA8startM2MENS0_6SourceEPvS2_m
                0x08001b94       0x3c src\hal\dma.o
                0x08001b94                HAL::DMA::startM2M(HAL::DMA::Source, void*, void*, unsigned long)
 .text._ZN3HAL3DMA9configureERKNS0_10InitStructE
                0x08001bd0       0x1c src\hal\dma.o
                0x08001bd0                HAL::DMA::configure(HAL::DMA::InitStruct const&)
 .text._ZN3HAL3DMA4testEv
                0x08001bec       0x38 src\hal\dma.o
                0x08001bec                HAL::DMA::test()
 .text._ZN3HAL3DMAL10configChanENS0_7ChannelEmPvPVv
                0x08001c24       0x44 src\hal\dma.o
 .text._ZN3HAL3DMAL9startChanENS0_7ChannelEm
                0x08001c68       0x4c src\hal\dma.o
 .text._ZN3HAL3DMAL10isChanFreeENS0_7ChannelE
                0x08001cb4       0x2c src\hal\dma.o
 .text._ZN3HAL3DMAL22getSourceConfigurationENS0_6SourceE
                0x08001ce0       0x58 src\hal\dma.o
 .text._ZN3HAL3CRC3crcENS0_17DefaultPolynomialEPKvm
                0x08001d38      0x1dc src\hal\crc.o
                0x08001d38                HAL::CRC::crc(HAL::CRC::DefaultPolynomial, void const*, unsigned long)
 .text._ZN3HAL3CRC9configureERKNS0_10InitStructE
                0x08001f14       0x1c src\hal\crc.o
                0x08001f14                HAL::CRC::configure(HAL::CRC::InitStruct const&)
 .text._ZN3HAL3CRC4testEv
                0x08001f30       0x88 src\hal\crc.o
                0x08001f30                HAL::CRC::test()
 .text._ZNSt6vectorImSaImEEC2Ev
                0x08001fb8       0x1c src\asl\stu.o
                0x08001fb8                std::vector<unsigned long, std::allocator<unsigned long> >::vector()
                0x08001fb8                std::vector<unsigned long, std::allocator<unsigned long> >::vector()
 .text._ZNSt6vectorIN3ASL3STU10TaskData_tESaIS2_EEC2Ev
                0x08001fd4       0x1c src\asl\stu.o
                0x08001fd4                std::vector<ASL::STU::TaskData_t, std::allocator<ASL::STU::TaskData_t> >::vector()
                0x08001fd4                std::vector<ASL::STU::TaskData_t, std::allocator<ASL::STU::TaskData_t> >::vector()
 .text._ZNSt12_Vector_baseImSaImEE12_Vector_implD2Ev
                0x08001ff0       0x18 src\asl\stu.o
                0x08001ff0                std::_Vector_base<unsigned long, std::allocator<unsigned long> >::_Vector_impl::~_Vector_impl()
                0x08001ff0                std::_Vector_base<unsigned long, std::allocator<unsigned long> >::_Vector_impl::~_Vector_impl()
 .text._ZNSt12_Vector_baseImSaImEEC2Ev
                0x08002008       0x1c src\asl\stu.o
                0x08002008                std::_Vector_base<unsigned long, std::allocator<unsigned long> >::_Vector_base()
                0x08002008                std::_Vector_base<unsigned long, std::allocator<unsigned long> >::_Vector_base()
 .text._ZNSt12_Vector_baseImSaImEED2Ev
                0x08002024       0x38 src\asl\stu.o
                0x08002024                std::_Vector_base<unsigned long, std::allocator<unsigned long> >::~_Vector_base()
                0x08002024                std::_Vector_base<unsigned long, std::allocator<unsigned long> >::~_Vector_base()
 .text._ZNSt12_Vector_baseIN3ASL3STU10TaskData_tESaIS2_EE12_Vector_implD2Ev
                0x0800205c       0x18 src\asl\stu.o
                0x0800205c                std::_Vector_base<ASL::STU::TaskData_t, std::allocator<ASL::STU::TaskData_t> >::_Vector_impl::~_Vector_impl()
                0x0800205c                std::_Vector_base<ASL::STU::TaskData_t, std::allocator<ASL::STU::TaskData_t> >::_Vector_impl::~_Vector_impl()
 .text._ZNSt12_Vector_baseIN3ASL3STU10TaskData_tESaIS2_EEC2Ev
                0x08002074       0x1c src\asl\stu.o
                0x08002074                std::_Vector_base<ASL::STU::TaskData_t, std::allocator<ASL::STU::TaskData_t> >::_Vector_base()
                0x08002074                std::_Vector_base<ASL::STU::TaskData_t, std::allocator<ASL::STU::TaskData_t> >::_Vector_base()
 .text._ZNSt12_Vector_baseIN3ASL3STU10TaskData_tESaIS2_EED2Ev
                0x08002090       0x40 src\asl\stu.o
                0x08002090                std::_Vector_base<ASL::STU::TaskData_t, std::allocator<ASL::STU::TaskData_t> >::~_Vector_base()
                0x08002090                std::_Vector_base<ASL::STU::TaskData_t, std::allocator<ASL::STU::TaskData_t> >::~_Vector_base()
 .text._ZNSt12_Vector_baseImSaImEE12_Vector_implC2Ev
                0x080020d0       0x2c src\asl\stu.o
                0x080020d0                std::_Vector_base<unsigned long, std::allocator<unsigned long> >::_Vector_impl::_Vector_impl()
                0x080020d0                std::_Vector_base<unsigned long, std::allocator<unsigned long> >::_Vector_impl::_Vector_impl()
 .text._ZNSaImED2Ev
                0x080020fc       0x18 src\asl\stu.o
                0x080020fc                std::allocator<unsigned long>::~allocator()
                0x080020fc                std::allocator<unsigned long>::~allocator()
 .text._ZNSt12_Vector_baseImSaImEE13_M_deallocateEPmj
                0x08002114       0x24 src\asl\stu.o
                0x08002114                std::_Vector_base<unsigned long, std::allocator<unsigned long> >::_M_deallocate(unsigned long*, unsigned int)
 .text._ZNSt12_Vector_baseIN3ASL3STU10TaskData_tESaIS2_EE12_Vector_implC2Ev
                0x08002138       0x2c src\asl\stu.o
                0x08002138                std::_Vector_base<ASL::STU::TaskData_t, std::allocator<ASL::STU::TaskData_t> >::_Vector_impl::_Vector_impl()
                0x08002138                std::_Vector_base<ASL::STU::TaskData_t, std::allocator<ASL::STU::TaskData_t> >::_Vector_impl::_Vector_impl()
 .text._ZNSaIN3ASL3STU10TaskData_tEED2Ev
                0x08002164       0x18 src\asl\stu.o
                0x08002164                std::allocator<ASL::STU::TaskData_t>::~allocator()
                0x08002164                std::allocator<ASL::STU::TaskData_t>::~allocator()
 .text._ZNSt12_Vector_baseIN3ASL3STU10TaskData_tESaIS2_EE13_M_deallocateEPS2_j
                0x0800217c       0x24 src\asl\stu.o
                0x0800217c                std::_Vector_base<ASL::STU::TaskData_t, std::allocator<ASL::STU::TaskData_t> >::_M_deallocate(ASL::STU::TaskData_t*, unsigned int)
 .text._ZNSt12_Vector_baseImSaImEE19_M_get_Tp_allocatorEv
                0x080021a0       0x18 src\asl\stu.o
                0x080021a0                std::_Vector_base<unsigned long, std::allocator<unsigned long> >::_M_get_Tp_allocator()
 .text._ZSt8_DestroyIPmmEvT_S1_RSaIT0_E
                0x080021b8       0x1c src\asl\stu.o
                0x080021b8                void std::_Destroy<unsigned long*, unsigned long>(unsigned long*, unsigned long*, std::allocator<unsigned long>&)
 .text._ZNSaImEC2Ev
                0x080021d4       0x18 src\asl\stu.o
                0x080021d4                std::allocator<unsigned long>::allocator()
                0x080021d4                std::allocator<unsigned long>::allocator()
 .text._ZN9__gnu_cxx13new_allocatorImED2Ev
                0x080021ec       0x18 src\asl\stu.o
                0x080021ec                __gnu_cxx::new_allocator<unsigned long>::~new_allocator()
                0x080021ec                __gnu_cxx::new_allocator<unsigned long>::~new_allocator()
 .text._ZN9__gnu_cxx13new_allocatorImE10deallocateEPmj
                0x08002204       0x18 src\asl\stu.o
                0x08002204                __gnu_cxx::new_allocator<unsigned long>::deallocate(unsigned long*, unsigned int)
 .text._ZNSaIN3ASL3STU10TaskData_tEEC2Ev
                0x0800221c       0x18 src\asl\stu.o
                0x0800221c                std::allocator<ASL::STU::TaskData_t>::allocator()
                0x0800221c                std::allocator<ASL::STU::TaskData_t>::allocator()
 .text._ZN9__gnu_cxx13new_allocatorIN3ASL3STU10TaskData_tEED2Ev
                0x08002234       0x18 src\asl\stu.o
                0x08002234                __gnu_cxx::new_allocator<ASL::STU::TaskData_t>::~new_allocator()
                0x08002234                __gnu_cxx::new_allocator<ASL::STU::TaskData_t>::~new_allocator()
 .text._ZN9__gnu_cxx13new_allocatorIN3ASL3STU10TaskData_tEE10deallocateEPS3_j
                0x0800224c       0x18 src\asl\stu.o
                0x0800224c                __gnu_cxx::new_allocator<ASL::STU::TaskData_t>::deallocate(ASL::STU::TaskData_t*, unsigned int)
 .text._ZSt8_DestroyIPmEvT_S1_
                0x08002264       0x18 src\asl\stu.o
                0x08002264                void std::_Destroy<unsigned long*>(unsigned long*, unsigned long*)
 .text._ZNSt12_Vector_baseIN3ASL3STU10TaskData_tESaIS2_EE19_M_get_Tp_allocatorEv
                0x0800227c       0x18 src\asl\stu.o
                0x0800227c                std::_Vector_base<ASL::STU::TaskData_t, std::allocator<ASL::STU::TaskData_t> >::_M_get_Tp_allocator()
 .text._ZSt8_DestroyIPN3ASL3STU10TaskData_tES2_EvT_S4_RSaIT0_E
                0x08002294       0x1c src\asl\stu.o
                0x08002294                void std::_Destroy<ASL::STU::TaskData_t*, ASL::STU::TaskData_t>(ASL::STU::TaskData_t*, ASL::STU::TaskData_t*, std::allocator<ASL::STU::TaskData_t>&)
 .text._ZN9__gnu_cxx13new_allocatorImEC2Ev
                0x080022b0       0x18 src\asl\stu.o
                0x080022b0                __gnu_cxx::new_allocator<unsigned long>::new_allocator()
                0x080022b0                __gnu_cxx::new_allocator<unsigned long>::new_allocator()
 .text._ZN9__gnu_cxx13new_allocatorIN3ASL3STU10TaskData_tEEC2Ev
                0x080022c8       0x18 src\asl\stu.o
                0x080022c8                __gnu_cxx::new_allocator<ASL::STU::TaskData_t>::new_allocator()
                0x080022c8                __gnu_cxx::new_allocator<ASL::STU::TaskData_t>::new_allocator()
 .text._ZNSt12_Destroy_auxILb1EE9__destroyIPmEEvT_S3_
                0x080022e0       0x14 src\asl\stu.o
                0x080022e0                void std::_Destroy_aux<true>::__destroy<unsigned long*>(unsigned long*, unsigned long*)
 .text._ZSt8_DestroyIPN3ASL3STU10TaskData_tEEvT_S4_
                0x080022f4       0x18 src\asl\stu.o
                0x080022f4                void std::_Destroy<ASL::STU::TaskData_t*>(ASL::STU::TaskData_t*, ASL::STU::TaskData_t*)
 .text._ZNSt12_Destroy_auxILb1EE9__destroyIPN3ASL3STU10TaskData_tEEEvT_S6_
                0x0800230c       0x14 src\asl\stu.o
                0x0800230c                void std::_Destroy_aux<true>::__destroy<ASL::STU::TaskData_t*>(ASL::STU::TaskData_t*, ASL::STU::TaskData_t*)
 .text._Z41__static_initialization_and_destruction_0ii
                0x08002320       0x54 src\asl\stu.o
 .text._ZNSt6vectorImSaImEED2Ev
                0x08002374       0x38 src\asl\stu.o
                0x08002374                std::vector<unsigned long, std::allocator<unsigned long> >::~vector()
                0x08002374                std::vector<unsigned long, std::allocator<unsigned long> >::~vector()
 .text._ZNSt6vectorIN3ASL3STU10TaskData_tESaIS2_EED2Ev
                0x080023ac       0x38 src\asl\stu.o
                0x080023ac                std::vector<ASL::STU::TaskData_t, std::allocator<ASL::STU::TaskData_t> >::~vector()
                0x080023ac                std::vector<ASL::STU::TaskData_t, std::allocator<ASL::STU::TaskData_t> >::~vector()
 .text._GLOBAL__sub_I__ZN3ASL3STU12registerTaskEPFmmEm
                0x080023e4       0x10 src\asl\stu.o
 .text._ZN3ASL3NMP7GpsDataC2Ev
                0x080023f4       0x1c src\asl\nmp.o
                0x080023f4                ASL::NMP::GpsData::GpsData()
                0x080023f4                ASL::NMP::GpsData::GpsData()
 .text._ZN3ASL3NMP6decodeEPKc
                0x08002410      0x194 src\asl\nmp.o
                0x08002410                ASL::NMP::decode(char const*)
 .text._ZN3ASL3NMP4testEv
                0x080025a4       0x14 src\asl\nmp.o
                0x080025a4                ASL::NMP::test()
 .text._ZN3ASL3NMPL9fastPow10Ei
                0x080025b8       0x28 src\asl\nmp.o
 .text._ZN3ASL3NMPL21copyReplaceDelimetersEPcPKc
                0x080025e0       0x6c src\asl\nmp.o
 *fill*         0x0800264c        0x4 
 .text._ZN3ASL3NMPL14stringToDoubleEPKc
                0x08002650       0xd8 src\asl\nmp.o
 .text._ZN3ASL3NMPL15nmeaXorChecksumEPKc
                0x08002728       0x4c src\asl\nmp.o
 .text._Z41__static_initialization_and_destruction_0ii
                0x08002774       0x2c src\asl\nmp.o
 .text._GLOBAL__sub_I__ZN3ASL3NMP12getReferenceEv
                0x080027a0       0x10 src\asl\nmp.o
 .text._ZN3ASL3CGM9configureERKNS0_10InitStructE
                0x080027b0       0x2c src\asl\cgm.o
                0x080027b0                ASL::CGM::configure(ASL::CGM::InitStruct const&)
 .text._ZN3APL3SSM4initEv
                0x080027dc       0x34 src\apl\ssm.o
                0x080027dc                APL::SSM::init()
 .text._ZN3APL3SSM8getStateEv
                0x08002810       0x18 src\apl\ssm.o
                0x08002810                APL::SSM::getState()
 .text._ZN3APL3SSM14clearConditionENS0_5FaultE
                0x08002828       0x84 src\apl\ssm.o
                0x08002828                APL::SSM::clearCondition(APL::SSM::Fault)
 .text._ZN3APL3SSM14raiseConditionENS0_5FaultE
                0x080028ac       0x84 src\apl\ssm.o
                0x080028ac                APL::SSM::raiseCondition(APL::SSM::Fault)
 .text._ZN3APL3SSM11reviewStateEv
                0x08002930       0x24 src\apl\ssm.o
                0x08002930                APL::SSM::reviewState()
 .text._ZN3APL3SSM13checkHotStartEv
                0x08002954       0x3c src\apl\ssm.o
                0x08002954                APL::SSM::checkHotStart()
 .text.main     0x08002990       0xac src\apl\main.o
                0x08002990                main
 .text.__aeabi_atexit
                0x08002a3c        0xa b:/program files (x86)/atollic/truestudio for arm 5.4.0/armtools/bin/../lib/gcc/arm-atollic-eabi/4.8.3/../../../../arm-atollic-eabi/lib/armv7e-m/fpu\libc_s.a(lib_a-aeabi_atexit.o)
                0x08002a3c                __aeabi_atexit
 *fill*         0x08002a46        0x2 
 .text.__cxa_atexit
                0x08002a48       0x20 b:/program files (x86)/atollic/truestudio for arm 5.4.0/armtools/bin/../lib/gcc/arm-atollic-eabi/4.8.3/../../../../arm-atollic-eabi/lib/armv7e-m/fpu\libc_s.a(lib_a-cxa_atexit.o)
                0x08002a48                __cxa_atexit
 .text.__libc_init_array
                0x08002a68       0x4c b:/program files (x86)/atollic/truestudio for arm 5.4.0/armtools/bin/../lib/gcc/arm-atollic-eabi/4.8.3/../../../../arm-atollic-eabi/lib/armv7e-m/fpu\libc_s.a(lib_a-init.o)
                0x08002a68                __libc_init_array
 .text.memcmp   0x08002ab4       0x1e b:/program files (x86)/atollic/truestudio for arm 5.4.0/armtools/bin/../lib/gcc/arm-atollic-eabi/4.8.3/../../../../arm-atollic-eabi/lib/armv7e-m/fpu\libc_s.a(lib_a-memcmp.o)
                0x08002ab4                memcmp
 .text.memcpy   0x08002ad2       0x12 b:/program files (x86)/atollic/truestudio for arm 5.4.0/armtools/bin/../lib/gcc/arm-atollic-eabi/4.8.3/../../../../arm-atollic-eabi/lib/armv7e-m/fpu\libc_s.a(lib_a-memcpy-stub.o)
                0x08002ad2                memcpy
 .text.sscanf   0x08002ae4       0x54 b:/program files (x86)/atollic/truestudio for arm 5.4.0/armtools/bin/../lib/gcc/arm-atollic-eabi/4.8.3/../../../../arm-atollic-eabi/lib/armv7e-m/fpu\libc_s.a(lib_a-sscanf.o)
                0x08002ae4                siscanf
                0x08002ae4                sscanf
 .text.__seofread
                0x08002b38        0x4 b:/program files (x86)/atollic/truestudio for arm 5.4.0/armtools/bin/../lib/gcc/arm-atollic-eabi/4.8.3/../../../../arm-atollic-eabi/lib/armv7e-m/fpu\libc_s.a(lib_a-stdio.o)
                0x08002b38                __seofread
 .text.strchr   0x08002b3c       0x1a b:/program files (x86)/atollic/truestudio for arm 5.4.0/armtools/bin/../lib/gcc/arm-atollic-eabi/4.8.3/../../../../arm-atollic-eabi/lib/armv7e-m/fpu\libc_s.a(lib_a-strchr.o)
                0x08002b3c                strchr
 .text.strlen   0x08002b56       0x10 b:/program files (x86)/atollic/truestudio for arm 5.4.0/armtools/bin/../lib/gcc/arm-atollic-eabi/4.8.3/../../../../arm-atollic-eabi/lib/armv7e-m/fpu\libc_s.a(lib_a-strlen.o)
                0x08002b56                strlen
 *fill*         0x08002b66        0x2 
 .text._strtol_r
                0x08002b68      0x104 b:/program files (x86)/atollic/truestudio for arm 5.4.0/armtools/bin/../lib/gcc/arm-atollic-eabi/4.8.3/../../../../arm-atollic-eabi/lib/armv7e-m/fpu\libc_s.a(lib_a-strtol.o)
                0x08002b68                _strtol_r
 .text.strtol   0x08002c6c       0x1c b:/program files (x86)/atollic/truestudio for arm 5.4.0/armtools/bin/../lib/gcc/arm-atollic-eabi/4.8.3/../../../../arm-atollic-eabi/lib/armv7e-m/fpu\libc_s.a(lib_a-strtol.o)
                0x08002c6c                strtol
 .text._sungetc_r
                0x08002c88       0x7a b:/program files (x86)/atollic/truestudio for arm 5.4.0/armtools/bin/../lib/gcc/arm-atollic-eabi/4.8.3/../../../../arm-atollic-eabi/lib/armv7e-m/fpu\libc_s.a(lib_a-svfscanf.o)
                0x08002c88                _sungetc_r
 .text.__ssrefill_r
                0x08002d02       0x3a b:/program files (x86)/atollic/truestudio for arm 5.4.0/armtools/bin/../lib/gcc/arm-atollic-eabi/4.8.3/../../../../arm-atollic-eabi/lib/armv7e-m/fpu\libc_s.a(lib_a-svfscanf.o)
                0x08002d02                __ssrefill_r
 .text.__ssvfscanf_r
                0x08002d3c      0x29c b:/program files (x86)/atollic/truestudio for arm 5.4.0/armtools/bin/../lib/gcc/arm-atollic-eabi/4.8.3/../../../../arm-atollic-eabi/lib/armv7e-m/fpu\libc_s.a(lib_a-svfscanf.o)
                0x08002d3c                __ssvfiscanf_r
                0x08002d3c                __ssvfscanf_r
 .text._getpid  0x08002fd8        0x4 b:/program files (x86)/atollic/truestudio for arm 5.4.0/armtools/bin/../lib/gcc/arm-atollic-eabi/4.8.3/../../../../arm-atollic-eabi/lib/armv7e-m/fpu\libc_s.a(lib_a-syscalls.o)
                0x08002fd8                _getpid
 .text._kill    0x08002fdc       0x10 b:/program files (x86)/atollic/truestudio for arm 5.4.0/armtools/bin/../lib/gcc/arm-atollic-eabi/4.8.3/../../../../arm-atollic-eabi/lib/armv7e-m/fpu\libc_s.a(lib_a-syscalls.o)
                0x08002fdc                _kill
 .text._exit    0x08002fec        0xc b:/program files (x86)/atollic/truestudio for arm 5.4.0/armtools/bin/../lib/gcc/arm-atollic-eabi/4.8.3/../../../../arm-atollic-eabi/lib/armv7e-m/fpu\libc_s.a(lib_a-syscalls.o)
                0x08002fec                _exit
 .text._sbrk    0x08002ff8       0x34 b:/program files (x86)/atollic/truestudio for arm 5.4.0/armtools/bin/../lib/gcc/arm-atollic-eabi/4.8.3/../../../../arm-atollic-eabi/lib/armv7e-m/fpu\libc_s.a(lib_a-syscalls.o)
                0x08002ff8                _sbrk
 .text.__submore
                0x0800302c       0x76 b:/program files (x86)/atollic/truestudio for arm 5.4.0/armtools/bin/../lib/gcc/arm-atollic-eabi/4.8.3/../../../../arm-atollic-eabi/lib/armv7e-m/fpu\libc_s.a(lib_a-ungetc.o)
                0x0800302c                __submore
 *fill*         0x080030a2        0x2 
 .text._scanf_chars
                0x080030a4       0xc0 b:/program files (x86)/atollic/truestudio for arm 5.4.0/armtools/bin/../lib/gcc/arm-atollic-eabi/4.8.3/../../../../arm-atollic-eabi/lib/armv7e-m/fpu\libc_s.a(lib_a-vfscanf_i.o)
                0x080030a4                _scanf_chars
 .text._scanf_i
                0x08003164      0x1ec b:/program files (x86)/atollic/truestudio for arm 5.4.0/armtools/bin/../lib/gcc/arm-atollic-eabi/4.8.3/../../../../arm-atollic-eabi/lib/armv7e-m/fpu\libc_s.a(lib_a-vfscanf_i.o)
                0x08003164                _scanf_i
 .text.memchr   0x08003350       0x1e b:/program files (x86)/atollic/truestudio for arm 5.4.0/armtools/bin/../lib/gcc/arm-atollic-eabi/4.8.3/../../../../arm-atollic-eabi/lib/armv7e-m/fpu\libc_s.a(lib_a-memchr-stub.o)
                0x08003350                memchr
 *fill*         0x0800336e        0x2 
 .text._free_r  0x08003370       0x88 b:/program files (x86)/atollic/truestudio for arm 5.4.0/armtools/bin/../lib/gcc/arm-atollic-eabi/4.8.3/../../../../arm-atollic-eabi/lib/armv7e-m/fpu\libc_s.a(lib_a-nano-freer.o)
                0x08003370                _free_r
 .text._malloc_r
                0x080033f8       0xa8 b:/program files (x86)/atollic/truestudio for arm 5.4.0/armtools/bin/../lib/gcc/arm-atollic-eabi/4.8.3/../../../../arm-atollic-eabi/lib/armv7e-m/fpu\libc_s.a(lib_a-nano-mallocr.o)
                0x080033f8                _malloc_r
 .text._realloc_r
                0x080034a0       0x4c b:/program files (x86)/atollic/truestudio for arm 5.4.0/armtools/bin/../lib/gcc/arm-atollic-eabi/4.8.3/../../../../arm-atollic-eabi/lib/armv7e-m/fpu\libc_s.a(lib_a-nano-reallocr.o)
                0x080034a0                _realloc_r
 .text._sbrk_r  0x080034ec       0x20 b:/program files (x86)/atollic/truestudio for arm 5.4.0/armtools/bin/../lib/gcc/arm-atollic-eabi/4.8.3/../../../../arm-atollic-eabi/lib/armv7e-m/fpu\libc_s.a(lib_a-sbrkr.o)
                0x080034ec                _sbrk_r
 .text.__sccl   0x0800350c       0x64 b:/program files (x86)/atollic/truestudio for arm 5.4.0/armtools/bin/../lib/gcc/arm-atollic-eabi/4.8.3/../../../../arm-atollic-eabi/lib/armv7e-m/fpu\libc_s.a(lib_a-sccl.o)
                0x0800350c                __sccl
 .text._strtoul_r
                0x08003570       0xf0 b:/program files (x86)/atollic/truestudio for arm 5.4.0/armtools/bin/../lib/gcc/arm-atollic-eabi/4.8.3/../../../../arm-atollic-eabi/lib/armv7e-m/fpu\libc_s.a(lib_a-strtoul.o)
                0x08003570                _strtoul_r
 .text._malloc_usable_size_r
                0x08003660       0x12 b:/program files (x86)/atollic/truestudio for arm 5.4.0/armtools/bin/../lib/gcc/arm-atollic-eabi/4.8.3/../../../../arm-atollic-eabi/lib/armv7e-m/fpu\libc_s.a(lib_a-nano-msizer.o)
                0x08003660                _malloc_usable_size_r
 .text._Znaj    0x08003672        0x4 b:/program files (x86)/atollic/truestudio for arm 5.4.0/armtools/bin/../lib/gcc/arm-atollic-eabi/4.8.3/../../../../arm-atollic-eabi/lib/armv7e-m/fpu\libstdc++_s.a(new_opv.o)
                0x08003672                operator new[](unsigned int)
 *fill*         0x08003676        0x2 
 .text._Znwj    0x08003678       0x28 b:/program files (x86)/atollic/truestudio for arm 5.4.0/armtools/bin/../lib/gcc/arm-atollic-eabi/4.8.3/../../../../arm-atollic-eabi/lib/armv7e-m/fpu\libstdc++_s.a(new_op.o)
                0x08003678                operator new(unsigned int)
 .text._ZdlPv   0x080036a0        0x8 b:/program files (x86)/atollic/truestudio for arm 5.4.0/armtools/bin/../lib/gcc/arm-atollic-eabi/4.8.3/../../../../arm-atollic-eabi/lib/armv7e-m/fpu\libstdc++_s.a(del_op.o)
                0x080036a0                operator delete(void*)
 .text.abort    0x080036a8        0xe b:/program files (x86)/atollic/truestudio for arm 5.4.0/armtools/bin/../lib/gcc/arm-atollic-eabi/4.8.3/../../../../arm-atollic-eabi/lib/armv7e-m/fpu\libc_s.a(lib_a-abort.o)
                0x080036a8                abort
 *fill*         0x080036b6        0x2 
 .text.malloc   0x080036b8       0x10 b:/program files (x86)/atollic/truestudio for arm 5.4.0/armtools/bin/../lib/gcc/arm-atollic-eabi/4.8.3/../../../../arm-atollic-eabi/lib/armv7e-m/fpu\libc_s.a(lib_a-malloc.o)
                0x080036b8                malloc
 .text.free     0x080036c8       0x10 b:/program files (x86)/atollic/truestudio for arm 5.4.0/armtools/bin/../lib/gcc/arm-atollic-eabi/4.8.3/../../../../arm-atollic-eabi/lib/armv7e-m/fpu\libc_s.a(lib_a-malloc.o)
                0x080036c8                free
 .text._raise_r
                0x080036d8       0x50 b:/program files (x86)/atollic/truestudio for arm 5.4.0/armtools/bin/../lib/gcc/arm-atollic-eabi/4.8.3/../../../../arm-atollic-eabi/lib/armv7e-m/fpu\libc_s.a(lib_a-signal.o)
                0x080036d8                _raise_r
 .text.raise    0x08003728       0x10 b:/program files (x86)/atollic/truestudio for arm 5.4.0/armtools/bin/../lib/gcc/arm-atollic-eabi/4.8.3/../../../../arm-atollic-eabi/lib/armv7e-m/fpu\libc_s.a(lib_a-signal.o)
                0x08003728                raise
 .text._kill_r  0x08003738       0x24 b:/program files (x86)/atollic/truestudio for arm 5.4.0/armtools/bin/../lib/gcc/arm-atollic-eabi/4.8.3/../../../../arm-atollic-eabi/lib/armv7e-m/fpu\libc_s.a(lib_a-signalr.o)
                0x08003738                _kill_r
 .text._getpid_r
                0x0800375c        0x4 b:/program files (x86)/atollic/truestudio for arm 5.4.0/armtools/bin/../lib/gcc/arm-atollic-eabi/4.8.3/../../../../arm-atollic-eabi/lib/armv7e-m/fpu\libc_s.a(lib_a-signalr.o)
                0x0800375c                _getpid_r
 *(.glue_7)
 .glue_7        0x00000000        0x0 linker stubs
 *(.glue_7t)
 .glue_7t       0x00000000        0x0 linker stubs
 *(.eh_frame)
 .eh_frame      0x08003760        0x0 b:/program files (x86)/atollic/truestudio for arm 5.4.0/armtools/bin/../lib/gcc/arm-atollic-eabi/4.8.3/armv7e-m/fpu/crtbegin.o
 *(.init)
 .init          0x08003760        0x4 b:/program files (x86)/atollic/truestudio for arm 5.4.0/armtools/bin/../lib/gcc/arm-atollic-eabi/4.8.3/armv7e-m/fpu/crti.o
                0x08003760                _init
 .init          0x08003764        0x8 b:/program files (x86)/atollic/truestudio for arm 5.4.0/armtools/bin/../lib/gcc/arm-atollic-eabi/4.8.3/armv7e-m/fpu/crtn.o
 *(.fini)
 .fini          0x0800376c        0x4 b:/program files (x86)/atollic/truestudio for arm 5.4.0/armtools/bin/../lib/gcc/arm-atollic-eabi/4.8.3/armv7e-m/fpu/crti.o
                0x0800376c                _fini
 .fini          0x08003770        0x8 b:/program files (x86)/atollic/truestudio for arm 5.4.0/armtools/bin/../lib/gcc/arm-atollic-eabi/4.8.3/armv7e-m/fpu/crtn.o
                0x08003778                . = ALIGN (0x4)
                0x08003778                _etext = .

.vfp11_veneer   0x08003778        0x0
 .vfp11_veneer  0x00000000        0x0 linker stubs

.v4_bx          0x08003778        0x0
 .v4_bx         0x00000000        0x0 linker stubs

.iplt           0x08003778        0x0
 .iplt          0x00000000        0x0 b:/program files (x86)/atollic/truestudio for arm 5.4.0/armtools/bin/../lib/gcc/arm-atollic-eabi/4.8.3/armv7e-m/fpu/crtbegin.o

.rodata         0x08003778      0x324
                0x08003778                . = ALIGN (0x4)
 *(.rodata)
 .rodata        0x08003778       0x14 src\hal\nvc.o
 .rodata        0x0800378c       0x34 src\hal\crc.o
 .rodata        0x080037c0       0xa4 src\asl\nmp.o
 .rodata        0x08003864        0xc b:/program files (x86)/atollic/truestudio for arm 5.4.0/armtools/bin/../lib/gcc/arm-atollic-eabi/4.8.3/../../../../arm-atollic-eabi/lib/armv7e-m/fpu\libc_s.a(lib_a-vfscanf_i.o)
 *(.rodata*)
 .rodata._ZN3MAL3CM47SYSTICKE
                0x08003870        0x4 src\mal\device.o
                0x08003870                MAL::CM4::SYSTICK
 .rodata._ZN3MAL3CM43SCBE
                0x08003874        0x4 src\mal\device.o
                0x08003874                MAL::CM4::SCB
 .rodata._ZN3MAL3CM47SCB_CPAE
                0x08003878        0x4 src\mal\device.o
                0x08003878                MAL::CM4::SCB_CPA
 .rodata._ZN3MAL3F3C10GPIO_PORTAE
                0x0800387c        0x4 src\mal\device.o
                0x0800387c                MAL::F3C::GPIO_PORTA
 .rodata._ZN3MAL3F3C10GPIO_PORTBE
                0x08003880        0x4 src\mal\device.o
                0x08003880                MAL::F3C::GPIO_PORTB
 .rodata._ZN3MAL3F3C10GPIO_PORTCE
                0x08003884        0x4 src\mal\device.o
                0x08003884                MAL::F3C::GPIO_PORTC
 .rodata._ZN3MAL3F3C10GPIO_PORTDE
                0x08003888        0x4 src\mal\device.o
                0x08003888                MAL::F3C::GPIO_PORTD
 .rodata._ZN3MAL3F3C10GPIO_PORTEE
                0x0800388c        0x4 src\mal\device.o
                0x0800388c                MAL::F3C::GPIO_PORTE
 .rodata._ZN3MAL3F3C10GPIO_PORTFE
                0x08003890        0x4 src\mal\device.o
                0x08003890                MAL::F3C::GPIO_PORTF
 .rodata._ZN3MAL3F3C6RCCMODE
                0x08003894        0x4 src\mal\device.o
                0x08003894                MAL::F3C::RCCMOD
 .rodata._ZN3MAL3F3C5FLASHE
                0x08003898        0x4 src\mal\device.o
                0x08003898                MAL::F3C::FLASH
 .rodata._ZN3MAL3F3C3CRCE
                0x0800389c        0x4 src\mal\device.o
                0x0800389c                MAL::F3C::CRC
 .rodata._ZZN3ASL3NMPL9fastPow10EiE11powersOfTen
                0x080038a0       0x78 src\asl\nmp.o
 .rodata.str1.1
                0x08003918        0x4 b:/program files (x86)/atollic/truestudio for arm 5.4.0/armtools/bin/../lib/gcc/arm-atollic-eabi/4.8.3/../../../../arm-atollic-eabi/lib/armv7e-m/fpu\libc_s.a(lib_a-svfscanf.o)
 .rodata.str1.1
                0x0800391c       0x1b b:/program files (x86)/atollic/truestudio for arm 5.4.0/armtools/bin/../lib/gcc/arm-atollic-eabi/4.8.3/../../../../arm-atollic-eabi/lib/armv7e-m/fpu\libc_s.a(lib_a-vfscanf_i.o)
 .rodata._ctype_
                0x08003937      0x101 b:/program files (x86)/atollic/truestudio for arm 5.4.0/armtools/bin/../lib/gcc/arm-atollic-eabi/4.8.3/../../../../arm-atollic-eabi/lib/armv7e-m/fpu\libc_s.a(lib_a-ctype_.o)
                0x08003937                _ctype_
 .rodata.__sf_fake_stdin
                0x08003a38       0x20 b:/program files (x86)/atollic/truestudio for arm 5.4.0/armtools/bin/../lib/gcc/arm-atollic-eabi/4.8.3/../../../../arm-atollic-eabi/lib/armv7e-m/fpu\libc_s.a(lib_a-findfp.o)
                0x08003a38                __sf_fake_stdin
 .rodata.__sf_fake_stdout
                0x08003a58       0x20 b:/program files (x86)/atollic/truestudio for arm 5.4.0/armtools/bin/../lib/gcc/arm-atollic-eabi/4.8.3/../../../../arm-atollic-eabi/lib/armv7e-m/fpu\libc_s.a(lib_a-findfp.o)
                0x08003a58                __sf_fake_stdout
 .rodata.__sf_fake_stderr
                0x08003a78       0x20 b:/program files (x86)/atollic/truestudio for arm 5.4.0/armtools/bin/../lib/gcc/arm-atollic-eabi/4.8.3/../../../../arm-atollic-eabi/lib/armv7e-m/fpu\libc_s.a(lib_a-findfp.o)
                0x08003a78                __sf_fake_stderr
 .rodata.str1.1
                0x08003a98        0x2 b:/program files (x86)/atollic/truestudio for arm 5.4.0/armtools/bin/../lib/gcc/arm-atollic-eabi/4.8.3/../../../../arm-atollic-eabi/lib/armv7e-m/fpu\libc_s.a(lib_a-impure.o)
                0x08003a9c                . = ALIGN (0x4)
 *fill*         0x08003a9a        0x2 

.ARM.extab
 *(.ARM.extab* .gnu.linkonce.armextab.*)

.ARM            0x08003a9c        0x8
                0x08003a9c                __exidx_start = .
 *(.ARM.exidx*)
 .ARM.exidx     0x08003a9c        0x8 b:/program files (x86)/atollic/truestudio for arm 5.4.0/armtools/bin/../lib/gcc/arm-atollic-eabi/4.8.3/armv7e-m/fpu\libgcc.a(_divdi3.o)
 .ARM.exidx     0x08003aa4        0x0 b:/program files (x86)/atollic/truestudio for arm 5.4.0/armtools/bin/../lib/gcc/arm-atollic-eabi/4.8.3/armv7e-m/fpu\libgcc.a(_udivdi3.o)
                                  0x8 (size before relaxing)
                0x08003aa4                __exidx_end = .

.preinit_array  0x08003aa4        0x0
                0x08003aa4                PROVIDE (__preinit_array_start, .)
 *(.preinit_array*)
                0x08003aa4                PROVIDE (__preinit_array_end, .)

.init_array     0x08003aa4       0x14
                0x08003aa4                PROVIDE (__init_array_start, .)
 *(SORT(.init_array.*))
 *(.init_array*)
 .init_array    0x08003aa4        0x4 b:/program files (x86)/atollic/truestudio for arm 5.4.0/armtools/bin/../lib/gcc/arm-atollic-eabi/4.8.3/armv7e-m/fpu/crtbegin.o
 .init_array    0x08003aa8        0x4 src\mal\device.o
 .init_array    0x08003aac        0x4 src\hal\gio.o
 .init_array    0x08003ab0        0x4 src\asl\stu.o
 .init_array    0x08003ab4        0x4 src\asl\nmp.o
                0x08003ab8                PROVIDE (__init_array_end, .)

.fini_array     0x08003ab8        0x4
                0x08003ab8                PROVIDE (__fini_array_start, .)
 *(SORT(.fini_array.*))
 *(.fini_array*)
 .fini_array    0x08003ab8        0x4 b:/program files (x86)/atollic/truestudio for arm 5.4.0/armtools/bin/../lib/gcc/arm-atollic-eabi/4.8.3/armv7e-m/fpu/crtbegin.o
                0x08003abc                PROVIDE (__fini_array_end, .)

.cfgdata        0x08030000      0x188
                0x08030000                . = ALIGN (0x4)
 *(.cfgdata)
 .cfgdata       0x08030000      0x188 src\apl\cfg.o
                0x08030000                APL::CFG::initLib
 *(.cfgdata*)
                0x08030188                . = ALIGN (0x4)
                0x08003abc                _sidata = LOADADDR (.data)

.rel.dyn        0x08030188        0x0
 .rel.iplt      0x00000000        0x0 b:/program files (x86)/atollic/truestudio for arm 5.4.0/armtools/bin/../lib/gcc/arm-atollic-eabi/4.8.3/armv7e-m/fpu/crtbegin.o

.data           0x20000000       0x6c load address 0x08003abc
                0x20000000                . = ALIGN (0x4)
                0x20000000                _sdata = .
 *(.data)
 .data          0x20000000        0x4 b:/program files (x86)/atollic/truestudio for arm 5.4.0/armtools/bin/../lib/gcc/arm-atollic-eabi/4.8.3/armv7e-m/fpu/crtbegin.o
                0x20000000                __dso_handle
 *(.data*)
 .data.__ctype_ptr__
                0x20000004        0x4 b:/program files (x86)/atollic/truestudio for arm 5.4.0/armtools/bin/../lib/gcc/arm-atollic-eabi/4.8.3/../../../../arm-atollic-eabi/lib/armv7e-m/fpu\libc_s.a(lib_a-ctype_.o)
                0x20000004                __ctype_ptr__
 .data.impure_data
                0x20000008       0x60 b:/program files (x86)/atollic/truestudio for arm 5.4.0/armtools/bin/../lib/gcc/arm-atollic-eabi/4.8.3/../../../../arm-atollic-eabi/lib/armv7e-m/fpu\libc_s.a(lib_a-impure.o)
 .data._impure_ptr
                0x20000068        0x4 b:/program files (x86)/atollic/truestudio for arm 5.4.0/armtools/bin/../lib/gcc/arm-atollic-eabi/4.8.3/../../../../arm-atollic-eabi/lib/armv7e-m/fpu\libc_s.a(lib_a-impure.o)
                0x20000068                _impure_ptr
                0x2000006c                . = ALIGN (0x4)
                0x2000006c                _edata = .
                0x08003b28                _siccmram = LOADADDR (.ccmram)

.igot.plt       0x2000006c        0x0 load address 0x08003b28
 .igot.plt      0x00000000        0x0 b:/program files (x86)/atollic/truestudio for arm 5.4.0/armtools/bin/../lib/gcc/arm-atollic-eabi/4.8.3/armv7e-m/fpu/crtbegin.o

.ccmram         0x10000000        0x0 load address 0x08003b28
                0x10000000                . = ALIGN (0x4)
                0x10000000                _sccmram = .
 *(.ccmram)
 *(.ccmram*)
                0x10000000                . = ALIGN (0x4)
                0x10000000                _eccmram = .
                0x10000000                . = ALIGN (0x4)

.bss            0x20000070      0x1a4
                0x20000070                _sbss = .
                0x20000070                __bss_start__ = _sbss
 *(.bss)
 .bss           0x20000070       0x1c b:/program files (x86)/atollic/truestudio for arm 5.4.0/armtools/bin/../lib/gcc/arm-atollic-eabi/4.8.3/armv7e-m/fpu/crtbegin.o
 *(.bss*)
 .bss._ZN3MAL3F3C12DMA_CHANNELSE
                0x2000008c       0x30 src\mal\device.o
                0x2000008c                MAL::F3C::DMA_CHANNELS
 *fill*         0x200000bc        0x4 
 .bss._ZL13systemTicksMs
                0x200000c0        0x8 src\hal\mcu.o
 .bss._ZN3HAL3GIOL7g_portsE
                0x200000c8       0x18 src\hal\gio.o
 .bss._ZN3HAL3DMAL6configE
                0x200000e0       0xc0 src\hal\dma.o
 .bss._ZN3HAL3CRCL6configE
                0x200001a0        0x4 src\hal\crc.o
 .bss._ZGVZN3HAL3CRC3crcENS0_17DefaultPolynomialEPKvmE3dr8
                0x200001a4        0x4 src\hal\crc.o
 .bss._ZGVZN3HAL3CRC3crcENS0_17DefaultPolynomialEPKvmE4dr16
                0x200001a8        0x4 src\hal\crc.o
 .bss._ZGVZN3HAL3CRC3crcENS0_17DefaultPolynomialEPKvmE4dr32
                0x200001ac        0x4 src\hal\crc.o
 .bss._ZZN3HAL3CRC3crcENS0_17DefaultPolynomialEPKvmE3dr8
                0x200001b0        0x4 src\hal\crc.o
 .bss._ZZN3HAL3CRC3crcENS0_17DefaultPolynomialEPKvmE4dr16
                0x200001b4        0x4 src\hal\crc.o
 .bss._ZZN3HAL3CRC3crcENS0_17DefaultPolynomialEPKvmE4dr32
                0x200001b8        0x4 src\hal\crc.o
 .bss._ZN3ASL3STUL10toAllocateE
                0x200001bc        0xc src\asl\stu.o
 .bss._ZN3ASL3STUL11activeTasksE
                0x200001c8        0xc src\asl\stu.o
 *fill*         0x200001d4        0x4 
 .bss._ZN3ASL3NMPL4dataE
                0x200001d8       0x20 src\asl\nmp.o
 .bss._ZN3APL3SSML11safetyFlagsE
                0x200001f8        0x4 src\apl\ssm.o
 .bss._ZN3APL3SSML12currentStateE
                0x200001fc        0x4 src\apl\ssm.o
 .bss.heap_end.5121
                0x20000200        0x4 b:/program files (x86)/atollic/truestudio for arm 5.4.0/armtools/bin/../lib/gcc/arm-atollic-eabi/4.8.3/../../../../arm-atollic-eabi/lib/armv7e-m/fpu\libc_s.a(lib_a-syscalls.o)
 .bss.__malloc_sbrk_start
                0x20000204        0x4 b:/program files (x86)/atollic/truestudio for arm 5.4.0/armtools/bin/../lib/gcc/arm-atollic-eabi/4.8.3/../../../../arm-atollic-eabi/lib/armv7e-m/fpu\libc_s.a(lib_a-nano-mallocr.o)
                0x20000204                __malloc_sbrk_start
 .bss.__malloc_free_list
                0x20000208        0x4 b:/program files (x86)/atollic/truestudio for arm 5.4.0/armtools/bin/../lib/gcc/arm-atollic-eabi/4.8.3/../../../../arm-atollic-eabi/lib/armv7e-m/fpu\libc_s.a(lib_a-nano-mallocr.o)
                0x20000208                __malloc_free_list
 .bss.__new_handler
                0x2000020c        0x4 b:/program files (x86)/atollic/truestudio for arm 5.4.0/armtools/bin/../lib/gcc/arm-atollic-eabi/4.8.3/../../../../arm-atollic-eabi/lib/armv7e-m/fpu\libstdc++_s.a(new_handler.o)
                0x2000020c                __new_handler
 *(COMMON)
 COMMON         0x20000210        0x4 b:/program files (x86)/atollic/truestudio for arm 5.4.0/armtools/bin/../lib/gcc/arm-atollic-eabi/4.8.3/../../../../arm-atollic-eabi/lib/armv7e-m/fpu\libc_s.a(lib_a-reent.o)
                0x20000210                errno
                0x20000214                . = ALIGN (0x4)
                0x20000214                _ebss = .
                0x20000214                __bss_end__ = _ebss

._user_heap_stack
                0x20000214      0x200
                0x20000214                . = ALIGN (0x4)
                0x20000214                PROVIDE (end, .)
                0x20000214                PROVIDE (_end, .)
                0x20000214                . = (. + _Min_Heap_Size)
                0x20000414                . = (. + _Min_Stack_Size)
 *fill*         0x20000214      0x200 
                0x20000414                . = ALIGN (0x4)

.memory_b1_text
 *(.mb1text)
 *(.mb1text*)
 *(.mb1rodata)
 *(.mb1rodata*)

/DISCARD/
 libc.a(*)
 libm.a(*)
 libgcc.a(*)

.ARM.attributes
                0x00000000       0x30
 *(.ARM.attributes)
 .ARM.attributes
                0x00000000       0x22 b:/program files (x86)/atollic/truestudio for arm 5.4.0/armtools/bin/../lib/gcc/arm-atollic-eabi/4.8.3/armv7e-m/fpu/crti.o
 .ARM.attributes
                0x00000022       0x34 b:/program files (x86)/atollic/truestudio for arm 5.4.0/armtools/bin/../lib/gcc/arm-atollic-eabi/4.8.3/armv7e-m/fpu/crtbegin.o
 .ARM.attributes
                0x00000056       0x21 src\mal\startup.o
 .ARM.attributes
                0x00000077       0x25 src\mal\ivtable.o
 .ARM.attributes
                0x0000009c       0x39 src\mal\device.o
 .ARM.attributes
                0x000000d5       0x39 src\hal\rcc.o
 .ARM.attributes
                0x0000010e       0x39 src\hal\nvc_phy.o
 .ARM.attributes
                0x00000147       0x39 src\hal\nvc.o
 .ARM.attributes
                0x00000180       0x39 src\hal\mcu.o
 .ARM.attributes
                0x000001b9       0x39 src\hal\gio.o
 .ARM.attributes
                0x000001f2       0x39 src\hal\eic.o
 .ARM.attributes
                0x0000022b       0x39 src\hal\dma.o
 .ARM.attributes
                0x00000264       0x39 src\hal\crc.o
 .ARM.attributes
                0x0000029d       0x39 src\asl\stu.o
 .ARM.attributes
                0x000002d6       0x39 src\asl\nmp.o
 .ARM.attributes
                0x0000030f       0x39 src\asl\cgm.o
 .ARM.attributes
                0x00000348       0x39 src\apl\ssm.o
 .ARM.attributes
                0x00000381       0x39 src\apl\main.o
 .ARM.attributes
                0x000003ba       0x39 src\apl\cfg.o
 .ARM.attributes
                0x000003f3       0x34 b:/program files (x86)/atollic/truestudio for arm 5.4.0/armtools/bin/../lib/gcc/arm-atollic-eabi/4.8.3/../../../../arm-atollic-eabi/lib/armv7e-m/fpu\libc_s.a(lib_a-aeabi_atexit.o)
 .ARM.attributes
                0x00000427       0x34 b:/program files (x86)/atollic/truestudio for arm 5.4.0/armtools/bin/../lib/gcc/arm-atollic-eabi/4.8.3/../../../../arm-atollic-eabi/lib/armv7e-m/fpu\libc_s.a(lib_a-cxa_atexit.o)
 .ARM.attributes
                0x0000045b       0x34 b:/program files (x86)/atollic/truestudio for arm 5.4.0/armtools/bin/../lib/gcc/arm-atollic-eabi/4.8.3/../../../../arm-atollic-eabi/lib/armv7e-m/fpu\libc_s.a(lib_a-init.o)
 .ARM.attributes
                0x0000048f       0x34 b:/program files (x86)/atollic/truestudio for arm 5.4.0/armtools/bin/../lib/gcc/arm-atollic-eabi/4.8.3/../../../../arm-atollic-eabi/lib/armv7e-m/fpu\libc_s.a(lib_a-memcmp.o)
 .ARM.attributes
                0x000004c3       0x34 b:/program files (x86)/atollic/truestudio for arm 5.4.0/armtools/bin/../lib/gcc/arm-atollic-eabi/4.8.3/../../../../arm-atollic-eabi/lib/armv7e-m/fpu\libc_s.a(lib_a-memcpy-stub.o)
 .ARM.attributes
                0x000004f7       0x34 b:/program files (x86)/atollic/truestudio for arm 5.4.0/armtools/bin/../lib/gcc/arm-atollic-eabi/4.8.3/../../../../arm-atollic-eabi/lib/armv7e-m/fpu\libc_s.a(lib_a-sscanf.o)
 .ARM.attributes
                0x0000052b       0x34 b:/program files (x86)/atollic/truestudio for arm 5.4.0/armtools/bin/../lib/gcc/arm-atollic-eabi/4.8.3/../../../../arm-atollic-eabi/lib/armv7e-m/fpu\libc_s.a(lib_a-stdio.o)
 .ARM.attributes
                0x0000055f       0x34 b:/program files (x86)/atollic/truestudio for arm 5.4.0/armtools/bin/../lib/gcc/arm-atollic-eabi/4.8.3/../../../../arm-atollic-eabi/lib/armv7e-m/fpu\libc_s.a(lib_a-strchr.o)
 .ARM.attributes
                0x00000593       0x34 b:/program files (x86)/atollic/truestudio for arm 5.4.0/armtools/bin/../lib/gcc/arm-atollic-eabi/4.8.3/../../../../arm-atollic-eabi/lib/armv7e-m/fpu\libc_s.a(lib_a-strlen.o)
 .ARM.attributes
                0x000005c7       0x34 b:/program files (x86)/atollic/truestudio for arm 5.4.0/armtools/bin/../lib/gcc/arm-atollic-eabi/4.8.3/../../../../arm-atollic-eabi/lib/armv7e-m/fpu\libc_s.a(lib_a-strtol.o)
 .ARM.attributes
                0x000005fb       0x34 b:/program files (x86)/atollic/truestudio for arm 5.4.0/armtools/bin/../lib/gcc/arm-atollic-eabi/4.8.3/../../../../arm-atollic-eabi/lib/armv7e-m/fpu\libc_s.a(lib_a-svfscanf.o)
 .ARM.attributes
                0x0000062f       0x34 b:/program files (x86)/atollic/truestudio for arm 5.4.0/armtools/bin/../lib/gcc/arm-atollic-eabi/4.8.3/../../../../arm-atollic-eabi/lib/armv7e-m/fpu\libc_s.a(lib_a-syscalls.o)
 .ARM.attributes
                0x00000663       0x34 b:/program files (x86)/atollic/truestudio for arm 5.4.0/armtools/bin/../lib/gcc/arm-atollic-eabi/4.8.3/../../../../arm-atollic-eabi/lib/armv7e-m/fpu\libc_s.a(lib_a-ungetc.o)
 .ARM.attributes
                0x00000697       0x34 b:/program files (x86)/atollic/truestudio for arm 5.4.0/armtools/bin/../lib/gcc/arm-atollic-eabi/4.8.3/../../../../arm-atollic-eabi/lib/armv7e-m/fpu\libc_s.a(lib_a-vfscanf_i.o)
 .ARM.attributes
                0x000006cb       0x34 b:/program files (x86)/atollic/truestudio for arm 5.4.0/armtools/bin/../lib/gcc/arm-atollic-eabi/4.8.3/../../../../arm-atollic-eabi/lib/armv7e-m/fpu\libc_s.a(lib_a-ctype_.o)
 .ARM.attributes
                0x000006ff       0x34 b:/program files (x86)/atollic/truestudio for arm 5.4.0/armtools/bin/../lib/gcc/arm-atollic-eabi/4.8.3/../../../../arm-atollic-eabi/lib/armv7e-m/fpu\libc_s.a(lib_a-findfp.o)
 .ARM.attributes
                0x00000733       0x34 b:/program files (x86)/atollic/truestudio for arm 5.4.0/armtools/bin/../lib/gcc/arm-atollic-eabi/4.8.3/../../../../arm-atollic-eabi/lib/armv7e-m/fpu\libc_s.a(lib_a-impure.o)
 .ARM.attributes
                0x00000767       0x34 b:/program files (x86)/atollic/truestudio for arm 5.4.0/armtools/bin/../lib/gcc/arm-atollic-eabi/4.8.3/../../../../arm-atollic-eabi/lib/armv7e-m/fpu\libc_s.a(lib_a-memchr-stub.o)
 .ARM.attributes
                0x0000079b       0x34 b:/program files (x86)/atollic/truestudio for arm 5.4.0/armtools/bin/../lib/gcc/arm-atollic-eabi/4.8.3/../../../../arm-atollic-eabi/lib/armv7e-m/fpu\libc_s.a(lib_a-nano-freer.o)
 .ARM.attributes
                0x000007cf       0x34 b:/program files (x86)/atollic/truestudio for arm 5.4.0/armtools/bin/../lib/gcc/arm-atollic-eabi/4.8.3/../../../../arm-atollic-eabi/lib/armv7e-m/fpu\libc_s.a(lib_a-nano-mallocr.o)
 .ARM.attributes
                0x00000803       0x34 b:/program files (x86)/atollic/truestudio for arm 5.4.0/armtools/bin/../lib/gcc/arm-atollic-eabi/4.8.3/../../../../arm-atollic-eabi/lib/armv7e-m/fpu\libc_s.a(lib_a-nano-reallocr.o)
 .ARM.attributes
                0x00000837       0x34 b:/program files (x86)/atollic/truestudio for arm 5.4.0/armtools/bin/../lib/gcc/arm-atollic-eabi/4.8.3/../../../../arm-atollic-eabi/lib/armv7e-m/fpu\libc_s.a(lib_a-reent.o)
 .ARM.attributes
                0x0000086b       0x34 b:/program files (x86)/atollic/truestudio for arm 5.4.0/armtools/bin/../lib/gcc/arm-atollic-eabi/4.8.3/../../../../arm-atollic-eabi/lib/armv7e-m/fpu\libc_s.a(lib_a-sbrkr.o)
 .ARM.attributes
                0x0000089f       0x34 b:/program files (x86)/atollic/truestudio for arm 5.4.0/armtools/bin/../lib/gcc/arm-atollic-eabi/4.8.3/../../../../arm-atollic-eabi/lib/armv7e-m/fpu\libc_s.a(lib_a-sccl.o)
 .ARM.attributes
                0x000008d3       0x34 b:/program files (x86)/atollic/truestudio for arm 5.4.0/armtools/bin/../lib/gcc/arm-atollic-eabi/4.8.3/../../../../arm-atollic-eabi/lib/armv7e-m/fpu\libc_s.a(lib_a-strtoul.o)
 .ARM.attributes
                0x00000907       0x34 b:/program files (x86)/atollic/truestudio for arm 5.4.0/armtools/bin/../lib/gcc/arm-atollic-eabi/4.8.3/../../../../arm-atollic-eabi/lib/armv7e-m/fpu\libc_s.a(lib_a-nano-msizer.o)
 .ARM.attributes
                0x0000093b       0x34 b:/program files (x86)/atollic/truestudio for arm 5.4.0/armtools/bin/../lib/gcc/arm-atollic-eabi/4.8.3/../../../../arm-atollic-eabi/lib/armv7e-m/fpu\libstdc++_s.a(new_opv.o)
 .ARM.attributes
                0x0000096f       0x34 b:/program files (x86)/atollic/truestudio for arm 5.4.0/armtools/bin/../lib/gcc/arm-atollic-eabi/4.8.3/../../../../arm-atollic-eabi/lib/armv7e-m/fpu\libstdc++_s.a(new_op.o)
 .ARM.attributes
                0x000009a3       0x34 b:/program files (x86)/atollic/truestudio for arm 5.4.0/armtools/bin/../lib/gcc/arm-atollic-eabi/4.8.3/../../../../arm-atollic-eabi/lib/armv7e-m/fpu\libstdc++_s.a(del_op.o)
 .ARM.attributes
                0x000009d7       0x34 b:/program files (x86)/atollic/truestudio for arm 5.4.0/armtools/bin/../lib/gcc/arm-atollic-eabi/4.8.3/../../../../arm-atollic-eabi/lib/armv7e-m/fpu\libstdc++_s.a(new_handler.o)
 .ARM.attributes
                0x00000a0b       0x34 b:/program files (x86)/atollic/truestudio for arm 5.4.0/armtools/bin/../lib/gcc/arm-atollic-eabi/4.8.3/../../../../arm-atollic-eabi/lib/armv7e-m/fpu\libc_s.a(lib_a-abort.o)
 .ARM.attributes
                0x00000a3f       0x34 b:/program files (x86)/atollic/truestudio for arm 5.4.0/armtools/bin/../lib/gcc/arm-atollic-eabi/4.8.3/../../../../arm-atollic-eabi/lib/armv7e-m/fpu\libc_s.a(lib_a-malloc.o)
 .ARM.attributes
                0x00000a73       0x34 b:/program files (x86)/atollic/truestudio for arm 5.4.0/armtools/bin/../lib/gcc/arm-atollic-eabi/4.8.3/../../../../arm-atollic-eabi/lib/armv7e-m/fpu\libc_s.a(lib_a-signal.o)
 .ARM.attributes
                0x00000aa7       0x34 b:/program files (x86)/atollic/truestudio for arm 5.4.0/armtools/bin/../lib/gcc/arm-atollic-eabi/4.8.3/../../../../arm-atollic-eabi/lib/armv7e-m/fpu\libc_s.a(lib_a-signalr.o)
 .ARM.attributes
                0x00000adb       0x22 b:/program files (x86)/atollic/truestudio for arm 5.4.0/armtools/bin/../lib/gcc/arm-atollic-eabi/4.8.3/armv7e-m/fpu\libgcc.a(_arm_addsubdf3.o)
 .ARM.attributes
                0x00000afd       0x22 b:/program files (x86)/atollic/truestudio for arm 5.4.0/armtools/bin/../lib/gcc/arm-atollic-eabi/4.8.3/armv7e-m/fpu\libgcc.a(_arm_muldivdf3.o)
 .ARM.attributes
                0x00000b1f       0x22 b:/program files (x86)/atollic/truestudio for arm 5.4.0/armtools/bin/../lib/gcc/arm-atollic-eabi/4.8.3/armv7e-m/fpu\libgcc.a(_arm_fixunsdfsi.o)
 .ARM.attributes
                0x00000b41       0x22 b:/program files (x86)/atollic/truestudio for arm 5.4.0/armtools/bin/../lib/gcc/arm-atollic-eabi/4.8.3/armv7e-m/fpu\libgcc.a(_aeabi_uldivmod.o)
 .ARM.attributes
                0x00000b63       0x34 b:/program files (x86)/atollic/truestudio for arm 5.4.0/armtools/bin/../lib/gcc/arm-atollic-eabi/4.8.3/armv7e-m/fpu\libgcc.a(bpabi.o)
 .ARM.attributes
                0x00000b97       0x22 b:/program files (x86)/atollic/truestudio for arm 5.4.0/armtools/bin/../lib/gcc/arm-atollic-eabi/4.8.3/armv7e-m/fpu\libgcc.a(_dvmd_tls.o)
 .ARM.attributes
                0x00000bb9       0x34 b:/program files (x86)/atollic/truestudio for arm 5.4.0/armtools/bin/../lib/gcc/arm-atollic-eabi/4.8.3/armv7e-m/fpu\libgcc.a(_divdi3.o)
 .ARM.attributes
                0x00000bed       0x34 b:/program files (x86)/atollic/truestudio for arm 5.4.0/armtools/bin/../lib/gcc/arm-atollic-eabi/4.8.3/armv7e-m/fpu\libgcc.a(_udivdi3.o)
 .ARM.attributes
                0x00000c21       0x22 b:/program files (x86)/atollic/truestudio for arm 5.4.0/armtools/bin/../lib/gcc/arm-atollic-eabi/4.8.3/armv7e-m/fpu/crtn.o
OUTPUT(HAB3.elf elf32-littlearm)

.debug_line     0x00000000     0x3a16
 .debug_line    0x00000000       0x74 src\mal\startup.o
 .debug_line    0x00000074      0x1ff src\mal\device.o
 .debug_line    0x00000273      0x256 src\hal\rcc.o
 .debug_line    0x000004c9      0x291 src\hal\nvc_phy.o
 .debug_line    0x0000075a      0x2d4 src\hal\nvc.o
 .debug_line    0x00000a2e      0x2ea src\hal\mcu.o
 .debug_line    0x00000d18      0x3ab src\hal\gio.o
 .debug_line    0x000010c3       0xd3 src\hal\eic.o
 .debug_line    0x00001196      0x3ef src\hal\dma.o
 .debug_line    0x00001585      0x3b0 src\hal\crc.o
 .debug_line    0x00001935     0x1003 src\asl\stu.o
 .debug_line    0x00002938      0x467 src\asl\nmp.o
 .debug_line    0x00002d9f      0x1cb src\asl\cgm.o
 .debug_line    0x00002f6a      0x236 src\apl\ssm.o
 .debug_line    0x000031a0      0x67a src\apl\main.o
 .debug_line    0x0000381a      0x1fc src\apl\cfg.o

.debug_info     0x00000000    0x1312e
 .debug_info    0x00000000       0x70 src\mal\startup.o
 .debug_info    0x00000070     0x4ba6 src\mal\device.o
 .debug_info    0x00004c16      0xfd9 src\hal\rcc.o
 .debug_info    0x00005bef      0x6b7 src\hal\nvc_phy.o
 .debug_info    0x000062a6      0x4ae src\hal\nvc.o
 .debug_info    0x00006754     0x1043 src\hal\mcu.o
 .debug_info    0x00007797      0x718 src\hal\gio.o
 .debug_info    0x00007eaf       0xbf src\hal\eic.o
 .debug_info    0x00007f6e      0x856 src\hal\dma.o
 .debug_info    0x000087c4      0x56a src\hal\crc.o
 .debug_info    0x00008d2e     0x6770 src\asl\stu.o
 .debug_info    0x0000f49e     0x14a4 src\asl\nmp.o
 .debug_info    0x00010942      0x369 src\asl\cgm.o
 .debug_info    0x00010cab      0x357 src\apl\ssm.o
 .debug_info    0x00011002     0x1c3f src\apl\main.o
 .debug_info    0x00012c41      0x4ed src\apl\cfg.o

.debug_abbrev   0x00000000     0x234d
 .debug_abbrev  0x00000000       0x12 src\mal\startup.o
 .debug_abbrev  0x00000012      0x233 src\mal\device.o
 .debug_abbrev  0x00000245      0x1ed src\hal\rcc.o
 .debug_abbrev  0x00000432      0x225 src\hal\nvc_phy.o
 .debug_abbrev  0x00000657      0x19f src\hal\nvc.o
 .debug_abbrev  0x000007f6      0x2aa src\hal\mcu.o
 .debug_abbrev  0x00000aa0      0x264 src\hal\gio.o
 .debug_abbrev  0x00000d04       0x2a src\hal\eic.o
 .debug_abbrev  0x00000d2e      0x245 src\hal\dma.o
 .debug_abbrev  0x00000f73      0x251 src\hal\crc.o
 .debug_abbrev  0x000011c4      0x69a src\asl\stu.o
 .debug_abbrev  0x0000185e      0x357 src\asl\nmp.o
 .debug_abbrev  0x00001bb5      0x12a src\asl\cgm.o
 .debug_abbrev  0x00001cdf      0x168 src\apl\ssm.o
 .debug_abbrev  0x00001e47      0x406 src\apl\main.o
 .debug_abbrev  0x0000224d      0x100 src\apl\cfg.o

.debug_aranges  0x00000000      0x880
 .debug_aranges
                0x00000000       0x28 src\mal\startup.o
 .debug_aranges
                0x00000028       0x28 src\mal\device.o
 .debug_aranges
                0x00000050       0x40 src\hal\rcc.o
 .debug_aranges
                0x00000090       0x58 src\hal\nvc_phy.o
 .debug_aranges
                0x000000e8       0x30 src\hal\nvc.o
 .debug_aranges
                0x00000118       0x70 src\hal\mcu.o
 .debug_aranges
                0x00000188       0x88 src\hal\gio.o
 .debug_aranges
                0x00000210       0x60 src\hal\eic.o
 .debug_aranges
                0x00000270       0x68 src\hal\dma.o
 .debug_aranges
                0x000002d8       0x30 src\hal\crc.o
 .debug_aranges
                0x00000308      0x450 src\asl\stu.o
 .debug_aranges
                0x00000758       0x78 src\asl\nmp.o
 .debug_aranges
                0x000007d0       0x20 src\asl\cgm.o
 .debug_aranges
                0x000007f0       0x50 src\apl\ssm.o
 .debug_aranges
                0x00000840       0x28 src\apl\main.o
 .debug_aranges
                0x00000868       0x18 src\apl\cfg.o

.debug_ranges   0x00000000      0x798
 .debug_ranges  0x00000000       0x20 src\mal\startup.o
 .debug_ranges  0x00000020       0x18 src\mal\device.o
 .debug_ranges  0x00000038       0x30 src\hal\rcc.o
 .debug_ranges  0x00000068       0x48 src\hal\nvc_phy.o
 .debug_ranges  0x000000b0       0x20 src\hal\nvc.o
 .debug_ranges  0x000000d0       0x60 src\hal\mcu.o
 .debug_ranges  0x00000130       0x78 src\hal\gio.o
 .debug_ranges  0x000001a8       0x50 src\hal\eic.o
 .debug_ranges  0x000001f8       0x58 src\hal\dma.o
 .debug_ranges  0x00000250       0x20 src\hal\crc.o
 .debug_ranges  0x00000270      0x440 src\asl\stu.o
 .debug_ranges  0x000006b0       0x80 src\asl\nmp.o
 .debug_ranges  0x00000730       0x10 src\asl\cgm.o
 .debug_ranges  0x00000740       0x40 src\apl\ssm.o
 .debug_ranges  0x00000780       0x18 src\apl\main.o

.debug_str      0x00000000     0xa86b
 .debug_str     0x00000000     0x18e3 src\mal\device.o
                               0x1a43 (size before relaxing)
 .debug_str     0x000018e3       0x9c src\hal\rcc.o
                                0x890 (size before relaxing)
 .debug_str     0x0000197f      0x1b7 src\hal\nvc_phy.o
                                0x490 (size before relaxing)
 .debug_str     0x00001b36      0x1c1 src\hal\nvc.o
                                0x433 (size before relaxing)
 .debug_str     0x00001cf7      0x1db src\hal\mcu.o
                                0x8e3 (size before relaxing)
 .debug_str     0x00001ed2      0x1bd src\hal\gio.o
                                0x543 (size before relaxing)
 .debug_str     0x0000208f       0xf3 src\hal\eic.o
                                0x21a (size before relaxing)
 .debug_str     0x00002182      0x261 src\hal\dma.o
                                0x599 (size before relaxing)
 .debug_str     0x000023e3      0x136 src\hal\crc.o
                                0x412 (size before relaxing)
 .debug_str     0x00002519     0x75c9 src\asl\stu.o
                               0x7ab2 (size before relaxing)
 .debug_str     0x00009ae2      0x6f7 src\asl\nmp.o
                                0xa62 (size before relaxing)
 .debug_str     0x0000a1d9       0x55 src\asl\cgm.o
                                0x3ef (size before relaxing)
 .debug_str     0x0000a22e      0x201 src\apl\ssm.o
                                0x466 (size before relaxing)
 .debug_str     0x0000a42f      0x429 src\apl\main.o
                               0x128c (size before relaxing)
 .debug_str     0x0000a858       0x13 src\apl\cfg.o
                                0x3ea (size before relaxing)

.comment        0x00000000       0x82
 .comment       0x00000000       0x82 src\mal\device.o
                                 0x83 (size before relaxing)
 .comment       0x00000000       0x83 src\hal\rcc.o
 .comment       0x00000000       0x83 src\hal\nvc_phy.o
 .comment       0x00000000       0x83 src\hal\nvc.o
 .comment       0x00000000       0x83 src\hal\mcu.o
 .comment       0x00000000       0x83 src\hal\gio.o
 .comment       0x00000000       0x83 src\hal\eic.o
 .comment       0x00000000       0x83 src\hal\dma.o
 .comment       0x00000000       0x83 src\hal\crc.o
 .comment       0x00000000       0x83 src\asl\stu.o
 .comment       0x00000000       0x83 src\asl\nmp.o
 .comment       0x00000000       0x83 src\asl\cgm.o
 .comment       0x00000000       0x83 src\apl\ssm.o
 .comment       0x00000000       0x83 src\apl\main.o
 .comment       0x00000000       0x83 src\apl\cfg.o

.debug_frame    0x00000000     0x2528
 .debug_frame   0x00000000       0x48 src\mal\device.o
 .debug_frame   0x00000048       0x90 src\hal\rcc.o
 .debug_frame   0x000000d8       0xe8 src\hal\nvc_phy.o
 .debug_frame   0x000001c0       0x74 src\hal\nvc.o
 .debug_frame   0x00000234      0x150 src\hal\mcu.o
 .debug_frame   0x00000384      0x1a4 src\hal\gio.o
 .debug_frame   0x00000528       0xe8 src\hal\eic.o
 .debug_frame   0x00000610      0x144 src\hal\dma.o
 .debug_frame   0x00000754       0x68 src\hal\crc.o
 .debug_frame   0x000007bc     0x1074 src\asl\stu.o
 .debug_frame   0x00001830      0x178 src\asl\nmp.o
 .debug_frame   0x000019a8       0x30 src\asl\cgm.o
 .debug_frame   0x000019d8       0xd0 src\apl\ssm.o
 .debug_frame   0x00001aa8       0x4c src\apl\main.o
 .debug_frame   0x00001af4       0x20 b:/program files (x86)/atollic/truestudio for arm 5.4.0/armtools/bin/../lib/gcc/arm-atollic-eabi/4.8.3/../../../../arm-atollic-eabi/lib/armv7e-m/fpu\libc_s.a(lib_a-aeabi_atexit.o)
 .debug_frame   0x00001b14       0x2c b:/program files (x86)/atollic/truestudio for arm 5.4.0/armtools/bin/../lib/gcc/arm-atollic-eabi/4.8.3/../../../../arm-atollic-eabi/lib/armv7e-m/fpu\libc_s.a(lib_a-cxa_atexit.o)
 .debug_frame   0x00001b40       0x2c b:/program files (x86)/atollic/truestudio for arm 5.4.0/armtools/bin/../lib/gcc/arm-atollic-eabi/4.8.3/../../../../arm-atollic-eabi/lib/armv7e-m/fpu\libc_s.a(lib_a-init.o)
 .debug_frame   0x00001b6c       0x2c b:/program files (x86)/atollic/truestudio for arm 5.4.0/armtools/bin/../lib/gcc/arm-atollic-eabi/4.8.3/../../../../arm-atollic-eabi/lib/armv7e-m/fpu\libc_s.a(lib_a-memcmp.o)
 .debug_frame   0x00001b98       0x28 b:/program files (x86)/atollic/truestudio for arm 5.4.0/armtools/bin/../lib/gcc/arm-atollic-eabi/4.8.3/../../../../arm-atollic-eabi/lib/armv7e-m/fpu\libc_s.a(lib_a-memcpy-stub.o)
 .debug_frame   0x00001bc0       0x60 b:/program files (x86)/atollic/truestudio for arm 5.4.0/armtools/bin/../lib/gcc/arm-atollic-eabi/4.8.3/../../../../arm-atollic-eabi/lib/armv7e-m/fpu\libc_s.a(lib_a-sscanf.o)
 .debug_frame   0x00001c20       0x80 b:/program files (x86)/atollic/truestudio for arm 5.4.0/armtools/bin/../lib/gcc/arm-atollic-eabi/4.8.3/../../../../arm-atollic-eabi/lib/armv7e-m/fpu\libc_s.a(lib_a-stdio.o)
 .debug_frame   0x00001ca0       0x20 b:/program files (x86)/atollic/truestudio for arm 5.4.0/armtools/bin/../lib/gcc/arm-atollic-eabi/4.8.3/../../../../arm-atollic-eabi/lib/armv7e-m/fpu\libc_s.a(lib_a-strchr.o)
 .debug_frame   0x00001cc0       0x20 b:/program files (x86)/atollic/truestudio for arm 5.4.0/armtools/bin/../lib/gcc/arm-atollic-eabi/4.8.3/../../../../arm-atollic-eabi/lib/armv7e-m/fpu\libc_s.a(lib_a-strlen.o)
 .debug_frame   0x00001ce0       0x54 b:/program files (x86)/atollic/truestudio for arm 5.4.0/armtools/bin/../lib/gcc/arm-atollic-eabi/4.8.3/../../../../arm-atollic-eabi/lib/armv7e-m/fpu\libc_s.a(lib_a-strtol.o)
 .debug_frame   0x00001d34       0x6c b:/program files (x86)/atollic/truestudio for arm 5.4.0/armtools/bin/../lib/gcc/arm-atollic-eabi/4.8.3/../../../../arm-atollic-eabi/lib/armv7e-m/fpu\libc_s.a(lib_a-svfscanf.o)
 .debug_frame   0x00001da0      0x14c b:/program files (x86)/atollic/truestudio for arm 5.4.0/armtools/bin/../lib/gcc/arm-atollic-eabi/4.8.3/../../../../arm-atollic-eabi/lib/armv7e-m/fpu\libc_s.a(lib_a-syscalls.o)
 .debug_frame   0x00001eec       0x5c b:/program files (x86)/atollic/truestudio for arm 5.4.0/armtools/bin/../lib/gcc/arm-atollic-eabi/4.8.3/../../../../arm-atollic-eabi/lib/armv7e-m/fpu\libc_s.a(lib_a-ungetc.o)
 .debug_frame   0x00001f48       0x58 b:/program files (x86)/atollic/truestudio for arm 5.4.0/armtools/bin/../lib/gcc/arm-atollic-eabi/4.8.3/../../../../arm-atollic-eabi/lib/armv7e-m/fpu\libc_s.a(lib_a-vfscanf_i.o)
 .debug_frame   0x00001fa0      0x12c b:/program files (x86)/atollic/truestudio for arm 5.4.0/armtools/bin/../lib/gcc/arm-atollic-eabi/4.8.3/../../../../arm-atollic-eabi/lib/armv7e-m/fpu\libc_s.a(lib_a-findfp.o)
 .debug_frame   0x000020cc       0x28 b:/program files (x86)/atollic/truestudio for arm 5.4.0/armtools/bin/../lib/gcc/arm-atollic-eabi/4.8.3/../../../../arm-atollic-eabi/lib/armv7e-m/fpu\libc_s.a(lib_a-memchr-stub.o)
 .debug_frame   0x000020f4       0x2c b:/program files (x86)/atollic/truestudio for arm 5.4.0/armtools/bin/../lib/gcc/arm-atollic-eabi/4.8.3/../../../../arm-atollic-eabi/lib/armv7e-m/fpu\libc_s.a(lib_a-nano-freer.o)
 .debug_frame   0x00002120       0x2c b:/program files (x86)/atollic/truestudio for arm 5.4.0/armtools/bin/../lib/gcc/arm-atollic-eabi/4.8.3/../../../../arm-atollic-eabi/lib/armv7e-m/fpu\libc_s.a(lib_a-nano-mallocr.o)
 .debug_frame   0x0000214c       0x30 b:/program files (x86)/atollic/truestudio for arm 5.4.0/armtools/bin/../lib/gcc/arm-atollic-eabi/4.8.3/../../../../arm-atollic-eabi/lib/armv7e-m/fpu\libc_s.a(lib_a-nano-reallocr.o)
 .debug_frame   0x0000217c       0x48 b:/program files (x86)/atollic/truestudio for arm 5.4.0/armtools/bin/../lib/gcc/arm-atollic-eabi/4.8.3/../../../../arm-atollic-eabi/lib/armv7e-m/fpu\libc_s.a(lib_a-reent.o)
 .debug_frame   0x000021c4       0x2c b:/program files (x86)/atollic/truestudio for arm 5.4.0/armtools/bin/../lib/gcc/arm-atollic-eabi/4.8.3/../../../../arm-atollic-eabi/lib/armv7e-m/fpu\libc_s.a(lib_a-sbrkr.o)
 .debug_frame   0x000021f0       0x30 b:/program files (x86)/atollic/truestudio for arm 5.4.0/armtools/bin/../lib/gcc/arm-atollic-eabi/4.8.3/../../../../arm-atollic-eabi/lib/armv7e-m/fpu\libc_s.a(lib_a-sccl.o)
 .debug_frame   0x00002220       0x54 b:/program files (x86)/atollic/truestudio for arm 5.4.0/armtools/bin/../lib/gcc/arm-atollic-eabi/4.8.3/../../../../arm-atollic-eabi/lib/armv7e-m/fpu\libc_s.a(lib_a-strtoul.o)
 .debug_frame   0x00002274       0x20 b:/program files (x86)/atollic/truestudio for arm 5.4.0/armtools/bin/../lib/gcc/arm-atollic-eabi/4.8.3/../../../../arm-atollic-eabi/lib/armv7e-m/fpu\libc_s.a(lib_a-nano-msizer.o)
 .debug_frame   0x00002294       0x20 b:/program files (x86)/atollic/truestudio for arm 5.4.0/armtools/bin/../lib/gcc/arm-atollic-eabi/4.8.3/../../../../arm-atollic-eabi/lib/armv7e-m/fpu\libstdc++_s.a(new_opv.o)
 .debug_frame   0x000022b4       0x28 b:/program files (x86)/atollic/truestudio for arm 5.4.0/armtools/bin/../lib/gcc/arm-atollic-eabi/4.8.3/../../../../arm-atollic-eabi/lib/armv7e-m/fpu\libstdc++_s.a(new_op.o)
 .debug_frame   0x000022dc       0x20 b:/program files (x86)/atollic/truestudio for arm 5.4.0/armtools/bin/../lib/gcc/arm-atollic-eabi/4.8.3/../../../../arm-atollic-eabi/lib/armv7e-m/fpu\libstdc++_s.a(del_op.o)
 .debug_frame   0x000022fc       0x20 b:/program files (x86)/atollic/truestudio for arm 5.4.0/armtools/bin/../lib/gcc/arm-atollic-eabi/4.8.3/../../../../arm-atollic-eabi/lib/armv7e-m/fpu\libstdc++_s.a(new_handler.o)
 .debug_frame   0x0000231c       0x28 b:/program files (x86)/atollic/truestudio for arm 5.4.0/armtools/bin/../lib/gcc/arm-atollic-eabi/4.8.3/../../../../arm-atollic-eabi/lib/armv7e-m/fpu\libc_s.a(lib_a-abort.o)
 .debug_frame   0x00002344       0x30 b:/program files (x86)/atollic/truestudio for arm 5.4.0/armtools/bin/../lib/gcc/arm-atollic-eabi/4.8.3/../../../../arm-atollic-eabi/lib/armv7e-m/fpu\libc_s.a(lib_a-malloc.o)
 .debug_frame   0x00002374       0xc0 b:/program files (x86)/atollic/truestudio for arm 5.4.0/armtools/bin/../lib/gcc/arm-atollic-eabi/4.8.3/../../../../arm-atollic-eabi/lib/armv7e-m/fpu\libc_s.a(lib_a-signal.o)
 .debug_frame   0x00002434       0x3c b:/program files (x86)/atollic/truestudio for arm 5.4.0/armtools/bin/../lib/gcc/arm-atollic-eabi/4.8.3/../../../../arm-atollic-eabi/lib/armv7e-m/fpu\libc_s.a(lib_a-signalr.o)
 .debug_frame   0x00002470       0x50 b:/program files (x86)/atollic/truestudio for arm 5.4.0/armtools/bin/../lib/gcc/arm-atollic-eabi/4.8.3/armv7e-m/fpu\libgcc.a(bpabi.o)
 .debug_frame   0x000024c0       0x34 b:/program files (x86)/atollic/truestudio for arm 5.4.0/armtools/bin/../lib/gcc/arm-atollic-eabi/4.8.3/armv7e-m/fpu\libgcc.a(_divdi3.o)
 .debug_frame   0x000024f4       0x34 b:/program files (x86)/atollic/truestudio for arm 5.4.0/armtools/bin/../lib/gcc/arm-atollic-eabi/4.8.3/armv7e-m/fpu\libgcc.a(_udivdi3.o)

Cross Reference Table

Symbol                                            File
APL::CFG::initLib                                 src\apl\cfg.o
                                                  src\apl\main.o
APL::SSM::checkHotStart()                         src\apl\ssm.o
                                                  src\apl\main.o
APL::SSM::clearCondition(APL::SSM::Fault)         src\apl\ssm.o
                                                  src\apl\main.o
APL::SSM::getSafetyCondition()                    src\apl\ssm.o
APL::SSM::getState()                              src\apl\ssm.o
                                                  src\apl\main.o
APL::SSM::init()                                  src\apl\ssm.o
                                                  src\apl\main.o
APL::SSM::raiseCondition(APL::SSM::Fault)         src\apl\ssm.o
                                                  src\hal\dma.o
APL::SSM::reviewState()                           src\apl\ssm.o
ASL::ADM::Channel::Channel(int, unsigned long)    src\asl\adm.o
ASL::ADM::Channel::Channel(int, unsigned long)    src\asl\adm.o
ASL::ADM::Channel::configure(ASL::ADM::Operation, unsigned long, long) src\asl\adm.o
ASL::ADM::Channel::getConstant()                  src\asl\adm.o
ASL::ADM::Channel::getEnable()                    src\asl\adm.o
ASL::ADM::Channel::getMultiplier()                src\asl\adm.o
ASL::ADM::Channel::getOperation()                 src\asl\adm.o
ASL::ADM::Channel::getValue()                     src\asl\adm.o
ASL::ADM::Channel::setEnable(bool)                src\asl\adm.o
ASL::ADM::configureModule()                       src\asl\adm.o
ASL::ADM::getChannelRef(unsigned long, unsigned long) src\asl\adm.o
ASL::ADM::setSample(ASL::ADM::Channel&, unsigned long) src\asl\adm.o
ASL::CGM::configure(ASL::CGM::InitStruct const&)  src\asl\cgm.o
                                                  src\apl\main.o
ASL::NMP::GpsData::GpsData()                      src\asl\nmp.o
ASL::NMP::GpsData::GpsData()                      src\asl\nmp.o
ASL::NMP::configure(ASL::NMP::InitStruct&)        src\asl\nmp.o
ASL::NMP::decode(char const*)                     src\asl\nmp.o
ASL::NMP::get()                                   src\asl\nmp.o
ASL::NMP::getReference()                          src\asl\nmp.o
ASL::NMP::test()                                  src\asl\nmp.o
                                                  src\apl\main.o
ASL::ROP::RadioOutputData_t::~RadioOutputData_t() src\asl\rop.o
ASL::ROP::RadioOutputData_t::~RadioOutputData_t() src\asl\rop.o
ASL::ROP::enable()                                src\asl\rop.o
ASL::ROP::startTransmit(ASL::ROP::RadioOutputData_t&) src\asl\rop.o
ASL::ROP::test()                                  src\asl\rop.o
ASL::ROP::transmitNext()                          src\asl\rop.o
ASL::STU::TaskData_t&& std::forward<ASL::STU::TaskData_t>(std::remove_reference<ASL::STU::TaskData_t>::type&) src\asl\stu.o
ASL::STU::TaskData_t* std::__copy_move<true, true, std::random_access_iterator_tag>::__copy_m<ASL::STU::TaskData_t>(ASL::STU::TaskData_t const*, ASL::STU::TaskData_t const*, ASL::STU::TaskData_t*) src\asl\stu.o
ASL::STU::TaskData_t* std::__copy_move_a2<true, ASL::STU::TaskData_t*, ASL::STU::TaskData_t*>(ASL::STU::TaskData_t*, ASL::STU::TaskData_t*, ASL::STU::TaskData_t*) src\asl\stu.o
ASL::STU::TaskData_t* std::__copy_move_a<true, ASL::STU::TaskData_t*, ASL::STU::TaskData_t*>(ASL::STU::TaskData_t*, ASL::STU::TaskData_t*, ASL::STU::TaskData_t*) src\asl\stu.o
ASL::STU::TaskData_t* std::__uninitialized_copy<true>::__uninit_copy<std::move_iterator<ASL::STU::TaskData_t*>, ASL::STU::TaskData_t*>(std::move_iterator<ASL::STU::TaskData_t*>, std::move_iterator<ASL::STU::TaskData_t*>, ASL::STU::TaskData_t*) src\asl\stu.o
ASL::STU::TaskData_t* std::__uninitialized_copy_a<std::move_iterator<ASL::STU::TaskData_t*>, ASL::STU::TaskData_t*, ASL::STU::TaskData_t>(std::move_iterator<ASL::STU::TaskData_t*>, std::move_iterator<ASL::STU::TaskData_t*>, ASL::STU::TaskData_t*, std::allocator<ASL::STU::TaskData_t>&) src\asl\stu.o
ASL::STU::TaskData_t* std::__uninitialized_move_if_noexcept_a<ASL::STU::TaskData_t*, ASL::STU::TaskData_t*, std::allocator<ASL::STU::TaskData_t> >(ASL::STU::TaskData_t*, ASL::STU::TaskData_t*, ASL::STU::TaskData_t*, std::allocator<ASL::STU::TaskData_t>&) src\asl\stu.o
ASL::STU::TaskData_t* std::copy<std::move_iterator<ASL::STU::TaskData_t*>, ASL::STU::TaskData_t*>(std::move_iterator<ASL::STU::TaskData_t*>, std::move_iterator<ASL::STU::TaskData_t*>, ASL::STU::TaskData_t*) src\asl\stu.o
ASL::STU::TaskData_t* std::uninitialized_copy<std::move_iterator<ASL::STU::TaskData_t*>, ASL::STU::TaskData_t*>(std::move_iterator<ASL::STU::TaskData_t*>, std::move_iterator<ASL::STU::TaskData_t*>, ASL::STU::TaskData_t*) src\asl\stu.o
ASL::STU::cancelAllTasks()                        src\asl\stu.o
ASL::STU::cancelTask(unsigned long)               src\asl\stu.o
ASL::STU::registerTask(unsigned long (*)(unsigned long), unsigned long) src\asl\stu.o
Default_Handler                                   src\mal\startup.o
                                                  src\mal\ivtable.o
HAL::CRC::configure(HAL::CRC::InitStruct const&)  src\hal\crc.o
                                                  src\asl\cgm.o
HAL::CRC::crc(HAL::CRC::DefaultPolynomial, void const*, unsigned long) src\hal\crc.o
                                                  src\asl\rop.o
                                                  src\hal\nvc.o
HAL::CRC::test()                                  src\hal\crc.o
                                                  src\apl\main.o
HAL::DAC::DUAL::activateDMA()                     src\hal\dac.o
HAL::DAC::DUAL::enable(bool)                      src\hal\dac.o
HAL::DAC::DUAL::setData(unsigned long)            src\hal\dac.o
HAL::DAC::SINGLE::disable()                       src\hal\dac.o
HAL::DAC::SINGLE::enable()                        src\hal\dac.o
                                                  src\asl\rop.o
HAL::DAC::SINGLE::setData(unsigned short)         src\hal\dac.o
                                                  src\asl\rop.o
HAL::DAC::SINGLE::startDMA(unsigned short*, unsigned short) src\hal\dac.o
HAL::DAC::SINGLE::swTrigger()                     src\hal\dac.o
HAL::DAC::configure(HAL::DAC::Trigger, bool, bool) src\hal\dac.o
                                                  src\asl\rop.o
HAL::DMA::configure(HAL::DMA::InitStruct const&)  src\hal\dma.o
                                                  src\asl\cgm.o
HAL::DMA::configureSource(HAL::DMA::Source, void*) src\hal\dma.o
HAL::DMA::configureSource(HAL::DMA::Source, void*, void volatile*) src\hal\dma.o
                                                  src\hal\dac.o
HAL::DMA::enableSource(HAL::DMA::Source, unsigned long) src\hal\dma.o
                                                  src\hal\dac.o
HAL::DMA::startM2M(HAL::DMA::Source, void*, void*, unsigned long) src\hal\dma.o
HAL::DMA::test()                                  src\hal\dma.o
                                                  src\apl\main.o
HAL::GIO::configure(HAL::GIO::InitStruct const&)  src\hal\gio.o
                                                  src\asl\cgm.o
HAL::GIO::get(HAL::GIO::Port, unsigned long)      src\hal\gio.o
                                                  src\apl\ssm.o
HAL::GIO::reset(HAL::GIO::Port, unsigned long)    src\hal\gio.o
                                                  src\apl\ssm.o
                                                  src\asl\rop.o
HAL::GIO::set(HAL::GIO::Port, unsigned long)      src\hal\gio.o
                                                  src\apl\ssm.o
                                                  src\asl\rop.o
HAL::GIO::setPort(HAL::GIO::Port, unsigned short) src\hal\gio.o
HAL::GIO::toggle(HAL::GIO::Port, unsigned long)   src\hal\gio.o
                                                  src\apl\main.o
                                                  src\hal\mcu.o
HAL::MCU::ResumeTick()                            src\hal\mcu.o
HAL::MCU::SuspendTick()                           src\hal\mcu.o
HAL::MCU::delayMicroseconds(unsigned long)        src\hal\mcu.o
                                                  src\hal\usb.o
HAL::MCU::delayTicks(unsigned long)               src\hal\mcu.o
                                                  src\apl\main.o
                                                  src\asl\rop.o
                                                  src\hal\usb.o
HAL::MCU::delayUntil(bool (*)())                  src\hal\mcu.o
                                                  src\hal\rcc.o
HAL::MCU::delayWhile(bool (*)())                  src\hal\mcu.o
                                                  src\hal\nvc_phy.o
HAL::MCU::getMicroseconds()                       src\hal\mcu.o
                                                  src\asl\stu.o
HAL::MCU::getTicks()                              src\hal\mcu.o
HAL::MCU::init()                                  src\hal\mcu.o
                                                  src\apl\main.o
HAL::NVC::PHY::erasePage(void*)                   src\hal\nvc_phy.o
                                                  src\hal\nvc.o
HAL::NVC::PHY::isBusy()                           src\hal\nvc_phy.o
HAL::NVC::PHY::lock()                             src\hal\nvc_phy.o
                                                  src\hal\nvc.o
HAL::NVC::PHY::program(void*, unsigned short)     src\hal\nvc_phy.o
                                                  src\hal\nvc.o
HAL::NVC::PHY::unlock()                           src\hal\nvc_phy.o
                                                  src\hal\nvc.o
HAL::NVC::PHY::verify(void*, unsigned short)      src\hal\nvc_phy.o
HAL::NVC::PHY::verifyBlock(void*, void*, unsigned long) src\hal\nvc_phy.o
                                                  src\hal\nvc.o
HAL::NVC::read(void*, HAL::NVC::RecordHeader_t*, unsigned long) src\hal\nvc.o
HAL::NVC::test()                                  src\hal\nvc.o
                                                  src\apl\main.o
HAL::NVC::write(HAL::NVC::RecordHeader_t*, void*) src\hal\nvc.o
HAL::RCCM::getSystemClock()                       src\hal\rcc.o
                                                  src\hal\mcu.o
HAL::RCCM::initClocks()                           src\hal\rcc.o
                                                  src\apl\main.o
HAL::USB::init()                                  src\hal\usb.o
HAL::USI::test()                                  src\hal\usi.o
HAL_EIC_BusFault_Handler                          src\hal\eic.o
HAL_EIC_DebugMon_Handler                          src\hal\eic.o
HAL_EIC_DefaultInterruptHandler                   src\hal\eic.o
                                                  src\mal\startup.o
HAL_EIC_EXTI0_Handler                             src\hal\gio.o
                                                  src\mal\ivtable.o
HAL_EIC_HardFault_Handler                         src\hal\eic.o
HAL_EIC_MemManage_Handler                         src\hal\eic.o
HAL_EIC_NMI_Handler                               src\hal\eic.o
                                                  src\mal\ivtable.o
HAL_EIC_PendSV_Handler                            src\hal\eic.o
HAL_EIC_SVC_Handler                               src\hal\eic.o
HAL_EIC_UsageFault_Handler                        src\hal\eic.o
HAL_MCU_IncrementTicks                            src\hal\mcu.o
                                                  src\mal\ivtable.o
MAL::CM4::SCB                                     src\mal\device.o
                                                  src\hal\mcu.o
MAL::CM4::SCB_CPA                                 src\mal\device.o
                                                  src\hal\mcu.o
MAL::CM4::SCB_FPU                                 src\mal\device.o
MAL::CM4::SYSTICK                                 src\mal\device.o
                                                  src\hal\mcu.o
MAL::F3C::CRC                                     src\mal\device.o
                                                  src\hal\crc.o
MAL::F3C::DAC                                     src\mal\device.o
                                                  src\hal\dac.o
MAL::F3C::DMA1                                    src\mal\device.o
MAL::F3C::DMA1_CH1                                src\mal\device.o
MAL::F3C::DMA1_CH2                                src\mal\device.o
MAL::F3C::DMA1_CH3                                src\mal\device.o
MAL::F3C::DMA1_CH4                                src\mal\device.o
MAL::F3C::DMA1_CH5                                src\mal\device.o
MAL::F3C::DMA1_CH6                                src\mal\device.o
MAL::F3C::DMA1_CH7                                src\mal\device.o
MAL::F3C::DMA2                                    src\mal\device.o
MAL::F3C::DMA2_CH1                                src\mal\device.o
MAL::F3C::DMA2_CH2                                src\mal\device.o
MAL::F3C::DMA2_CH3                                src\mal\device.o
MAL::F3C::DMA2_CH4                                src\mal\device.o
MAL::F3C::DMA2_CH5                                src\mal\device.o
MAL::F3C::DMA_CHANNELS                            src\mal\device.o
                                                  src\hal\dma.o
MAL::F3C::FLASH                                   src\mal\device.o
                                                  src\hal\mcu.o
                                                  src\hal\nvc_phy.o
                                                  src\hal\rcc.o
MAL::F3C::GPIO_PORTA                              src\mal\device.o
                                                  src\hal\gio.o
MAL::F3C::GPIO_PORTB                              src\mal\device.o
                                                  src\hal\gio.o
MAL::F3C::GPIO_PORTC                              src\mal\device.o
                                                  src\hal\gio.o
MAL::F3C::GPIO_PORTD                              src\mal\device.o
                                                  src\hal\gio.o
MAL::F3C::GPIO_PORTE                              src\mal\device.o
                                                  src\hal\gio.o
MAL::F3C::GPIO_PORTF                              src\mal\device.o
                                                  src\hal\gio.o
MAL::F3C::RCCMOD                                  src\mal\device.o
                                                  src\hal\rcc.o
MAL::F3C::TIM1                                    src\mal\device.o
MAL::F3C::TIM6                                    src\mal\device.o
MAL::F3C::TIM8                                    src\mal\device.o
MAL::F3C::USART1                                  src\mal\device.o
MAL::F3C::USART2                                  src\mal\device.o
MAL::F3C::USART3                                  src\mal\device.o
MAL::F3C::USART4                                  src\mal\device.o
MAL::F3C::USART5                                  src\mal\device.o
MAL::F3C::USB                                     src\mal\device.o
                                                  src\hal\usb.o
Reset_Handler                                     src\mal\startup.o
                                                  src\mal\ivtable.o
SystemInit                                        src\hal\mcu.o
                                                  src\mal\startup.o
_ZN9__gnu_cxx13new_allocatorIN3ASL3STU10TaskData_tEE9constructIS3_IS3_EEEvPT_DpOT0_ src\asl\stu.o